# run 2026-10-09 00:03:13 mode=exact files=['F44_11-xx-yy.json', 'F44_gram.json', 'D44_11-xx-yy.json', 'M44_11-xx-yy.json', 'F34m_11-xx-yy.json', 'D34m_11-xx-yy.json', 'M34m_11-xx-yy.json', 'F64_11-xx-yy.json', 'P44.json', 'F24_11-xx-yy.json', 'F42_11-xx-yy.json']
  F44_11-xx-yy.json d=2 generic        identity=ok Im f=0:True f>=0:True all parts>=0:True |f-SOS|/scale=0.00e+00 f/scale=1.699e-01 min part/scale=7.023e-07 (0.1s)
  F44_11-xx-yy.json d=2 spread         identity=ok Im f=0:True f>=0:True all parts>=0:True |f-SOS|/scale=0.00e+00 f/scale=9.391e-01 min part/scale=1.035e-24 (0.1s)
  F44_11-xx-yy.json d=2 singular       identity=ok Im f=0:True f>=0:True all parts>=0:True |f-SOS|/scale=0.00e+00 f/scale=7.775e-01 min part/scale=0.000e+00 (0.1s)
  F44_11-xx-yy.json d=2 degenerate     identity=ok Im f=0:True f>=0:True all parts>=0:True |f-SOS|/scale=0.00e+00 f/scale=7.472e-01 min part/scale=1.209e-06 (0.1s)
  F44_11-xx-yy.json d=2 near_singular  identity=ok Im f=0:True f>=0:True all parts>=0:True |f-SOS|/scale=0.00e+00 f/scale=2.838e-01 min part/scale=9.859e-27 (0.1s)
  F44_11-xx-yy.json d=3 generic        identity=ok Im f=0:True f>=0:True all parts>=0:True |f-SOS|/scale=0.00e+00 f/scale=4.195e-01 min part/scale=2.403e-06 (0.1s)
  F44_11-xx-yy.json d=3 spread         identity=ok Im f=0:True f>=0:True all parts>=0:True |f-SOS|/scale=0.00e+00 f/scale=9.858e-01 min part/scale=3.613e-13 (0.1s)
  F44_11-xx-yy.json d=3 singular       identity=ok Im f=0:True f>=0:True all parts>=0:True |f-SOS|/scale=0.00e+00 f/scale=9.201e-01 min part/scale=0.000e+00 (0.1s)
  F44_11-xx-yy.json d=3 degenerate     identity=ok Im f=0:True f>=0:True all parts>=0:True |f-SOS|/scale=0.00e+00 f/scale=9.343e-02 min part/scale=2.418e-08 (0.1s)
  F44_11-xx-yy.json d=3 near_singular  identity=ok Im f=0:True f>=0:True all parts>=0:True |f-SOS|/scale=0.00e+00 f/scale=2.917e-01 min part/scale=3.018e-12 (0.1s)
  F44_11-xx-yy.json d=4 generic        identity=ok Im f=0:True f>=0:True all parts>=0:True |f-SOS|/scale=0.00e+00 f/scale=6.472e-02 min part/scale=3.566e-07 (0.1s)
  F44_11-xx-yy.json d=4 spread         identity=ok Im f=0:True f>=0:True all parts>=0:True |f-SOS|/scale=0.00e+00 f/scale=7.685e-01 min part/scale=1.066e-10 (0.1s)
  F44_11-xx-yy.json d=4 singular       identity=ok Im f=0:True f>=0:True all parts>=0:True |f-SOS|/scale=0.00e+00 f/scale=1.622e-01 min part/scale=0.000e+00 (0.1s)
  F44_11-xx-yy.json d=4 degenerate     identity=ok Im f=0:True f>=0:True all parts>=0:True |f-SOS|/scale=0.00e+00 f/scale=5.247e-02 min part/scale=3.257e-10 (0.1s)
  F44_11-xx-yy.json d=4 near_singular  identity=ok Im f=0:True f>=0:True all parts>=0:True |f-SOS|/scale=0.00e+00 f/scale=8.422e-02 min part/scale=6.124e-06 (0.1s)
  F44_11-xx-yy.json d=5 generic        identity=ok Im f=0:True f>=0:True all parts>=0:True |f-SOS|/scale=0.00e+00 f/scale=1.238e-01 min part/scale=9.183e-07 (0.1s)
  F44_11-xx-yy.json d=5 spread         identity=ok Im f=0:True f>=0:True all parts>=0:True |f-SOS|/scale=0.00e+00 f/scale=9.945e-01 min part/scale=1.839e-09 (0.1s)
  F44_11-xx-yy.json d=5 singular       identity=ok Im f=0:True f>=0:True all parts>=0:True |f-SOS|/scale=0.00e+00 f/scale=6.045e-01 min part/scale=0.000e+00 (0.1s)
  F44_11-xx-yy.json d=5 degenerate     identity=ok Im f=0:True f>=0:True all parts>=0:True |f-SOS|/scale=0.00e+00 f/scale=7.335e-01 min part/scale=1.221e-06 (0.1s)
  F44_11-xx-yy.json d=5 near_singular  identity=ok Im f=0:True f>=0:True all parts>=0:True |f-SOS|/scale=0.00e+00 f/scale=4.004e-01 min part/scale=1.697e-05 (0.1s)
  F44_11-xx-yy.json d=6 generic        identity=ok Im f=0:True f>=0:True all parts>=0:True |f-SOS|/scale=0.00e+00 f/scale=5.491e-02 min part/scale=2.789e-07 (0.1s)
  F44_11-xx-yy.json d=6 spread         identity=ok Im f=0:True f>=0:True all parts>=0:True |f-SOS|/scale=0.00e+00 f/scale=7.262e-01 min part/scale=2.423e-09 (0.1s)
  F44_11-xx-yy.json d=6 singular       identity=ok Im f=0:True f>=0:True all parts>=0:True |f-SOS|/scale=0.00e+00 f/scale=8.087e-01 min part/scale=0.000e+00 (0.1s)
  F44_11-xx-yy.json d=6 degenerate     identity=ok Im f=0:True f>=0:True all parts>=0:True |f-SOS|/scale=0.00e+00 f/scale=2.157e-01 min part/scale=2.523e-07 (0.1s)
  F44_11-xx-yy.json d=6 near_singular  identity=ok Im f=0:True f>=0:True all parts>=0:True |f-SOS|/scale=0.00e+00 f/scale=6.027e-01 min part/scale=8.022e-06 (0.1s)
  F44_11-xx-yy.json d=7 generic        identity=ok Im f=0:True f>=0:True all parts>=0:True |f-SOS|/scale=0.00e+00 f/scale=4.907e-02 min part/scale=1.605e-06 (0.2s)
  F44_11-xx-yy.json d=7 spread         identity=ok Im f=0:True f>=0:True all parts>=0:True |f-SOS|/scale=0.00e+00 f/scale=9.813e-01 min part/scale=2.204e-08 (0.2s)
  F44_11-xx-yy.json d=7 singular       identity=ok Im f=0:True f>=0:True all parts>=0:True |f-SOS|/scale=0.00e+00 f/scale=7.784e-01 min part/scale=0.000e+00 (0.2s)
  F44_11-xx-yy.json d=7 degenerate     identity=ok Im f=0:True f>=0:True all parts>=0:True |f-SOS|/scale=0.00e+00 f/scale=2.398e-01 min part/scale=1.044e-07 (0.2s)
  F44_11-xx-yy.json d=7 near_singular  identity=ok Im f=0:True f>=0:True all parts>=0:True |f-SOS|/scale=0.00e+00 f/scale=1.456e-01 min part/scale=7.165e-06 (0.2s)
  F44_11-xx-yy.json d=8 generic        identity=ok Im f=0:True f>=0:True all parts>=0:True |f-SOS|/scale=0.00e+00 f/scale=1.124e-01 min part/scale=2.738e-06 (0.2s)
  F44_11-xx-yy.json d=8 spread         identity=ok Im f=0:True f>=0:True all parts>=0:True |f-SOS|/scale=0.00e+00 f/scale=9.995e-01 min part/scale=1.732e-10 (0.3s)
  F44_11-xx-yy.json d=8 singular       identity=ok Im f=0:True f>=0:True all parts>=0:True |f-SOS|/scale=0.00e+00 f/scale=6.111e-01 min part/scale=0.000e+00 (0.2s)
  F44_11-xx-yy.json d=8 degenerate     identity=ok Im f=0:True f>=0:True all parts>=0:True |f-SOS|/scale=0.00e+00 f/scale=5.525e-01 min part/scale=1.583e-07 (0.2s)
  F44_11-xx-yy.json d=8 near_singular  identity=ok Im f=0:True f>=0:True all parts>=0:True |f-SOS|/scale=0.00e+00 f/scale=2.753e-01 min part/scale=5.561e-06 (0.3s)
== F44_11-xx-yy.json [exact]: 35/35 samples pass; worst |f-SOS|/scale 0.00e+00; min f/scale 4.907e-02; min part/scale 0.000e+00 (4.4s)
  F44_gram.json d=2 generic        identity=ok Im f=0:True f>=0:True all parts>=0:True |f-SOS|/scale=0.00e+00 f/scale=2.471e-02 min part/scale=6.970e-04 (0.0s)
  F44_gram.json d=2 spread         identity=ok Im f=0:True f>=0:True all parts>=0:True |f-SOS|/scale=0.00e+00 f/scale=3.684e-01 min part/scale=3.287e-09 (0.0s)
  F44_gram.json d=2 singular       identity=ok Im f=0:True f>=0:True all parts>=0:True |f-SOS|/scale=0.00e+00 f/scale=9.773e-01 min part/scale=0.000e+00 (0.0s)
  F44_gram.json d=2 degenerate     identity=ok Im f=0:True f>=0:True all parts>=0:True |f-SOS|/scale=0.00e+00 f/scale=9.207e-01 min part/scale=1.710e-02 (0.0s)
  F44_gram.json d=2 near_singular  identity=ok Im f=0:True f>=0:True all parts>=0:True |f-SOS|/scale=0.00e+00 f/scale=3.484e-01 min part/scale=5.207e-10 (0.0s)
  F44_gram.json d=3 generic        identity=ok Im f=0:True f>=0:True all parts>=0:True |f-SOS|/scale=0.00e+00 f/scale=6.356e-01 min part/scale=1.168e-02 (0.0s)
  F44_gram.json d=3 spread         identity=ok Im f=0:True f>=0:True all parts>=0:True |f-SOS|/scale=0.00e+00 f/scale=6.501e-01 min part/scale=3.117e-05 (0.0s)
  F44_gram.json d=3 singular       identity=ok Im f=0:True f>=0:True all parts>=0:True |f-SOS|/scale=0.00e+00 f/scale=9.046e-01 min part/scale=0.000e+00 (0.0s)
  F44_gram.json d=3 degenerate     identity=ok Im f=0:True f>=0:True all parts>=0:True |f-SOS|/scale=0.00e+00 f/scale=2.986e-02 min part/scale=8.340e-04 (0.0s)
  F44_gram.json d=3 near_singular  identity=ok Im f=0:True f>=0:True all parts>=0:True |f-SOS|/scale=0.00e+00 f/scale=7.444e-02 min part/scale=1.150e-04 (0.0s)
  F44_gram.json d=4 generic        identity=ok Im f=0:True f>=0:True all parts>=0:True |f-SOS|/scale=0.00e+00 f/scale=4.170e-02 min part/scale=9.639e-04 (0.0s)
  F44_gram.json d=4 spread         identity=ok Im f=0:True f>=0:True all parts>=0:True |f-SOS|/scale=0.00e+00 f/scale=7.208e-01 min part/scale=3.964e-04 (0.0s)
  F44_gram.json d=4 singular       identity=ok Im f=0:True f>=0:True all parts>=0:True |f-SOS|/scale=0.00e+00 f/scale=1.834e-01 min part/scale=0.000e+00 (0.0s)
  F44_gram.json d=4 degenerate     identity=ok Im f=0:True f>=0:True all parts>=0:True |f-SOS|/scale=0.00e+00 f/scale=1.132e-01 min part/scale=3.138e-03 (0.0s)
  F44_gram.json d=4 near_singular  identity=ok Im f=0:True f>=0:True all parts>=0:True |f-SOS|/scale=0.00e+00 f/scale=2.913e-01 min part/scale=1.288e-03 (0.0s)
  F44_gram.json d=5 generic        identity=ok Im f=0:True f>=0:True all parts>=0:True |f-SOS|/scale=0.00e+00 f/scale=6.831e-01 min part/scale=1.489e-02 (0.0s)
  F44_gram.json d=5 spread         identity=ok Im f=0:True f>=0:True all parts>=0:True |f-SOS|/scale=0.00e+00 f/scale=6.015e-01 min part/scale=6.356e-05 (0.1s)
  F44_gram.json d=5 singular       identity=ok Im f=0:True f>=0:True all parts>=0:True |f-SOS|/scale=0.00e+00 f/scale=4.428e-01 min part/scale=0.000e+00 (0.0s)
  F44_gram.json d=5 degenerate     identity=ok Im f=0:True f>=0:True all parts>=0:True |f-SOS|/scale=0.00e+00 f/scale=4.018e-01 min part/scale=1.078e-02 (0.0s)
  F44_gram.json d=5 near_singular  identity=ok Im f=0:True f>=0:True all parts>=0:True |f-SOS|/scale=0.00e+00 f/scale=4.105e-01 min part/scale=8.057e-03 (0.1s)
  F44_gram.json d=6 generic        identity=ok Im f=0:True f>=0:True all parts>=0:True |f-SOS|/scale=0.00e+00 f/scale=5.409e-01 min part/scale=9.606e-03 (0.1s)
  F44_gram.json d=6 spread         identity=ok Im f=0:True f>=0:True all parts>=0:True |f-SOS|/scale=0.00e+00 f/scale=9.733e-01 min part/scale=8.082e-04 (0.1s)
  F44_gram.json d=6 singular       identity=ok Im f=0:True f>=0:True all parts>=0:True |f-SOS|/scale=0.00e+00 f/scale=7.160e-01 min part/scale=0.000e+00 (0.1s)
  F44_gram.json d=6 degenerate     identity=ok Im f=0:True f>=0:True all parts>=0:True |f-SOS|/scale=0.00e+00 f/scale=2.581e-01 min part/scale=7.056e-03 (0.1s)
  F44_gram.json d=6 near_singular  identity=ok Im f=0:True f>=0:True all parts>=0:True |f-SOS|/scale=0.00e+00 f/scale=2.441e-01 min part/scale=2.417e-03 (0.1s)
  F44_gram.json d=7 generic        identity=ok Im f=0:True f>=0:True all parts>=0:True |f-SOS|/scale=0.00e+00 f/scale=1.043e-01 min part/scale=2.147e-03 (0.1s)
  F44_gram.json d=7 spread         identity=ok Im f=0:True f>=0:True all parts>=0:True |f-SOS|/scale=0.00e+00 f/scale=9.697e-01 min part/scale=5.485e-03 (0.2s)
  F44_gram.json d=7 singular       identity=ok Im f=0:True f>=0:True all parts>=0:True |f-SOS|/scale=0.00e+00 f/scale=5.114e-01 min part/scale=0.000e+00 (0.1s)
  F44_gram.json d=7 degenerate     identity=ok Im f=0:True f>=0:True all parts>=0:True |f-SOS|/scale=0.00e+00 f/scale=3.176e-01 min part/scale=8.622e-03 (0.1s)
  F44_gram.json d=7 near_singular  identity=ok Im f=0:True f>=0:True all parts>=0:True |f-SOS|/scale=0.00e+00 f/scale=2.383e-01 min part/scale=5.172e-03 (0.2s)
  F44_gram.json d=8 generic        identity=ok Im f=0:True f>=0:True all parts>=0:True |f-SOS|/scale=0.00e+00 f/scale=6.628e-02 min part/scale=1.295e-03 (0.2s)
  F44_gram.json d=8 spread         identity=ok Im f=0:True f>=0:True all parts>=0:True |f-SOS|/scale=0.00e+00 f/scale=9.842e-01 min part/scale=4.793e-03 (0.3s)
  F44_gram.json d=8 singular       identity=ok Im f=0:True f>=0:True all parts>=0:True |f-SOS|/scale=0.00e+00 f/scale=4.494e-01 min part/scale=0.000e+00 (0.2s)
  F44_gram.json d=8 degenerate     identity=ok Im f=0:True f>=0:True all parts>=0:True |f-SOS|/scale=0.00e+00 f/scale=5.342e-01 min part/scale=1.398e-02 (0.2s)
  F44_gram.json d=8 near_singular  identity=ok Im f=0:True f>=0:True all parts>=0:True |f-SOS|/scale=0.00e+00 f/scale=1.990e-01 min part/scale=3.621e-03 (0.3s)
== F44_gram.json [exact]: 35/35 samples pass; worst |f-SOS|/scale 0.00e+00; min f/scale 2.471e-02; min part/scale 0.000e+00 (3.1s)
  D44_11-xx-yy.json d=2 generic        identity=ok Im f=0:True f>=0:True all parts>=0:True |f-SOS|/scale=0.00e+00 f/scale=3.001e-03 min part/scale=3.451e-06 (0.0s)
  D44_11-xx-yy.json d=2 spread         identity=ok Im f=0:True f>=0:True all parts>=0:True |f-SOS|/scale=0.00e+00 f/scale=6.033e-01 min part/scale=7.767e-09 (0.0s)
  D44_11-xx-yy.json d=2 singular       identity=ok Im f=0:True f>=0:True all parts>=0:True |f-SOS|/scale=0.00e+00 f/scale=4.056e-02 min part/scale=0.000e+00 (0.0s)
  D44_11-xx-yy.json d=2 degenerate     identity=ok Im f=0:True f>=0:True all parts>=0:True |f-SOS|/scale=0.00e+00 f/scale=9.889e-02 min part/scale=7.683e-04 (0.0s)
  D44_11-xx-yy.json d=2 near_singular  identity=ok Im f=0:True f>=0:True all parts>=0:True |f-SOS|/scale=0.00e+00 f/scale=5.719e-02 min part/scale=1.018e-10 (0.0s)
  D44_11-xx-yy.json d=3 generic        identity=ok Im f=0:True f>=0:True all parts>=0:True |f-SOS|/scale=0.00e+00 f/scale=1.394e-01 min part/scale=6.069e-04 (0.0s)
  D44_11-xx-yy.json d=3 spread         identity=ok Im f=0:True f>=0:True all parts>=0:True |f-SOS|/scale=0.00e+00 f/scale=5.175e-01 min part/scale=4.543e-06 (0.0s)
  D44_11-xx-yy.json d=3 singular       identity=ok Im f=0:True f>=0:True all parts>=0:True |f-SOS|/scale=0.00e+00 f/scale=3.169e-02 min part/scale=0.000e+00 (0.0s)
  D44_11-xx-yy.json d=3 degenerate     identity=ok Im f=0:True f>=0:True all parts>=0:True |f-SOS|/scale=0.00e+00 f/scale=2.014e-01 min part/scale=1.353e-03 (0.0s)
  D44_11-xx-yy.json d=3 near_singular  identity=ok Im f=0:True f>=0:True all parts>=0:True |f-SOS|/scale=0.00e+00 f/scale=3.197e-02 min part/scale=2.630e-05 (0.0s)
  D44_11-xx-yy.json d=4 generic        identity=ok Im f=0:True f>=0:True all parts>=0:True |f-SOS|/scale=0.00e+00 f/scale=1.539e-01 min part/scale=1.061e-03 (0.0s)
  D44_11-xx-yy.json d=4 spread         identity=ok Im f=0:True f>=0:True all parts>=0:True |f-SOS|/scale=0.00e+00 f/scale=2.125e-01 min part/scale=7.785e-06 (0.0s)
  D44_11-xx-yy.json d=4 singular       identity=ok Im f=0:True f>=0:True all parts>=0:True |f-SOS|/scale=0.00e+00 f/scale=9.685e-02 min part/scale=0.000e+00 (0.0s)
  D44_11-xx-yy.json d=4 degenerate     identity=ok Im f=0:True f>=0:True all parts>=0:True |f-SOS|/scale=0.00e+00 f/scale=2.842e-01 min part/scale=1.661e-03 (0.0s)
  D44_11-xx-yy.json d=4 near_singular  identity=ok Im f=0:True f>=0:True all parts>=0:True |f-SOS|/scale=0.00e+00 f/scale=2.011e-02 min part/scale=1.418e-04 (0.0s)
  D44_11-xx-yy.json d=5 generic        identity=ok Im f=0:True f>=0:True all parts>=0:True |f-SOS|/scale=0.00e+00 f/scale=1.237e-01 min part/scale=7.737e-04 (0.0s)
  D44_11-xx-yy.json d=5 spread         identity=ok Im f=0:True f>=0:True all parts>=0:True |f-SOS|/scale=0.00e+00 f/scale=3.620e-01 min part/scale=1.449e-04 (0.1s)
  D44_11-xx-yy.json d=5 singular       identity=ok Im f=0:True f>=0:True all parts>=0:True |f-SOS|/scale=0.00e+00 f/scale=1.315e-01 min part/scale=0.000e+00 (0.0s)
  D44_11-xx-yy.json d=5 degenerate     identity=ok Im f=0:True f>=0:True all parts>=0:True |f-SOS|/scale=0.00e+00 f/scale=2.345e-01 min part/scale=1.493e-03 (0.0s)
  D44_11-xx-yy.json d=5 near_singular  identity=ok Im f=0:True f>=0:True all parts>=0:True |f-SOS|/scale=0.00e+00 f/scale=7.936e-02 min part/scale=4.013e-04 (0.1s)
  D44_11-xx-yy.json d=6 generic        identity=ok Im f=0:True f>=0:True all parts>=0:True |f-SOS|/scale=0.00e+00 f/scale=7.978e-02 min part/scale=4.995e-04 (0.1s)
  D44_11-xx-yy.json d=6 spread         identity=ok Im f=0:True f>=0:True all parts>=0:True |f-SOS|/scale=0.00e+00 f/scale=5.281e-01 min part/scale=3.202e-04 (0.1s)
  D44_11-xx-yy.json d=6 singular       identity=ok Im f=0:True f>=0:True all parts>=0:True |f-SOS|/scale=0.00e+00 f/scale=9.888e-02 min part/scale=0.000e+00 (0.1s)
  D44_11-xx-yy.json d=6 degenerate     identity=ok Im f=0:True f>=0:True all parts>=0:True |f-SOS|/scale=0.00e+00 f/scale=3.438e-02 min part/scale=2.885e-04 (0.1s)
  D44_11-xx-yy.json d=6 near_singular  identity=ok Im f=0:True f>=0:True all parts>=0:True |f-SOS|/scale=0.00e+00 f/scale=1.120e-01 min part/scale=6.752e-04 (0.1s)
  D44_11-xx-yy.json d=7 generic        identity=ok Im f=0:True f>=0:True all parts>=0:True |f-SOS|/scale=0.00e+00 f/scale=5.194e-02 min part/scale=4.151e-04 (0.2s)
  D44_11-xx-yy.json d=7 spread         identity=ok Im f=0:True f>=0:True all parts>=0:True |f-SOS|/scale=0.00e+00 f/scale=5.155e-01 min part/scale=2.765e-04 (0.3s)
  D44_11-xx-yy.json d=7 singular       identity=ok Im f=0:True f>=0:True all parts>=0:True |f-SOS|/scale=0.00e+00 f/scale=1.491e-01 min part/scale=0.000e+00 (0.1s)
  D44_11-xx-yy.json d=7 degenerate     identity=ok Im f=0:True f>=0:True all parts>=0:True |f-SOS|/scale=0.00e+00 f/scale=8.023e-02 min part/scale=6.380e-04 (0.1s)
  D44_11-xx-yy.json d=7 near_singular  identity=ok Im f=0:True f>=0:True all parts>=0:True |f-SOS|/scale=0.00e+00 f/scale=6.634e-02 min part/scale=3.658e-04 (0.3s)
  D44_11-xx-yy.json d=8 generic        identity=ok Im f=0:True f>=0:True all parts>=0:True |f-SOS|/scale=0.00e+00 f/scale=2.158e-02 min part/scale=1.160e-04 (0.2s)
  D44_11-xx-yy.json d=8 spread         identity=ok Im f=0:True f>=0:True all parts>=0:True |f-SOS|/scale=0.00e+00 f/scale=2.647e-01 min part/scale=8.869e-04 (0.3s)
  D44_11-xx-yy.json d=8 singular       identity=ok Im f=0:True f>=0:True all parts>=0:True |f-SOS|/scale=0.00e+00 f/scale=3.028e-02 min part/scale=0.000e+00 (0.2s)
  D44_11-xx-yy.json d=8 degenerate     identity=ok Im f=0:True f>=0:True all parts>=0:True |f-SOS|/scale=0.00e+00 f/scale=1.660e-01 min part/scale=1.177e-03 (0.2s)
  D44_11-xx-yy.json d=8 near_singular  identity=ok Im f=0:True f>=0:True all parts>=0:True |f-SOS|/scale=0.00e+00 f/scale=8.415e-02 min part/scale=5.393e-04 (0.3s)
== D44_11-xx-yy.json [exact]: 35/35 samples pass; worst |f-SOS|/scale 0.00e+00; min f/scale 3.001e-03; min part/scale 0.000e+00 (3.4s)
  M44_11-xx-yy.json d=2 generic        identity=ok Im f=0:True f>=0:True all parts>=0:True |f-SOS|/scale=0.00e+00 f/scale=6.283e-02 min part/scale=3.633e-04 (0.0s)
  M44_11-xx-yy.json d=2 spread         identity=ok Im f=0:True f>=0:True all parts>=0:True |f-SOS|/scale=0.00e+00 f/scale=6.828e-01 min part/scale=3.572e-09 (0.0s)
  M44_11-xx-yy.json d=2 singular       identity=ok Im f=0:True f>=0:True all parts>=0:True |f-SOS|/scale=0.00e+00 f/scale=6.240e-01 min part/scale=0.000e+00 (0.0s)
  M44_11-xx-yy.json d=2 degenerate     identity=ok Im f=0:True f>=0:True all parts>=0:True |f-SOS|/scale=0.00e+00 f/scale=7.967e-01 min part/scale=4.153e-03 (0.0s)
  M44_11-xx-yy.json d=2 near_singular  identity=ok Im f=0:True f>=0:True all parts>=0:True |f-SOS|/scale=0.00e+00 f/scale=1.315e-01 min part/scale=2.292e-10 (0.0s)
  M44_11-xx-yy.json d=3 generic        identity=ok Im f=0:True f>=0:True all parts>=0:True |f-SOS|/scale=0.00e+00 f/scale=1.133e-01 min part/scale=2.054e-03 (0.0s)
  M44_11-xx-yy.json d=3 spread         identity=ok Im f=0:True f>=0:True all parts>=0:True |f-SOS|/scale=0.00e+00 f/scale=9.385e-01 min part/scale=1.666e-05 (0.0s)
  M44_11-xx-yy.json d=3 singular       identity=ok Im f=0:True f>=0:True all parts>=0:True |f-SOS|/scale=0.00e+00 f/scale=2.921e-01 min part/scale=0.000e+00 (0.0s)
  M44_11-xx-yy.json d=3 degenerate     identity=ok Im f=0:True f>=0:True all parts>=0:True |f-SOS|/scale=0.00e+00 f/scale=2.712e-01 min part/scale=5.301e-03 (0.0s)
  M44_11-xx-yy.json d=3 near_singular  identity=ok Im f=0:True f>=0:True all parts>=0:True |f-SOS|/scale=0.00e+00 f/scale=2.590e-02 min part/scale=5.832e-04 (0.0s)
  M44_11-xx-yy.json d=4 generic        identity=ok Im f=0:True f>=0:True all parts>=0:True |f-SOS|/scale=0.00e+00 f/scale=9.567e-02 min part/scale=1.800e-03 (0.0s)
  M44_11-xx-yy.json d=4 spread         identity=ok Im f=0:True f>=0:True all parts>=0:True |f-SOS|/scale=0.00e+00 f/scale=9.120e-01 min part/scale=1.250e-04 (0.0s)
  M44_11-xx-yy.json d=4 singular       identity=ok Im f=0:True f>=0:True all parts>=0:True |f-SOS|/scale=0.00e+00 f/scale=7.717e-01 min part/scale=0.000e+00 (0.0s)
  M44_11-xx-yy.json d=4 degenerate     identity=ok Im f=0:True f>=0:True all parts>=0:True |f-SOS|/scale=0.00e+00 f/scale=3.966e-01 min part/scale=7.209e-03 (0.0s)
  M44_11-xx-yy.json d=4 near_singular  identity=ok Im f=0:True f>=0:True all parts>=0:True |f-SOS|/scale=0.00e+00 f/scale=1.379e-01 min part/scale=7.784e-04 (0.0s)
  M44_11-xx-yy.json d=5 generic        identity=ok Im f=0:True f>=0:True all parts>=0:True |f-SOS|/scale=0.00e+00 f/scale=2.002e-01 min part/scale=3.707e-03 (0.0s)
  M44_11-xx-yy.json d=5 spread         identity=ok Im f=0:True f>=0:True all parts>=0:True |f-SOS|/scale=0.00e+00 f/scale=6.060e-01 min part/scale=5.161e-04 (0.1s)
  M44_11-xx-yy.json d=5 singular       identity=ok Im f=0:True f>=0:True all parts>=0:True |f-SOS|/scale=0.00e+00 f/scale=4.017e-01 min part/scale=0.000e+00 (0.1s)
  M44_11-xx-yy.json d=5 degenerate     identity=ok Im f=0:True f>=0:True all parts>=0:True |f-SOS|/scale=0.00e+00 f/scale=3.711e-01 min part/scale=6.858e-03 (0.1s)
  M44_11-xx-yy.json d=5 near_singular  identity=ok Im f=0:True f>=0:True all parts>=0:True |f-SOS|/scale=0.00e+00 f/scale=6.253e-01 min part/scale=2.071e-03 (0.1s)
  M44_11-xx-yy.json d=6 generic        identity=ok Im f=0:True f>=0:True all parts>=0:True |f-SOS|/scale=0.00e+00 f/scale=3.165e-02 min part/scale=5.254e-04 (0.1s)
  M44_11-xx-yy.json d=6 spread         identity=ok Im f=0:True f>=0:True all parts>=0:True |f-SOS|/scale=0.00e+00 f/scale=9.895e-01 min part/scale=5.906e-04 (0.1s)
  M44_11-xx-yy.json d=6 singular       identity=ok Im f=0:True f>=0:True all parts>=0:True |f-SOS|/scale=0.00e+00 f/scale=6.827e-01 min part/scale=0.000e+00 (0.1s)
  M44_11-xx-yy.json d=6 degenerate     identity=ok Im f=0:True f>=0:True all parts>=0:True |f-SOS|/scale=0.00e+00 f/scale=4.069e-01 min part/scale=7.344e-03 (0.1s)
  M44_11-xx-yy.json d=6 near_singular  identity=ok Im f=0:True f>=0:True all parts>=0:True |f-SOS|/scale=0.00e+00 f/scale=1.737e-01 min part/scale=4.276e-03 (0.1s)
  M44_11-xx-yy.json d=7 generic        identity=ok Im f=0:True f>=0:True all parts>=0:True |f-SOS|/scale=0.00e+00 f/scale=1.021e-01 min part/scale=1.996e-03 (0.1s)
  M44_11-xx-yy.json d=7 spread         identity=ok Im f=0:True f>=0:True all parts>=0:True |f-SOS|/scale=0.00e+00 f/scale=1.000e+00 min part/scale=3.768e-04 (0.2s)
  M44_11-xx-yy.json d=7 singular       identity=ok Im f=0:True f>=0:True all parts>=0:True |f-SOS|/scale=0.00e+00 f/scale=8.565e-02 min part/scale=0.000e+00 (0.1s)
  M44_11-xx-yy.json d=7 degenerate     identity=ok Im f=0:True f>=0:True all parts>=0:True |f-SOS|/scale=0.00e+00 f/scale=2.621e-01 min part/scale=5.147e-03 (0.2s)
  M44_11-xx-yy.json d=7 near_singular  identity=ok Im f=0:True f>=0:True all parts>=0:True |f-SOS|/scale=0.00e+00 f/scale=2.035e-01 min part/scale=4.365e-03 (0.2s)
  M44_11-xx-yy.json d=8 generic        identity=ok Im f=0:True f>=0:True all parts>=0:True |f-SOS|/scale=0.00e+00 f/scale=1.615e-01 min part/scale=2.717e-03 (0.2s)
  M44_11-xx-yy.json d=8 spread         identity=ok Im f=0:True f>=0:True all parts>=0:True |f-SOS|/scale=0.00e+00 f/scale=7.617e-01 min part/scale=7.433e-04 (0.4s)
  M44_11-xx-yy.json d=8 singular       identity=ok Im f=0:True f>=0:True all parts>=0:True |f-SOS|/scale=0.00e+00 f/scale=1.657e-01 min part/scale=0.000e+00 (0.2s)
  M44_11-xx-yy.json d=8 degenerate     identity=ok Im f=0:True f>=0:True all parts>=0:True |f-SOS|/scale=0.00e+00 f/scale=2.477e-01 min part/scale=4.898e-03 (0.3s)
  M44_11-xx-yy.json d=8 near_singular  identity=ok Im f=0:True f>=0:True all parts>=0:True |f-SOS|/scale=0.00e+00 f/scale=6.447e-02 min part/scale=1.226e-03 (0.4s)
== M44_11-xx-yy.json [exact]: 35/35 samples pass; worst |f-SOS|/scale 0.00e+00; min f/scale 2.590e-02; min part/scale 0.000e+00 (3.5s)
  F34m_11-xx-yy.json d=2 generic        identity=ok Im f=0:True f>=0:True all parts>=0:True |f-SOS|/scale=0.00e+00 f/scale=1.089e-01 min part/scale=2.119e-03 (0.1s)
  F34m_11-xx-yy.json d=2 spread         identity=ok Im f=0:True f>=0:True all parts>=0:True |f-SOS|/scale=0.00e+00 f/scale=1.812e-02 min part/scale=1.330e-10 (0.3s)
  F34m_11-xx-yy.json d=2 singular       identity=ok Im f=0:True f>=0:True all parts>=0:True |f-SOS|/scale=0.00e+00 f/scale=1.675e-01 min part/scale=0.000e+00 (0.1s)
  F34m_11-xx-yy.json d=2 degenerate     identity=ok Im f=0:True f>=0:True all parts>=0:True |f-SOS|/scale=0.00e+00 f/scale=5.837e-01 min part/scale=1.920e-02 (0.1s)
  F34m_11-xx-yy.json d=2 near_singular  identity=ok Im f=0:True f>=0:True all parts>=0:True |f-SOS|/scale=0.00e+00 f/scale=5.695e-01 min part/scale=4.717e-10 (0.3s)
  F34m_11-xx-yy.json d=3 generic        identity=ok Im f=0:True f>=0:True all parts>=0:True |f-SOS|/scale=0.00e+00 f/scale=4.766e-02 min part/scale=5.307e-04 (0.2s)
  F34m_11-xx-yy.json d=3 spread         identity=ok Im f=0:True f>=0:True all parts>=0:True |f-SOS|/scale=0.00e+00 f/scale=8.995e-01 min part/scale=8.563e-06 (0.4s)
  F34m_11-xx-yy.json d=3 singular       identity=ok Im f=0:True f>=0:True all parts>=0:True |f-SOS|/scale=0.00e+00 f/scale=2.750e-01 min part/scale=0.000e+00 (0.2s)
  F34m_11-xx-yy.json d=3 degenerate     identity=ok Im f=0:True f>=0:True all parts>=0:True |f-SOS|/scale=0.00e+00 f/scale=1.235e-01 min part/scale=2.290e-03 (0.2s)
  F34m_11-xx-yy.json d=3 near_singular  identity=ok Im f=0:True f>=0:True all parts>=0:True |f-SOS|/scale=0.00e+00 f/scale=2.065e-01 min part/scale=4.824e-04 (0.4s)
  F34m_11-xx-yy.json d=4 generic        identity=ok Im f=0:True f>=0:True all parts>=0:True |f-SOS|/scale=0.00e+00 f/scale=9.607e-02 min part/scale=6.812e-04 (0.3s)
  F34m_11-xx-yy.json d=4 spread         identity=ok Im f=0:True f>=0:True all parts>=0:True |f-SOS|/scale=0.00e+00 f/scale=9.615e-01 min part/scale=6.223e-05 (0.4s)
  F34m_11-xx-yy.json d=4 singular       identity=ok Im f=0:True f>=0:True all parts>=0:True |f-SOS|/scale=0.00e+00 f/scale=2.056e-01 min part/scale=0.000e+00 (0.3s)
  F34m_11-xx-yy.json d=4 degenerate     identity=ok Im f=0:True f>=0:True all parts>=0:True |f-SOS|/scale=0.00e+00 f/scale=7.224e-01 min part/scale=2.533e-02 (0.3s)
  F34m_11-xx-yy.json d=4 near_singular  identity=ok Im f=0:True f>=0:True all parts>=0:True |f-SOS|/scale=0.00e+00 f/scale=7.988e-02 min part/scale=9.412e-04 (0.5s)
  F34m_11-xx-yy.json d=5 generic        identity=ok Im f=0:True f>=0:True all parts>=0:True |f-SOS|/scale=0.00e+00 f/scale=2.584e-01 min part/scale=3.926e-03 (0.4s)
  F34m_11-xx-yy.json d=5 spread         identity=ok Im f=0:True f>=0:True all parts>=0:True |f-SOS|/scale=0.00e+00 f/scale=9.999e-01 min part/scale=3.438e-04 (0.6s)
  F34m_11-xx-yy.json d=5 singular       identity=ok Im f=0:True f>=0:True all parts>=0:True |f-SOS|/scale=0.00e+00 f/scale=9.878e-01 min part/scale=0.000e+00 (0.4s)
  F34m_11-xx-yy.json d=5 degenerate     identity=ok Im f=0:True f>=0:True all parts>=0:True |f-SOS|/scale=0.00e+00 f/scale=9.008e-02 min part/scale=1.522e-03 (0.4s)
  F34m_11-xx-yy.json d=5 near_singular  identity=ok Im f=0:True f>=0:True all parts>=0:True |f-SOS|/scale=0.00e+00 f/scale=2.291e-01 min part/scale=5.957e-03 (0.7s)
  F34m_11-xx-yy.json d=6 generic        identity=ok Im f=0:True f>=0:True all parts>=0:True |f-SOS|/scale=0.00e+00 f/scale=7.349e-01 min part/scale=1.942e-02 (0.7s)
  F34m_11-xx-yy.json d=6 spread         identity=ok Im f=0:True f>=0:True all parts>=0:True |f-SOS|/scale=0.00e+00 f/scale=9.932e-01 min part/scale=6.965e-05 (1.0s)
  F34m_11-xx-yy.json d=7 generic        identity=ok Im f=0:True f>=0:True all parts>=0:True |f-SOS|/scale=0.00e+00 f/scale=8.230e-02 min part/scale=1.096e-03 (1.0s)
  F34m_11-xx-yy.json d=7 spread         identity=ok Im f=0:True f>=0:True all parts>=0:True |f-SOS|/scale=0.00e+00 f/scale=9.370e-01 min part/scale=1.899e-03 (1.6s)
  F34m_11-xx-yy.json d=8 generic        identity=ok Im f=0:True f>=0:True all parts>=0:True |f-SOS|/scale=0.00e+00 f/scale=2.368e-01 min part/scale=3.761e-03 (1.6s)
  F34m_11-xx-yy.json d=8 spread         identity=ok Im f=0:True f>=0:True all parts>=0:True |f-SOS|/scale=0.00e+00 f/scale=9.889e-01 min part/scale=3.396e-04 (2.4s)
== F34m_11-xx-yy.json [exact]: 26/26 samples pass; worst |f-SOS|/scale 0.00e+00; min f/scale 1.812e-02; min part/scale 0.000e+00 (14.7s)
  D34m_11-xx-yy.json d=2 generic        identity=ok Im f=0:True f>=0:True all parts>=0:True |f-SOS|/scale=0.00e+00 f/scale=9.348e-02 min part/scale=7.776e-03 (0.1s)
  D34m_11-xx-yy.json d=2 spread         identity=ok Im f=0:True f>=0:True all parts>=0:True |f-SOS|/scale=0.00e+00 f/scale=2.664e-01 min part/scale=3.738e-09 (0.2s)
  D34m_11-xx-yy.json d=2 singular       identity=ok Im f=0:True f>=0:True all parts>=0:True |f-SOS|/scale=0.00e+00 f/scale=1.139e-01 min part/scale=0.000e+00 (0.1s)
  D34m_11-xx-yy.json d=2 degenerate     identity=ok Im f=0:True f>=0:True all parts>=0:True |f-SOS|/scale=0.00e+00 f/scale=5.310e-02 min part/scale=4.953e-03 (0.2s)
  D34m_11-xx-yy.json d=2 near_singular  identity=ok Im f=0:True f>=0:True all parts>=0:True |f-SOS|/scale=0.00e+00 f/scale=1.139e-01 min part/scale=2.834e-10 (0.3s)
  D34m_11-xx-yy.json d=3 generic        identity=ok Im f=0:True f>=0:True all parts>=0:True |f-SOS|/scale=0.00e+00 f/scale=7.238e-02 min part/scale=4.900e-03 (0.2s)
  D34m_11-xx-yy.json d=3 spread         identity=ok Im f=0:True f>=0:True all parts>=0:True |f-SOS|/scale=0.00e+00 f/scale=2.615e-01 min part/scale=1.459e-05 (0.4s)
  D34m_11-xx-yy.json d=3 singular       identity=ok Im f=0:True f>=0:True all parts>=0:True |f-SOS|/scale=0.00e+00 f/scale=8.363e-02 min part/scale=0.000e+00 (0.2s)
  D34m_11-xx-yy.json d=3 degenerate     identity=ok Im f=0:True f>=0:True all parts>=0:True |f-SOS|/scale=0.00e+00 f/scale=2.897e-02 min part/scale=2.584e-03 (0.2s)
  D34m_11-xx-yy.json d=3 near_singular  identity=ok Im f=0:True f>=0:True all parts>=0:True |f-SOS|/scale=0.00e+00 f/scale=3.536e-03 min part/scale=1.017e-04 (0.4s)
  D34m_11-xx-yy.json d=4 generic        identity=ok Im f=0:True f>=0:True all parts>=0:True |f-SOS|/scale=0.00e+00 f/scale=2.343e-02 min part/scale=1.261e-03 (0.4s)
  D34m_11-xx-yy.json d=4 spread         identity=ok Im f=0:True f>=0:True all parts>=0:True |f-SOS|/scale=0.00e+00 f/scale=8.040e-02 min part/scale=5.439e-05 (0.5s)
  D34m_11-xx-yy.json d=4 singular       identity=ok Im f=0:True f>=0:True all parts>=0:True |f-SOS|/scale=0.00e+00 f/scale=2.019e-01 min part/scale=0.000e+00 (0.3s)
  D34m_11-xx-yy.json d=4 degenerate     identity=ok Im f=0:True f>=0:True all parts>=0:True |f-SOS|/scale=0.00e+00 f/scale=3.334e-02 min part/scale=3.005e-03 (0.3s)
  D34m_11-xx-yy.json d=4 near_singular  identity=ok Im f=0:True f>=0:True all parts>=0:True |f-SOS|/scale=0.00e+00 f/scale=1.583e-01 min part/scale=1.165e-02 (0.6s)
  D34m_11-xx-yy.json d=5 generic        identity=ok Im f=0:True f>=0:True all parts>=0:True |f-SOS|/scale=0.00e+00 f/scale=1.646e-01 min part/scale=1.373e-02 (0.5s)
  D34m_11-xx-yy.json d=5 spread         identity=ok Im f=0:True f>=0:True all parts>=0:True |f-SOS|/scale=0.00e+00 f/scale=3.536e-01 min part/scale=1.763e-03 (0.8s)
  D34m_11-xx-yy.json d=5 singular       identity=ok Im f=0:True f>=0:True all parts>=0:True |f-SOS|/scale=0.00e+00 f/scale=7.716e-02 min part/scale=0.000e+00 (0.6s)
  D34m_11-xx-yy.json d=5 degenerate     identity=ok Im f=0:True f>=0:True all parts>=0:True |f-SOS|/scale=0.00e+00 f/scale=2.624e-03 min part/scale=2.105e-04 (0.6s)
  D34m_11-xx-yy.json d=5 near_singular  identity=ok Im f=0:True f>=0:True all parts>=0:True |f-SOS|/scale=0.00e+00 f/scale=6.523e-02 min part/scale=3.624e-03 (0.9s)
  D34m_11-xx-yy.json d=6 generic        identity=ok Im f=0:True f>=0:True all parts>=0:True |f-SOS|/scale=0.00e+00 f/scale=4.920e-02 min part/scale=3.137e-03 (0.8s)
  D34m_11-xx-yy.json d=6 spread         identity=ok Im f=0:True f>=0:True all parts>=0:True |f-SOS|/scale=0.00e+00 f/scale=5.083e-01 min part/scale=1.039e-03 (1.2s)
  D34m_11-xx-yy.json d=7 generic        identity=ok Im f=0:True f>=0:True all parts>=0:True |f-SOS|/scale=0.00e+00 f/scale=2.265e-02 min part/scale=1.817e-03 (1.1s)
  D34m_11-xx-yy.json d=7 spread         identity=ok Im f=0:True f>=0:True all parts>=0:True |f-SOS|/scale=0.00e+00 f/scale=4.831e-01 min part/scale=8.212e-05 (1.7s)
  D34m_11-xx-yy.json d=8 generic        identity=ok Im f=0:True f>=0:True all parts>=0:True |f-SOS|/scale=0.00e+00 f/scale=1.466e-02 min part/scale=6.519e-04 (1.8s)
  D34m_11-xx-yy.json d=8 spread         identity=ok Im f=0:True f>=0:True all parts>=0:True |f-SOS|/scale=0.00e+00 f/scale=4.422e-01 min part/scale=9.559e-04 (2.5s)
== D34m_11-xx-yy.json [exact]: 26/26 samples pass; worst |f-SOS|/scale 0.00e+00; min f/scale 2.624e-03; min part/scale 0.000e+00 (16.8s)
  M34m_11-xx-yy.json d=2 generic        identity=ok Im f=0:True f>=0:True all parts>=0:True |f-SOS|/scale=0.00e+00 f/scale=0.000e+00 min part/scale=0.000e+00 (0.1s)
  M34m_11-xx-yy.json d=2 spread         identity=ok Im f=0:True f>=0:True all parts>=0:True |f-SOS|/scale=0.00e+00 f/scale=2.615e-01 min part/scale=3.270e-10 (0.3s)
  M34m_11-xx-yy.json d=2 singular       identity=ok Im f=0:True f>=0:True all parts>=0:True |f-SOS|/scale=0.00e+00 f/scale=4.352e-01 min part/scale=0.000e+00 (0.1s)
  M34m_11-xx-yy.json d=2 degenerate     identity=ok Im f=0:True f>=0:True all parts>=0:True |f-SOS|/scale=0.00e+00 f/scale=4.263e-01 min part/scale=5.004e-03 (0.1s)
  M34m_11-xx-yy.json d=2 near_singular  identity=ok Im f=0:True f>=0:True all parts>=0:True |f-SOS|/scale=0.00e+00 f/scale=9.995e-01 min part/scale=5.132e-10 (0.3s)
  M34m_11-xx-yy.json d=3 generic        identity=ok Im f=0:True f>=0:True all parts>=0:True |f-SOS|/scale=0.00e+00 f/scale=4.214e-01 min part/scale=5.192e-03 (0.2s)
  M34m_11-xx-yy.json d=3 spread         identity=ok Im f=0:True f>=0:True all parts>=0:True |f-SOS|/scale=0.00e+00 f/scale=9.913e-01 min part/scale=1.333e-05 (0.4s)
  M34m_11-xx-yy.json d=3 singular       identity=ok Im f=0:True f>=0:True all parts>=0:True |f-SOS|/scale=0.00e+00 f/scale=3.944e-01 min part/scale=0.000e+00 (0.2s)
  M34m_11-xx-yy.json d=3 degenerate     identity=ok Im f=0:True f>=0:True all parts>=0:True |f-SOS|/scale=0.00e+00 f/scale=4.802e-01 min part/scale=5.985e-03 (0.3s)
  M34m_11-xx-yy.json d=3 near_singular  identity=ok Im f=0:True f>=0:True all parts>=0:True |f-SOS|/scale=0.00e+00 f/scale=4.094e-01 min part/scale=6.537e-05 (0.4s)
  M34m_11-xx-yy.json d=4 generic        identity=ok Im f=0:True f>=0:True all parts>=0:True |f-SOS|/scale=0.00e+00 f/scale=4.277e-02 min part/scale=2.718e-04 (0.4s)
  M34m_11-xx-yy.json d=4 spread         identity=ok Im f=0:True f>=0:True all parts>=0:True |f-SOS|/scale=0.00e+00 f/scale=9.629e-01 min part/scale=5.442e-06 (0.5s)
  M34m_11-xx-yy.json d=4 singular       identity=ok Im f=0:True f>=0:True all parts>=0:True |f-SOS|/scale=0.00e+00 f/scale=6.796e-01 min part/scale=0.000e+00 (0.4s)
  M34m_11-xx-yy.json d=4 degenerate     identity=ok Im f=0:True f>=0:True all parts>=0:True |f-SOS|/scale=0.00e+00 f/scale=4.646e-01 min part/scale=5.694e-03 (0.4s)
  M34m_11-xx-yy.json d=4 near_singular  identity=ok Im f=0:True f>=0:True all parts>=0:True |f-SOS|/scale=0.00e+00 f/scale=1.800e-01 min part/scale=1.560e-03 (0.7s)
  M34m_11-xx-yy.json d=5 generic        identity=ok Im f=0:True f>=0:True all parts>=0:True |f-SOS|/scale=0.00e+00 f/scale=5.265e-02 min part/scale=2.986e-04 (0.5s)
  M34m_11-xx-yy.json d=5 spread         identity=ok Im f=0:True f>=0:True all parts>=0:True |f-SOS|/scale=0.00e+00 f/scale=9.878e-01 min part/scale=6.573e-04 (0.8s)
  M34m_11-xx-yy.json d=5 singular       identity=ok Im f=0:True f>=0:True all parts>=0:True |f-SOS|/scale=0.00e+00 f/scale=8.656e-01 min part/scale=0.000e+00 (0.5s)
  M34m_11-xx-yy.json d=5 degenerate     identity=ok Im f=0:True f>=0:True all parts>=0:True |f-SOS|/scale=0.00e+00 f/scale=5.613e-02 min part/scale=3.087e-04 (0.5s)
  M34m_11-xx-yy.json d=5 near_singular  identity=ok Im f=0:True f>=0:True all parts>=0:True |f-SOS|/scale=0.00e+00 f/scale=6.317e-01 min part/scale=9.263e-03 (0.9s)
  M34m_11-xx-yy.json d=6 generic        identity=ok Im f=0:True f>=0:True all parts>=0:True |f-SOS|/scale=0.00e+00 f/scale=6.460e-02 min part/scale=2.671e-04 (0.8s)
  M34m_11-xx-yy.json d=6 spread         identity=ok Im f=0:True f>=0:True all parts>=0:True |f-SOS|/scale=0.00e+00 f/scale=9.861e-01 min part/scale=5.157e-03 (1.1s)
  M34m_11-xx-yy.json d=7 generic        identity=ok Im f=0:True f>=0:True all parts>=0:True |f-SOS|/scale=0.00e+00 f/scale=8.730e-01 min part/scale=1.321e-02 (1.2s)
  M34m_11-xx-yy.json d=7 spread         identity=ok Im f=0:True f>=0:True all parts>=0:True |f-SOS|/scale=0.00e+00 f/scale=8.555e-01 min part/scale=1.932e-03 (1.6s)
  M34m_11-xx-yy.json d=8 generic        identity=ok Im f=0:True f>=0:True all parts>=0:True |f-SOS|/scale=0.00e+00 f/scale=1.700e-01 min part/scale=1.555e-03 (1.7s)
  M34m_11-xx-yy.json d=8 spread         identity=ok Im f=0:True f>=0:True all parts>=0:True |f-SOS|/scale=0.00e+00 f/scale=1.000e+00 min part/scale=4.974e-04 (2.4s)
== M34m_11-xx-yy.json [exact]: 26/26 samples pass; worst |f-SOS|/scale 0.00e+00; min f/scale 0.000e+00; min part/scale 0.000e+00 (16.9s)
  F64_11-xx-yy.json d=2 generic        identity=ok Im f=0:True f>=0:True all parts>=0:True |f-SOS|/scale=0.00e+00 f/scale=2.319e-01 min part/scale=3.945e-03 (0.3s)
  F64_11-xx-yy.json d=2 spread         identity=ok Im f=0:True f>=0:True all parts>=0:True |f-SOS|/scale=0.00e+00 f/scale=8.028e-02 min part/scale=1.195e-09 (0.4s)
  F64_11-xx-yy.json d=2 singular       identity=ok Im f=0:True f>=0:True all parts>=0:True |f-SOS|/scale=0.00e+00 f/scale=4.847e-01 min part/scale=0.000e+00 (0.2s)
  F64_11-xx-yy.json d=2 degenerate     identity=ok Im f=0:True f>=0:True all parts>=0:True |f-SOS|/scale=0.00e+00 f/scale=2.269e-01 min part/scale=9.549e-03 (0.3s)
  F64_11-xx-yy.json d=2 near_singular  identity=ok Im f=0:True f>=0:True all parts>=0:True |f-SOS|/scale=0.00e+00 f/scale=1.545e-01 min part/scale=3.031e-10 (0.3s)
  F64_11-xx-yy.json d=3 generic        identity=ok Im f=0:True f>=0:True all parts>=0:True |f-SOS|/scale=0.00e+00 f/scale=1.525e-02 min part/scale=5.478e-04 (0.3s)
  F64_11-xx-yy.json d=3 spread         identity=ok Im f=0:True f>=0:True all parts>=0:True |f-SOS|/scale=0.00e+00 f/scale=1.359e-01 min part/scale=3.777e-06 (0.5s)
  F64_11-xx-yy.json d=3 singular       identity=ok Im f=0:True f>=0:True all parts>=0:True |f-SOS|/scale=0.00e+00 f/scale=6.674e-01 min part/scale=0.000e+00 (0.3s)
  F64_11-xx-yy.json d=3 degenerate     identity=ok Im f=0:True f>=0:True all parts>=0:True |f-SOS|/scale=0.00e+00 f/scale=5.006e-04 min part/scale=1.521e-05 (0.3s)
  F64_11-xx-yy.json d=3 near_singular  identity=ok Im f=0:True f>=0:True all parts>=0:True |f-SOS|/scale=0.00e+00 f/scale=2.387e-01 min part/scale=1.271e-03 (0.5s)
  F64_11-xx-yy.json d=4 generic        identity=ok Im f=0:True f>=0:True all parts>=0:True |f-SOS|/scale=0.00e+00 f/scale=2.517e-01 min part/scale=7.570e-03 (0.5s)
  F64_11-xx-yy.json d=4 spread         identity=ok Im f=0:True f>=0:True all parts>=0:True |f-SOS|/scale=0.00e+00 f/scale=9.919e-01 min part/scale=7.873e-05 (0.6s)
  F64_11-xx-yy.json d=4 singular       identity=ok Im f=0:True f>=0:True all parts>=0:True |f-SOS|/scale=0.00e+00 f/scale=5.007e-01 min part/scale=0.000e+00 (0.5s)
  F64_11-xx-yy.json d=4 degenerate     identity=ok Im f=0:True f>=0:True all parts>=0:True |f-SOS|/scale=0.00e+00 f/scale=2.823e-01 min part/scale=1.235e-02 (0.5s)
  F64_11-xx-yy.json d=4 near_singular  identity=ok Im f=0:True f>=0:True all parts>=0:True |f-SOS|/scale=0.00e+00 f/scale=6.036e-01 min part/scale=2.602e-02 (0.7s)
  F64_11-xx-yy.json d=5 generic        identity=ok Im f=0:True f>=0:True all parts>=0:True |f-SOS|/scale=0.00e+00 f/scale=6.655e-02 min part/scale=1.292e-03 (0.7s)
  F64_11-xx-yy.json d=5 spread         identity=ok Im f=0:True f>=0:True all parts>=0:True |f-SOS|/scale=0.00e+00 f/scale=9.027e-01 min part/scale=2.147e-03 (0.9s)
  F64_11-xx-yy.json d=5 singular       identity=ok Im f=0:True f>=0:True all parts>=0:True |f-SOS|/scale=0.00e+00 f/scale=8.328e-01 min part/scale=0.000e+00 (0.7s)
  F64_11-xx-yy.json d=5 degenerate     identity=ok Im f=0:True f>=0:True all parts>=0:True |f-SOS|/scale=0.00e+00 f/scale=2.949e-01 min part/scale=1.299e-02 (0.7s)
  F64_11-xx-yy.json d=5 near_singular  identity=ok Im f=0:True f>=0:True all parts>=0:True |f-SOS|/scale=0.00e+00 f/scale=1.876e-01 min part/scale=4.262e-03 (1.0s)
  F64_11-xx-yy.json d=6 generic        identity=ok Im f=0:True f>=0:True all parts>=0:True |f-SOS|/scale=0.00e+00 f/scale=1.377e-01 min part/scale=3.323e-03 (1.0s)
  F64_11-xx-yy.json d=6 spread         identity=ok Im f=0:True f>=0:True all parts>=0:True |f-SOS|/scale=0.00e+00 f/scale=9.570e-01 min part/scale=2.206e-04 (1.3s)
  F64_11-xx-yy.json d=7 generic        identity=ok Im f=0:True f>=0:True all parts>=0:True |f-SOS|/scale=0.00e+00 f/scale=1.263e-01 min part/scale=2.782e-03 (1.1s)
  F64_11-xx-yy.json d=7 spread         identity=ok Im f=0:True f>=0:True all parts>=0:True |f-SOS|/scale=0.00e+00 f/scale=9.783e-01 min part/scale=6.705e-04 (1.7s)
  F64_11-xx-yy.json d=8 generic        identity=ok Im f=0:True f>=0:True all parts>=0:True |f-SOS|/scale=0.00e+00 f/scale=5.486e-02 min part/scale=1.527e-03 (1.3s)
  F64_11-xx-yy.json d=8 spread         identity=ok Im f=0:True f>=0:True all parts>=0:True |f-SOS|/scale=0.00e+00 f/scale=9.999e-01 min part/scale=2.733e-03 (2.4s)
== F64_11-xx-yy.json [exact]: 26/26 samples pass; worst |f-SOS|/scale 0.00e+00; min f/scale 5.006e-04; min part/scale 0.000e+00 (19.2s)
  P44.json d=2 generic        identity=ok Im f=0:True f>=0:True all parts>=0:True |f-SOS|/scale=0.00e+00 f/scale=1.000e+00 min part/scale=5.991e-09 (0.0s)
  P44.json d=2 spread         identity=ok Im f=0:True f>=0:True all parts>=0:True |f-SOS|/scale=0.00e+00 f/scale=1.000e+00 min part/scale=2.532e-36 (0.0s)
  P44.json d=2 singular       identity=ok Im f=0:True f>=0:True all parts>=0:True |f-SOS|/scale=0.00e+00 f/scale=1.000e+00 min part/scale=0.000e+00 (0.0s)
  P44.json d=2 degenerate     identity=ok Im f=0:True f>=0:True all parts>=0:True |f-SOS|/scale=0.00e+00 f/scale=1.000e+00 min part/scale=6.624e-07 (0.0s)
  P44.json d=2 near_singular  identity=ok Im f=0:True f>=0:True all parts>=0:True |f-SOS|/scale=0.00e+00 f/scale=1.000e+00 min part/scale=1.786e-38 (0.0s)
  P44.json d=3 generic        identity=ok Im f=0:True f>=0:True all parts>=0:True |f-SOS|/scale=0.00e+00 f/scale=1.000e+00 min part/scale=2.614e-06 (0.0s)
  P44.json d=3 spread         identity=ok Im f=0:True f>=0:True all parts>=0:True |f-SOS|/scale=0.00e+00 f/scale=1.000e+00 min part/scale=2.654e-21 (0.0s)
  P44.json d=3 singular       identity=ok Im f=0:True f>=0:True all parts>=0:True |f-SOS|/scale=0.00e+00 f/scale=1.000e+00 min part/scale=0.000e+00 (0.0s)
  P44.json d=3 degenerate     identity=ok Im f=0:True f>=0:True all parts>=0:True |f-SOS|/scale=0.00e+00 f/scale=1.000e+00 min part/scale=6.966e-07 (0.0s)
  P44.json d=3 near_singular  identity=ok Im f=0:True f>=0:True all parts>=0:True |f-SOS|/scale=0.00e+00 f/scale=1.000e+00 min part/scale=2.563e-21 (0.0s)
  P44.json d=4 generic        identity=ok Im f=0:True f>=0:True all parts>=0:True |f-SOS|/scale=0.00e+00 f/scale=1.000e+00 min part/scale=3.840e-07 (0.0s)
  P44.json d=4 spread         identity=ok Im f=0:True f>=0:True all parts>=0:True |f-SOS|/scale=0.00e+00 f/scale=1.000e+00 min part/scale=1.969e-20 (0.0s)
  P44.json d=4 singular       identity=ok Im f=0:True f>=0:True all parts>=0:True |f-SOS|/scale=0.00e+00 f/scale=1.000e+00 min part/scale=0.000e+00 (0.0s)
  P44.json d=4 degenerate     identity=ok Im f=0:True f>=0:True all parts>=0:True |f-SOS|/scale=0.00e+00 f/scale=1.000e+00 min part/scale=5.754e-07 (0.0s)
  P44.json d=4 near_singular  identity=ok Im f=0:True f>=0:True all parts>=0:True |f-SOS|/scale=0.00e+00 f/scale=1.000e+00 min part/scale=5.678e-06 (0.0s)
  P44.json d=5 generic        identity=ok Im f=0:True f>=0:True all parts>=0:True |f-SOS|/scale=0.00e+00 f/scale=1.000e+00 min part/scale=3.647e-07 (0.0s)
  P44.json d=5 spread         identity=ok Im f=0:True f>=0:True all parts>=0:True |f-SOS|/scale=0.00e+00 f/scale=1.000e+00 min part/scale=1.853e-13 (0.0s)
  P44.json d=5 singular       identity=ok Im f=0:True f>=0:True all parts>=0:True |f-SOS|/scale=0.00e+00 f/scale=1.000e+00 min part/scale=0.000e+00 (0.0s)
  P44.json d=5 degenerate     identity=ok Im f=0:True f>=0:True all parts>=0:True |f-SOS|/scale=0.00e+00 f/scale=1.000e+00 min part/scale=3.205e-07 (0.0s)
  P44.json d=5 near_singular  identity=ok Im f=0:True f>=0:True all parts>=0:True |f-SOS|/scale=0.00e+00 f/scale=1.000e+00 min part/scale=3.049e-06 (0.0s)
  P44.json d=6 generic        identity=ok Im f=0:True f>=0:True all parts>=0:True |f-SOS|/scale=0.00e+00 f/scale=1.000e+00 min part/scale=1.400e-06 (0.0s)
  P44.json d=6 spread         identity=ok Im f=0:True f>=0:True all parts>=0:True |f-SOS|/scale=0.00e+00 f/scale=1.000e+00 min part/scale=1.636e-15 (0.0s)
  P44.json d=6 singular       identity=ok Im f=0:True f>=0:True all parts>=0:True |f-SOS|/scale=0.00e+00 f/scale=1.000e+00 min part/scale=0.000e+00 (0.0s)
  P44.json d=6 degenerate     identity=ok Im f=0:True f>=0:True all parts>=0:True |f-SOS|/scale=0.00e+00 f/scale=1.000e+00 min part/scale=2.251e-08 (0.0s)
  P44.json d=6 near_singular  identity=ok Im f=0:True f>=0:True all parts>=0:True |f-SOS|/scale=0.00e+00 f/scale=1.000e+00 min part/scale=7.159e-06 (0.0s)
  P44.json d=7 generic        identity=ok Im f=0:True f>=0:True all parts>=0:True |f-SOS|/scale=0.00e+00 f/scale=1.000e+00 min part/scale=2.366e-06 (0.0s)
  P44.json d=7 spread         identity=ok Im f=0:True f>=0:True all parts>=0:True |f-SOS|/scale=0.00e+00 f/scale=1.000e+00 min part/scale=1.577e-10 (0.0s)
  P44.json d=7 singular       identity=ok Im f=0:True f>=0:True all parts>=0:True |f-SOS|/scale=0.00e+00 f/scale=1.000e+00 min part/scale=0.000e+00 (0.0s)
  P44.json d=7 degenerate     identity=ok Im f=0:True f>=0:True all parts>=0:True |f-SOS|/scale=0.00e+00 f/scale=1.000e+00 min part/scale=2.802e-07 (0.0s)
  P44.json d=7 near_singular  identity=ok Im f=0:True f>=0:True all parts>=0:True |f-SOS|/scale=0.00e+00 f/scale=1.000e+00 min part/scale=1.228e-05 (0.0s)
  P44.json d=8 generic        identity=ok Im f=0:True f>=0:True all parts>=0:True |f-SOS|/scale=0.00e+00 f/scale=1.000e+00 min part/scale=1.359e-06 (0.0s)
  P44.json d=8 spread         identity=ok Im f=0:True f>=0:True all parts>=0:True |f-SOS|/scale=0.00e+00 f/scale=1.000e+00 min part/scale=4.074e-10 (0.1s)
  P44.json d=8 singular       identity=ok Im f=0:True f>=0:True all parts>=0:True |f-SOS|/scale=0.00e+00 f/scale=1.000e+00 min part/scale=0.000e+00 (0.0s)
  P44.json d=8 degenerate     identity=ok Im f=0:True f>=0:True all parts>=0:True |f-SOS|/scale=0.00e+00 f/scale=1.000e+00 min part/scale=2.467e-07 (0.0s)
  P44.json d=8 near_singular  identity=ok Im f=0:True f>=0:True all parts>=0:True |f-SOS|/scale=0.00e+00 f/scale=1.000e+00 min part/scale=3.942e-06 (0.1s)
== P44.json [exact]: 35/35 samples pass; worst |f-SOS|/scale 0.00e+00; min f/scale 1.000e+00; min part/scale 0.000e+00 (0.7s)
  F24_11-xx-yy.json d=2 generic        identity=ok Im f=0:True f>=0:True all parts>=0:True |f-SOS|/scale=0.00e+00 f/scale=2.958e-01 min part/scale=1.178e-03 (0.0s)
  F24_11-xx-yy.json d=2 spread         identity=ok Im f=0:True f>=0:True all parts>=0:True |f-SOS|/scale=0.00e+00 f/scale=9.987e-01 min part/scale=3.995e-25 (0.0s)
  F24_11-xx-yy.json d=2 singular       identity=ok Im f=0:True f>=0:True all parts>=0:True |f-SOS|/scale=0.00e+00 f/scale=9.992e-01 min part/scale=0.000e+00 (0.0s)
  F24_11-xx-yy.json d=2 degenerate     identity=ok Im f=0:True f>=0:True all parts>=0:True |f-SOS|/scale=0.00e+00 f/scale=2.600e-01 min part/scale=4.012e-04 (0.0s)
  F24_11-xx-yy.json d=2 near_singular  identity=ok Im f=0:True f>=0:True all parts>=0:True |f-SOS|/scale=0.00e+00 f/scale=9.992e-01 min part/scale=2.054e-27 (0.0s)
  F24_11-xx-yy.json d=3 generic        identity=ok Im f=0:True f>=0:True all parts>=0:True |f-SOS|/scale=0.00e+00 f/scale=4.548e-01 min part/scale=3.755e-04 (0.0s)
  F24_11-xx-yy.json d=3 spread         identity=ok Im f=0:True f>=0:True all parts>=0:True |f-SOS|/scale=0.00e+00 f/scale=8.247e-01 min part/scale=4.085e-15 (0.0s)
  F24_11-xx-yy.json d=3 singular       identity=ok Im f=0:True f>=0:True all parts>=0:True |f-SOS|/scale=0.00e+00 f/scale=9.539e-01 min part/scale=0.000e+00 (0.0s)
  F24_11-xx-yy.json d=3 degenerate     identity=ok Im f=0:True f>=0:True all parts>=0:True |f-SOS|/scale=0.00e+00 f/scale=6.216e-01 min part/scale=9.670e-04 (0.0s)
  F24_11-xx-yy.json d=3 near_singular  identity=ok Im f=0:True f>=0:True all parts>=0:True |f-SOS|/scale=0.00e+00 f/scale=1.445e-01 min part/scale=1.245e-04 (0.0s)
  F24_11-xx-yy.json d=4 generic        identity=ok Im f=0:True f>=0:True all parts>=0:True |f-SOS|/scale=0.00e+00 f/scale=6.660e-01 min part/scale=1.280e-03 (0.0s)
  F24_11-xx-yy.json d=4 spread         identity=ok Im f=0:True f>=0:True all parts>=0:True |f-SOS|/scale=0.00e+00 f/scale=9.952e-01 min part/scale=3.199e-10 (0.0s)
  F24_11-xx-yy.json d=4 singular       identity=ok Im f=0:True f>=0:True all parts>=0:True |f-SOS|/scale=0.00e+00 f/scale=3.459e-01 min part/scale=0.000e+00 (0.0s)
  F24_11-xx-yy.json d=4 degenerate     identity=ok Im f=0:True f>=0:True all parts>=0:True |f-SOS|/scale=0.00e+00 f/scale=4.056e-01 min part/scale=6.880e-04 (0.0s)
  F24_11-xx-yy.json d=4 near_singular  identity=ok Im f=0:True f>=0:True all parts>=0:True |f-SOS|/scale=0.00e+00 f/scale=1.900e-01 min part/scale=3.323e-05 (0.0s)
  F24_11-xx-yy.json d=5 generic        identity=ok Im f=0:True f>=0:True all parts>=0:True |f-SOS|/scale=0.00e+00 f/scale=6.904e-02 min part/scale=6.673e-05 (0.0s)
  F24_11-xx-yy.json d=5 spread         identity=ok Im f=0:True f>=0:True all parts>=0:True |f-SOS|/scale=0.00e+00 f/scale=9.988e-01 min part/scale=1.542e-09 (0.0s)
  F24_11-xx-yy.json d=5 singular       identity=ok Im f=0:True f>=0:True all parts>=0:True |f-SOS|/scale=0.00e+00 f/scale=4.638e-01 min part/scale=0.000e+00 (0.0s)
  F24_11-xx-yy.json d=5 degenerate     identity=ok Im f=0:True f>=0:True all parts>=0:True |f-SOS|/scale=0.00e+00 f/scale=1.391e-01 min part/scale=1.859e-04 (0.0s)
  F24_11-xx-yy.json d=5 near_singular  identity=ok Im f=0:True f>=0:True all parts>=0:True |f-SOS|/scale=0.00e+00 f/scale=1.630e-01 min part/scale=2.064e-04 (0.0s)
  F24_11-xx-yy.json d=6 generic        identity=ok Im f=0:True f>=0:True all parts>=0:True |f-SOS|/scale=0.00e+00 f/scale=1.948e-01 min part/scale=8.710e-04 (0.0s)
  F24_11-xx-yy.json d=6 spread         identity=ok Im f=0:True f>=0:True all parts>=0:True |f-SOS|/scale=0.00e+00 f/scale=9.410e-01 min part/scale=4.846e-08 (0.0s)
  F24_11-xx-yy.json d=6 singular       identity=ok Im f=0:True f>=0:True all parts>=0:True |f-SOS|/scale=0.00e+00 f/scale=2.840e-01 min part/scale=0.000e+00 (0.0s)
  F24_11-xx-yy.json d=6 degenerate     identity=ok Im f=0:True f>=0:True all parts>=0:True |f-SOS|/scale=0.00e+00 f/scale=4.876e-01 min part/scale=8.034e-04 (0.0s)
  F24_11-xx-yy.json d=6 near_singular  identity=ok Im f=0:True f>=0:True all parts>=0:True |f-SOS|/scale=0.00e+00 f/scale=4.277e-01 min part/scale=6.899e-04 (0.0s)
  F24_11-xx-yy.json d=7 generic        identity=ok Im f=0:True f>=0:True all parts>=0:True |f-SOS|/scale=0.00e+00 f/scale=1.183e-01 min part/scale=5.224e-04 (0.0s)
  F24_11-xx-yy.json d=7 spread         identity=ok Im f=0:True f>=0:True all parts>=0:True |f-SOS|/scale=0.00e+00 f/scale=9.989e-01 min part/scale=4.063e-09 (0.0s)
  F24_11-xx-yy.json d=7 singular       identity=ok Im f=0:True f>=0:True all parts>=0:True |f-SOS|/scale=0.00e+00 f/scale=6.220e-02 min part/scale=0.000e+00 (0.0s)
  F24_11-xx-yy.json d=7 degenerate     identity=ok Im f=0:True f>=0:True all parts>=0:True |f-SOS|/scale=0.00e+00 f/scale=5.003e-02 min part/scale=6.008e-05 (0.0s)
  F24_11-xx-yy.json d=7 near_singular  identity=ok Im f=0:True f>=0:True all parts>=0:True |f-SOS|/scale=0.00e+00 f/scale=2.401e-01 min part/scale=2.303e-04 (0.0s)
  F24_11-xx-yy.json d=8 generic        identity=ok Im f=0:True f>=0:True all parts>=0:True |f-SOS|/scale=0.00e+00 f/scale=2.780e-01 min part/scale=9.649e-04 (0.0s)
  F24_11-xx-yy.json d=8 spread         identity=ok Im f=0:True f>=0:True all parts>=0:True |f-SOS|/scale=0.00e+00 f/scale=9.983e-01 min part/scale=5.528e-06 (0.0s)
  F24_11-xx-yy.json d=8 singular       identity=ok Im f=0:True f>=0:True all parts>=0:True |f-SOS|/scale=0.00e+00 f/scale=5.187e-01 min part/scale=0.000e+00 (0.0s)
  F24_11-xx-yy.json d=8 degenerate     identity=ok Im f=0:True f>=0:True all parts>=0:True |f-SOS|/scale=0.00e+00 f/scale=2.203e-01 min part/scale=3.242e-04 (0.0s)
  F24_11-xx-yy.json d=8 near_singular  identity=ok Im f=0:True f>=0:True all parts>=0:True |f-SOS|/scale=0.00e+00 f/scale=7.968e-02 min part/scale=3.249e-04 (0.0s)
== F24_11-xx-yy.json [exact]: 35/35 samples pass; worst |f-SOS|/scale 0.00e+00; min f/scale 5.003e-02; min part/scale 0.000e+00 (0.2s)
  F42_11-xx-yy.json d=2 generic        identity=ok Im f=0:True f>=0:True all parts>=0:True |f-SOS|/scale=0.00e+00 f/scale=7.819e-03 min part/scale=1.873e-05 (0.0s)
  F42_11-xx-yy.json d=2 spread         identity=ok Im f=0:True f>=0:True all parts>=0:True |f-SOS|/scale=0.00e+00 f/scale=4.971e-02 min part/scale=3.497e-25 (0.0s)
  F42_11-xx-yy.json d=2 singular       identity=ok Im f=0:True f>=0:True all parts>=0:True |f-SOS|/scale=0.00e+00 f/scale=4.483e-01 min part/scale=0.000e+00 (0.0s)
  F42_11-xx-yy.json d=2 degenerate     identity=ok Im f=0:True f>=0:True all parts>=0:True |f-SOS|/scale=0.00e+00 f/scale=2.931e-01 min part/scale=2.541e-06 (0.0s)
  F42_11-xx-yy.json d=2 near_singular  identity=ok Im f=0:True f>=0:True all parts>=0:True |f-SOS|/scale=0.00e+00 f/scale=5.556e-01 min part/scale=1.809e-26 (0.0s)
  F42_11-xx-yy.json d=3 generic        identity=ok Im f=0:True f>=0:True all parts>=0:True |f-SOS|/scale=0.00e+00 f/scale=2.591e-02 min part/scale=6.206e-05 (0.0s)
  F42_11-xx-yy.json d=3 spread         identity=ok Im f=0:True f>=0:True all parts>=0:True |f-SOS|/scale=0.00e+00 f/scale=1.001e-01 min part/scale=2.767e-13 (0.0s)
  F42_11-xx-yy.json d=3 singular       identity=ok Im f=0:True f>=0:True all parts>=0:True |f-SOS|/scale=0.00e+00 f/scale=5.371e-01 min part/scale=0.000e+00 (0.0s)
  F42_11-xx-yy.json d=3 degenerate     identity=ok Im f=0:True f>=0:True all parts>=0:True |f-SOS|/scale=0.00e+00 f/scale=1.573e-02 min part/scale=1.364e-07 (0.0s)
  F42_11-xx-yy.json d=3 near_singular  identity=ok Im f=0:True f>=0:True all parts>=0:True |f-SOS|/scale=0.00e+00 f/scale=8.099e-02 min part/scale=6.704e-04 (0.0s)
  F42_11-xx-yy.json d=4 generic        identity=ok Im f=0:True f>=0:True all parts>=0:True |f-SOS|/scale=0.00e+00 f/scale=2.346e-01 min part/scale=5.946e-04 (0.0s)
  F42_11-xx-yy.json d=4 spread         identity=ok Im f=0:True f>=0:True all parts>=0:True |f-SOS|/scale=0.00e+00 f/scale=9.011e-01 min part/scale=4.106e-09 (0.0s)
  F42_11-xx-yy.json d=4 singular       identity=ok Im f=0:True f>=0:True all parts>=0:True |f-SOS|/scale=0.00e+00 f/scale=4.487e-01 min part/scale=0.000e+00 (0.0s)
  F42_11-xx-yy.json d=4 degenerate     identity=ok Im f=0:True f>=0:True all parts>=0:True |f-SOS|/scale=0.00e+00 f/scale=7.439e-03 min part/scale=6.450e-08 (0.0s)
  F42_11-xx-yy.json d=4 near_singular  identity=ok Im f=0:True f>=0:True all parts>=0:True |f-SOS|/scale=0.00e+00 f/scale=3.028e-01 min part/scale=4.218e-03 (0.0s)
  F42_11-xx-yy.json d=5 generic        identity=ok Im f=0:True f>=0:True all parts>=0:True |f-SOS|/scale=0.00e+00 f/scale=1.029e-02 min part/scale=1.451e-05 (0.0s)
  F42_11-xx-yy.json d=5 spread         identity=ok Im f=0:True f>=0:True all parts>=0:True |f-SOS|/scale=0.00e+00 f/scale=3.894e-01 min part/scale=2.591e-07 (0.0s)
  F42_11-xx-yy.json d=5 singular       identity=ok Im f=0:True f>=0:True all parts>=0:True |f-SOS|/scale=0.00e+00 f/scale=2.153e-01 min part/scale=0.000e+00 (0.0s)
  F42_11-xx-yy.json d=5 degenerate     identity=ok Im f=0:True f>=0:True all parts>=0:True |f-SOS|/scale=0.00e+00 f/scale=1.779e-01 min part/scale=1.542e-06 (0.0s)
  F42_11-xx-yy.json d=5 near_singular  identity=ok Im f=0:True f>=0:True all parts>=0:True |f-SOS|/scale=0.00e+00 f/scale=1.436e-01 min part/scale=6.766e-04 (0.0s)
  F42_11-xx-yy.json d=6 generic        identity=ok Im f=0:True f>=0:True all parts>=0:True |f-SOS|/scale=0.00e+00 f/scale=6.383e-02 min part/scale=1.110e-04 (0.0s)
  F42_11-xx-yy.json d=6 spread         identity=ok Im f=0:True f>=0:True all parts>=0:True |f-SOS|/scale=0.00e+00 f/scale=4.473e-01 min part/scale=2.786e-07 (0.0s)
  F42_11-xx-yy.json d=6 singular       identity=ok Im f=0:True f>=0:True all parts>=0:True |f-SOS|/scale=0.00e+00 f/scale=4.646e-01 min part/scale=0.000e+00 (0.0s)
  F42_11-xx-yy.json d=6 degenerate     identity=ok Im f=0:True f>=0:True all parts>=0:True |f-SOS|/scale=0.00e+00 f/scale=8.860e-02 min part/scale=7.682e-07 (0.0s)
  F42_11-xx-yy.json d=6 near_singular  identity=ok Im f=0:True f>=0:True all parts>=0:True |f-SOS|/scale=0.00e+00 f/scale=5.889e-02 min part/scale=4.247e-04 (0.0s)
  F42_11-xx-yy.json d=7 generic        identity=ok Im f=0:True f>=0:True all parts>=0:True |f-SOS|/scale=0.00e+00 f/scale=4.002e-02 min part/scale=1.118e-04 (0.0s)
  F42_11-xx-yy.json d=7 spread         identity=ok Im f=0:True f>=0:True all parts>=0:True |f-SOS|/scale=0.00e+00 f/scale=6.970e-01 min part/scale=3.653e-04 (0.0s)
  F42_11-xx-yy.json d=7 singular       identity=ok Im f=0:True f>=0:True all parts>=0:True |f-SOS|/scale=0.00e+00 f/scale=5.083e-01 min part/scale=0.000e+00 (0.0s)
  F42_11-xx-yy.json d=7 degenerate     identity=ok Im f=0:True f>=0:True all parts>=0:True |f-SOS|/scale=0.00e+00 f/scale=4.948e-02 min part/scale=4.290e-07 (0.0s)
  F42_11-xx-yy.json d=7 near_singular  identity=ok Im f=0:True f>=0:True all parts>=0:True |f-SOS|/scale=0.00e+00 f/scale=8.308e-02 min part/scale=5.483e-04 (0.0s)
  F42_11-xx-yy.json d=8 generic        identity=ok Im f=0:True f>=0:True all parts>=0:True |f-SOS|/scale=0.00e+00 f/scale=8.027e-02 min part/scale=2.402e-04 (0.0s)
  F42_11-xx-yy.json d=8 spread         identity=ok Im f=0:True f>=0:True all parts>=0:True |f-SOS|/scale=0.00e+00 f/scale=6.186e-01 min part/scale=1.054e-04 (0.0s)
  F42_11-xx-yy.json d=8 singular       identity=ok Im f=0:True f>=0:True all parts>=0:True |f-SOS|/scale=0.00e+00 f/scale=1.005e-01 min part/scale=0.000e+00 (0.0s)
  F42_11-xx-yy.json d=8 degenerate     identity=ok Im f=0:True f>=0:True all parts>=0:True |f-SOS|/scale=0.00e+00 f/scale=1.232e-01 min part/scale=1.068e-06 (0.0s)
  F42_11-xx-yy.json d=8 near_singular  identity=ok Im f=0:True f>=0:True all parts>=0:True |f-SOS|/scale=0.00e+00 f/scale=8.392e-02 min part/scale=3.945e-04 (0.0s)
== F42_11-xx-yy.json [exact]: 35/35 samples pass; worst |f-SOS|/scale 0.00e+00; min f/scale 7.439e-03; min part/scale 0.000e+00 (0.1s)
SUMMARY {"F44_11-xx-yy.json": {"samples": 35, "ok": 35, "worst_rel_diff": 0.0, "min_f_over_scale": 0.04906975215254146, "min_part_over_scale": 0.0, "seconds": 4.4}, "F44_gram.json": {"samples": 35, "ok": 35, "worst_rel_diff": 0.0, "min_f_over_scale": 0.024714480227139735, "min_part_over_scale": 0.0, "seconds": 3.1}, "D44_11-xx-yy.json": {"samples": 35, "ok": 35, "worst_rel_diff": 0.0, "min_f_over_scale": 0.0030010564570933703, "min_part_over_scale": 0.0, "seconds": 3.4}, "M44_11-xx-yy.json": {"samples": 35, "ok": 35, "worst_rel_diff": 0.0, "min_f_over_scale": 0.02589642802798228, "min_part_over_scale": 0.0, "seconds": 3.5}, "F34m_11-xx-yy.json": {"samples": 26, "ok": 26, "worst_rel_diff": 0.0, "min_f_over_scale": 0.01812449661144953, "min_part_over_scale": 0.0, "seconds": 14.7}, "D34m_11-xx-yy.json": {"samples": 26, "ok": 26, "worst_rel_diff": 0.0, "min_f_over_scale": 0.002623954304544103, "min_part_over_scale": 0.0, "seconds": 16.8}, "M34m_11-xx-yy.json": {"samples": 26, "ok": 26, "worst_rel_diff": 0.0, "min_f_over_scale": 0.0, "min_part_over_scale": 0.0, "seconds": 16.9}, "F64_11-xx-yy.json": {"samples": 26, "ok": 26, "worst_rel_diff": 0.0, "min_f_over_scale": 0.0005006331728228068, "min_part_over_scale": 0.0, "seconds": 19.2}, "P44.json": {"samples": 35, "ok": 35, "worst_rel_diff": 0.0, "min_f_over_scale": 1.0, "min_part_over_scale": 0.0, "seconds": 0.7}, "F24_11-xx-yy.json": {"samples": 35, "ok": 35, "worst_rel_diff": 0.0, "min_f_over_scale": 0.050027464905178724, "min_part_over_scale": 0.0, "seconds": 0.2}, "F42_11-xx-yy.json": {"samples": 35, "ok": 35, "worst_rel_diff": 0.0, "min_f_over_scale": 0.007439473195379363, "min_part_over_scale": 0.0, "seconds": 0.1}}
