# run 2026-10-09 00:08:12 mode=arb files=['F44_11-xx-yy.json', 'F34m_11-xx-yy.json', 'D34m_11-xx-yy.json', 'M34m_11-xx-yy.json', 'F64_11-xx-yy.json'] full68=True
  F44_11-xx-yy.json d=6 generic        identity=ok Im f=0:True f>=0:True all parts>=0:True |f-SOS|/scale=1.97e-180 f/scale=9.050e-02 min part/scale=6.865e-06 (0.2s)
  F44_11-xx-yy.json d=6 spread         identity=ok Im f=0:True f>=0:True all parts>=0:True |f-SOS|/scale=1.04e-179 f/scale=5.726e-01 min part/scale=6.717e-07 (0.2s)
  F44_11-xx-yy.json d=6 very_spread    identity=ok Im f=0:True f>=0:True all parts>=0:True |f-SOS|/scale=0.00e+00 f/scale=8.462e-01 min part/scale=7.295e-16 (0.3s)
  F44_11-xx-yy.json d=6 near_singular  identity=ok Im f=0:True f>=0:True all parts>=0:True |f-SOS|/scale=0.00e+00 f/scale=1.168e-01 min part/scale=9.432e-06 (0.3s)
  F44_11-xx-yy.json d=6 degenerate     identity=ok Im f=0:True f>=0:True all parts>=0:True |f-SOS|/scale=4.93e-180 f/scale=4.510e-01 min part/scale=1.250e-06 (0.2s)
  F44_11-xx-yy.json d=6 near_commuting identity=ok Im f=0:True f>=0:True all parts>=0:True |f-SOS|/scale=0.00e+00 f/scale=5.734e-12 min part/scale=2.176e-17 (0.3s)
  F44_11-xx-yy.json d=7 generic        identity=ok Im f=0:True f>=0:True all parts>=0:True |f-SOS|/scale=6.87e-180 f/scale=4.371e-01 min part/scale=2.364e-06 (0.2s)
  F44_11-xx-yy.json d=7 spread         identity=ok Im f=0:True f>=0:True all parts>=0:True |f-SOS|/scale=2.11e-179 f/scale=8.383e-01 min part/scale=8.276e-08 (0.2s)
  F44_11-xx-yy.json d=7 very_spread    identity=ok Im f=0:True f>=0:True all parts>=0:True |f-SOS|/scale=0.00e+00 f/scale=9.015e-01 min part/scale=2.678e-14 (0.4s)
  F44_11-xx-yy.json d=7 near_singular  identity=ok Im f=0:True f>=0:True all parts>=0:True |f-SOS|/scale=0.00e+00 f/scale=3.757e-01 min part/scale=9.254e-06 (0.4s)
  F44_11-xx-yy.json d=7 degenerate     identity=ok Im f=0:True f>=0:True all parts>=0:True |f-SOS|/scale=5.78e-180 f/scale=4.243e-01 min part/scale=6.912e-07 (0.2s)
  F44_11-xx-yy.json d=7 near_commuting identity=ok Im f=0:True f>=0:True all parts>=0:True |f-SOS|/scale=0.00e+00 f/scale=5.414e-11 min part/scale=1.261e-16 (0.4s)
  F44_11-xx-yy.json d=8 generic        identity=ok Im f=0:True f>=0:True all parts>=0:True |f-SOS|/scale=0.00e+00 f/scale=1.310e-01 min part/scale=2.182e-06 (0.3s)
  F44_11-xx-yy.json d=8 spread         identity=ok Im f=0:True f>=0:True all parts>=0:True |f-SOS|/scale=2.51e-179 f/scale=9.998e-01 min part/scale=1.407e-09 (0.3s)
  F44_11-xx-yy.json d=8 very_spread    identity=ok Im f=0:True f>=0:True all parts>=0:True |f-SOS|/scale=0.00e+00 f/scale=6.651e-01 min part/scale=2.186e-12 (0.5s)
  F44_11-xx-yy.json d=8 near_singular  identity=ok Im f=0:True f>=0:True all parts>=0:True |f-SOS|/scale=0.00e+00 f/scale=1.396e-01 min part/scale=5.656e-06 (0.5s)
  F44_11-xx-yy.json d=8 degenerate     identity=ok Im f=0:True f>=0:True all parts>=0:True |f-SOS|/scale=1.45e-180 f/scale=2.179e-01 min part/scale=8.697e-07 (0.3s)
  F44_11-xx-yy.json d=8 near_commuting identity=ok Im f=0:True f>=0:True all parts>=0:True |f-SOS|/scale=0.00e+00 f/scale=2.056e-12 min part/scale=5.955e-18 (0.5s)
== F44_11-xx-yy.json [arb]: 18/18 samples pass; worst |f-SOS|/scale 2.51e-179; min f/scale 2.056e-12; min part/scale 5.955e-18 (5.6s)
  F34m_11-xx-yy.json d=6 generic        identity=ok Im f=0:True f>=0:True all parts>=0:True |f-SOS|/scale=1.25e-179 f/scale=1.870e-01 min part/scale=3.137e-03 (0.9s)
  F34m_11-xx-yy.json d=6 spread         identity=ok Im f=0:True f>=0:True all parts>=0:True |f-SOS|/scale=7.90e-179 f/scale=8.692e-01 min part/scale=2.640e-03 (0.9s)
  F34m_11-xx-yy.json d=6 very_spread    identity=ok Im f=0:True f>=0:True all parts>=0:True |f-SOS|/scale=0.00e+00 f/scale=7.942e-01 min part/scale=4.925e-07 (2.1s)
  F34m_11-xx-yy.json d=6 near_singular  identity=ok Im f=0:True f>=0:True all parts>=0:True |f-SOS|/scale=0.00e+00 f/scale=1.519e-01 min part/scale=1.850e-03 (2.0s)
  F34m_11-xx-yy.json d=6 degenerate     identity=ok Im f=0:True f>=0:True all parts>=0:True |f-SOS|/scale=3.86e-179 f/scale=6.299e-01 min part/scale=1.911e-02 (0.9s)
  F34m_11-xx-yy.json d=6 near_commuting identity=ok Im f=0:True f>=0:True all parts>=0:True |f-SOS|/scale=0.00e+00 f/scale=2.678e-12 min part/scale=4.910e-14 (2.2s)
  F34m_11-xx-yy.json d=7 generic        identity=ok Im f=0:True f>=0:True all parts>=0:True |f-SOS|/scale=0.00e+00 f/scale=6.989e-02 min part/scale=1.010e-03 (1.2s)
  F34m_11-xx-yy.json d=7 spread         identity=ok Im f=0:True f>=0:True all parts>=0:True |f-SOS|/scale=7.97e-179 f/scale=9.926e-01 min part/scale=8.904e-04 (1.2s)
  F34m_11-xx-yy.json d=7 very_spread    identity=ok Im f=0:True f>=0:True all parts>=0:True |f-SOS|/scale=0.00e+00 f/scale=8.141e-01 min part/scale=2.917e-07 (2.8s)
  F34m_11-xx-yy.json d=7 near_singular  identity=ok Im f=0:True f>=0:True all parts>=0:True |f-SOS|/scale=0.00e+00 f/scale=3.803e-01 min part/scale=7.058e-03 (2.8s)
  F34m_11-xx-yy.json d=7 degenerate     identity=ok Im f=0:True f>=0:True all parts>=0:True |f-SOS|/scale=0.00e+00 f/scale=7.730e-01 min part/scale=2.505e-02 (1.2s)
  F34m_11-xx-yy.json d=7 near_commuting identity=ok Im f=0:True f>=0:True all parts>=0:True |f-SOS|/scale=0.00e+00 f/scale=4.586e-12 min part/scale=4.613e-14 (2.8s)
  F34m_11-xx-yy.json d=8 generic        identity=ok Im f=0:True f>=0:True all parts>=0:True |f-SOS|/scale=0.00e+00 f/scale=8.610e-02 min part/scale=1.369e-03 (1.6s)
  F34m_11-xx-yy.json d=8 spread         identity=ok Im f=0:True f>=0:True all parts>=0:True |f-SOS|/scale=8.77e-179 f/scale=9.710e-01 min part/scale=2.224e-03 (1.6s)
  F34m_11-xx-yy.json d=8 very_spread    identity=ok Im f=0:True f>=0:True all parts>=0:True |f-SOS|/scale=0.00e+00 f/scale=9.984e-01 min part/scale=9.434e-06 (3.6s)
  F34m_11-xx-yy.json d=8 near_singular  identity=ok Im f=0:True f>=0:True all parts>=0:True |f-SOS|/scale=0.00e+00 f/scale=3.503e-01 min part/scale=6.558e-03 (3.6s)
  F34m_11-xx-yy.json d=8 degenerate     identity=ok Im f=0:True f>=0:True all parts>=0:True |f-SOS|/scale=0.00e+00 f/scale=3.732e-01 min part/scale=9.102e-03 (1.5s)
  F34m_11-xx-yy.json d=8 near_commuting identity=ok Im f=0:True f>=0:True all parts>=0:True |f-SOS|/scale=0.00e+00 f/scale=4.318e-12 min part/scale=4.382e-14 (3.7s)
== F34m_11-xx-yy.json [arb]: 18/18 samples pass; worst |f-SOS|/scale 8.77e-179; min f/scale 2.678e-12; min part/scale 4.382e-14 (36.7s)
  D34m_11-xx-yy.json d=6 generic        identity=ok Im f=0:True f>=0:True all parts>=0:True |f-SOS|/scale=4.82e-181 f/scale=6.549e-02 min part/scale=3.271e-03 (0.9s)
  D34m_11-xx-yy.json d=6 spread         identity=ok Im f=0:True f>=0:True all parts>=0:True |f-SOS|/scale=3.40e-179 f/scale=3.561e-01 min part/scale=5.267e-06 (0.9s)
  D34m_11-xx-yy.json d=6 very_spread    identity=ok Im f=0:True f>=0:True all parts>=0:True |f-SOS|/scale=0.00e+00 f/scale=3.130e-01 min part/scale=6.164e-07 (2.0s)
  D34m_11-xx-yy.json d=6 near_singular  identity=ok Im f=0:True f>=0:True all parts>=0:True |f-SOS|/scale=0.00e+00 f/scale=1.984e-02 min part/scale=4.347e-04 (2.0s)
  D34m_11-xx-yy.json d=6 degenerate     identity=ok Im f=0:True f>=0:True all parts>=0:True |f-SOS|/scale=1.93e-180 f/scale=1.013e-01 min part/scale=9.285e-03 (0.9s)
  D34m_11-xx-yy.json d=6 near_commuting identity=ok Im f=0:True f>=0:True all parts>=0:True |f-SOS|/scale=0.00e+00 f/scale=2.600e-12 min part/scale=1.021e-13 (1.9s)
  D34m_11-xx-yy.json d=7 generic        identity=ok Im f=0:True f>=0:True all parts>=0:True |f-SOS|/scale=0.00e+00 f/scale=2.830e-02 min part/scale=1.392e-03 (1.2s)
  D34m_11-xx-yy.json d=7 spread         identity=ok Im f=0:True f>=0:True all parts>=0:True |f-SOS|/scale=1.90e-179 f/scale=1.865e-01 min part/scale=6.728e-06 (1.1s)
  D34m_11-xx-yy.json d=7 very_spread    identity=ok Im f=0:True f>=0:True all parts>=0:True |f-SOS|/scale=0.00e+00 f/scale=3.411e-01 min part/scale=8.493e-06 (2.7s)
  D34m_11-xx-yy.json d=7 near_singular  identity=ok Im f=0:True f>=0:True all parts>=0:True |f-SOS|/scale=0.00e+00 f/scale=9.955e-02 min part/scale=5.528e-03 (2.7s)
  D34m_11-xx-yy.json d=7 degenerate     identity=ok Im f=0:True f>=0:True all parts>=0:True |f-SOS|/scale=0.00e+00 f/scale=1.363e-01 min part/scale=1.225e-02 (1.2s)
  D34m_11-xx-yy.json d=7 near_commuting identity=ok Im f=0:True f>=0:True all parts>=0:True |f-SOS|/scale=0.00e+00 f/scale=4.000e-12 min part/scale=3.520e-13 (2.7s)
  D34m_11-xx-yy.json d=8 generic        identity=ok Im f=0:True f>=0:True all parts>=0:True |f-SOS|/scale=0.00e+00 f/scale=4.715e-02 min part/scale=3.269e-03 (1.5s)
  D34m_11-xx-yy.json d=8 spread         identity=ok Im f=0:True f>=0:True all parts>=0:True |f-SOS|/scale=6.17e-179 f/scale=4.761e-01 min part/scale=6.097e-06 (1.5s)
  D34m_11-xx-yy.json d=8 very_spread    identity=ok Im f=0:True f>=0:True all parts>=0:True |f-SOS|/scale=0.00e+00 f/scale=3.586e-01 min part/scale=2.349e-06 (3.6s)
  D34m_11-xx-yy.json d=8 near_singular  identity=ok Im f=0:True f>=0:True all parts>=0:True |f-SOS|/scale=0.00e+00 f/scale=6.301e-02 min part/scale=2.158e-03 (3.5s)
  D34m_11-xx-yy.json d=8 degenerate     identity=ok Im f=0:True f>=0:True all parts>=0:True |f-SOS|/scale=0.00e+00 f/scale=1.031e-01 min part/scale=9.439e-03 (1.5s)
  D34m_11-xx-yy.json d=8 near_commuting identity=ok Im f=0:True f>=0:True all parts>=0:True |f-SOS|/scale=0.00e+00 f/scale=1.443e-12 min part/scale=6.960e-14 (3.5s)
== D34m_11-xx-yy.json [arb]: 18/18 samples pass; worst |f-SOS|/scale 6.17e-179; min f/scale 1.443e-12; min part/scale 6.960e-14 (35.3s)
  M34m_11-xx-yy.json d=6 generic        identity=ok Im f=0:True f>=0:True all parts>=0:True |f-SOS|/scale=1.64e-179 f/scale=2.916e-01 min part/scale=3.038e-03 (0.9s)
  M34m_11-xx-yy.json d=6 spread         identity=ok Im f=0:True f>=0:True all parts>=0:True |f-SOS|/scale=3.08e-179 f/scale=9.993e-01 min part/scale=2.921e-03 (0.9s)
  M34m_11-xx-yy.json d=6 very_spread    identity=ok Im f=0:True f>=0:True all parts>=0:True |f-SOS|/scale=0.00e+00 f/scale=9.687e-01 min part/scale=1.433e-07 (1.9s)
  M34m_11-xx-yy.json d=6 near_singular  identity=ok Im f=0:True f>=0:True all parts>=0:True |f-SOS|/scale=0.00e+00 f/scale=3.343e-01 min part/scale=3.459e-03 (2.1s)
  M34m_11-xx-yy.json d=6 degenerate     identity=ok Im f=0:True f>=0:True all parts>=0:True |f-SOS|/scale=1.35e-179 f/scale=2.089e-01 min part/scale=1.485e-03 (0.9s)
  M34m_11-xx-yy.json d=6 near_commuting identity=ok Im f=0:True f>=0:True all parts>=0:True |f-SOS|/scale=0.00e+00 f/scale=4.908e-12 min part/scale=1.373e-14 (2.0s)
  M34m_11-xx-yy.json d=7 generic        identity=ok Im f=0:True f>=0:True all parts>=0:True |f-SOS|/scale=1.54e-179 f/scale=3.419e-01 min part/scale=2.690e-03 (1.2s)
  M34m_11-xx-yy.json d=7 spread         identity=ok Im f=0:True f>=0:True all parts>=0:True |f-SOS|/scale=3.18e-179 f/scale=4.971e-01 min part/scale=2.865e-03 (1.2s)
  M34m_11-xx-yy.json d=7 very_spread    identity=ok Im f=0:True f>=0:True all parts>=0:True |f-SOS|/scale=0.00e+00 f/scale=9.944e-01 min part/scale=1.802e-08 (2.6s)
  M34m_11-xx-yy.json d=7 near_singular  identity=ok Im f=0:True f>=0:True all parts>=0:True |f-SOS|/scale=0.00e+00 f/scale=2.913e-01 min part/scale=2.565e-03 (2.6s)
  M34m_11-xx-yy.json d=7 degenerate     identity=ok Im f=0:True f>=0:True all parts>=0:True |f-SOS|/scale=0.00e+00 f/scale=2.580e-01 min part/scale=2.032e-03 (1.2s)
  M34m_11-xx-yy.json d=7 near_commuting identity=ok Im f=0:True f>=0:True all parts>=0:True |f-SOS|/scale=0.00e+00 f/scale=8.351e-11 min part/scale=1.131e-12 (2.7s)
  M34m_11-xx-yy.json d=8 generic        identity=ok Im f=0:True f>=0:True all parts>=0:True |f-SOS|/scale=0.00e+00 f/scale=1.252e-01 min part/scale=1.240e-03 (1.5s)
  M34m_11-xx-yy.json d=8 spread         identity=ok Im f=0:True f>=0:True all parts>=0:True |f-SOS|/scale=3.08e-179 f/scale=9.992e-01 min part/scale=6.107e-04 (1.5s)
  M34m_11-xx-yy.json d=8 very_spread    identity=ok Im f=0:True f>=0:True all parts>=0:True |f-SOS|/scale=0.00e+00 f/scale=9.976e-01 min part/scale=1.164e-05 (3.5s)
  M34m_11-xx-yy.json d=8 near_singular  identity=ok Im f=0:True f>=0:True all parts>=0:True |f-SOS|/scale=0.00e+00 f/scale=3.768e-01 min part/scale=3.775e-03 (3.5s)
  M34m_11-xx-yy.json d=8 degenerate     identity=ok Im f=0:True f>=0:True all parts>=0:True |f-SOS|/scale=0.00e+00 f/scale=3.183e-01 min part/scale=2.792e-03 (1.5s)
  M34m_11-xx-yy.json d=8 near_commuting identity=ok Im f=0:True f>=0:True all parts>=0:True |f-SOS|/scale=0.00e+00 f/scale=9.560e-12 min part/scale=2.975e-14 (3.4s)
== M34m_11-xx-yy.json [arb]: 18/18 samples pass; worst |f-SOS|/scale 3.18e-179; min f/scale 4.908e-12; min part/scale 1.373e-14 (34.9s)
  F64_11-xx-yy.json d=6 generic        identity=ok Im f=0:True f>=0:True all parts>=0:True |f-SOS|/scale=0.00e+00 f/scale=1.221e-01 min part/scale=3.126e-03 (1.0s)
  F64_11-xx-yy.json d=6 spread         identity=ok Im f=0:True f>=0:True all parts>=0:True |f-SOS|/scale=1.25e-178 f/scale=8.586e-01 min part/scale=2.651e-06 (1.0s)
  F64_11-xx-yy.json d=6 very_spread    identity=ok Im f=0:True f>=0:True all parts>=0:True |f-SOS|/scale=0.00e+00 f/scale=9.805e-01 min part/scale=2.932e-06 (2.2s)
  F64_11-xx-yy.json d=6 near_singular  identity=ok Im f=0:True f>=0:True all parts>=0:True |f-SOS|/scale=0.00e+00 f/scale=4.249e-01 min part/scale=1.605e-02 (2.2s)
  F64_11-xx-yy.json d=6 degenerate     identity=ok Im f=0:True f>=0:True all parts>=0:True |f-SOS|/scale=3.08e-179 f/scale=6.086e-01 min part/scale=2.511e-02 (1.0s)
  F64_11-xx-yy.json d=6 near_commuting identity=ok Im f=0:True f>=0:True all parts>=0:True |f-SOS|/scale=0.00e+00 f/scale=3.006e-12 min part/scale=5.894e-14 (2.3s)
  F64_11-xx-yy.json d=7 generic        identity=ok Im f=0:True f>=0:True all parts>=0:True |f-SOS|/scale=3.47e-179 f/scale=4.895e-01 min part/scale=1.301e-02 (1.3s)
  F64_11-xx-yy.json d=7 spread         identity=ok Im f=0:True f>=0:True all parts>=0:True |f-SOS|/scale=1.22e-178 f/scale=8.016e-01 min part/scale=2.273e-06 (1.4s)
  F64_11-xx-yy.json d=7 very_spread    identity=ok Im f=0:True f>=0:True all parts>=0:True |f-SOS|/scale=0.00e+00 f/scale=8.466e-01 min part/scale=9.357e-06 (2.9s)
  F64_11-xx-yy.json d=7 near_singular  identity=ok Im f=0:True f>=0:True all parts>=0:True |f-SOS|/scale=0.00e+00 f/scale=6.286e-02 min part/scale=1.477e-03 (3.0s)
  F64_11-xx-yy.json d=7 degenerate     identity=ok Im f=0:True f>=0:True all parts>=0:True |f-SOS|/scale=0.00e+00 f/scale=2.024e-01 min part/scale=6.829e-03 (1.3s)
  F64_11-xx-yy.json d=7 near_commuting identity=ok Im f=0:True f>=0:True all parts>=0:True |f-SOS|/scale=0.00e+00 f/scale=1.371e-11 min part/scale=2.584e-13 (3.0s)
  F64_11-xx-yy.json d=8 generic        identity=ok Im f=0:True f>=0:True all parts>=0:True |f-SOS|/scale=0.00e+00 f/scale=2.226e-01 min part/scale=4.978e-03 (1.7s)
  F64_11-xx-yy.json d=8 spread         identity=ok Im f=0:True f>=0:True all parts>=0:True |f-SOS|/scale=1.47e-178 f/scale=9.201e-01 min part/scale=2.135e-03 (1.7s)
  F64_11-xx-yy.json d=8 very_spread    identity=ok Im f=0:True f>=0:True all parts>=0:True |f-SOS|/scale=0.00e+00 f/scale=9.996e-01 min part/scale=1.142e-05 (4.0s)
  F64_11-xx-yy.json d=8 near_singular  identity=ok Im f=0:True f>=0:True all parts>=0:True |f-SOS|/scale=0.00e+00 f/scale=2.591e-01 min part/scale=6.923e-03 (4.0s)
  F64_11-xx-yy.json d=8 degenerate     identity=ok Im f=0:True f>=0:True all parts>=0:True |f-SOS|/scale=0.00e+00 f/scale=6.314e-01 min part/scale=2.611e-02 (1.7s)
  F64_11-xx-yy.json d=8 near_commuting identity=ok Im f=0:True f>=0:True all parts>=0:True |f-SOS|/scale=0.00e+00 f/scale=1.712e-11 min part/scale=3.197e-13 (4.0s)
== F64_11-xx-yy.json [arb]: 18/18 samples pass; worst |f-SOS|/scale 1.47e-178; min f/scale 3.006e-12; min part/scale 5.894e-14 (39.9s)
SUMMARY {"F44_11-xx-yy.json": {"samples": 18, "ok": 18, "worst_rel_diff": 2.5063166597069995e-179, "min_f_over_scale": 2.0558182538717415e-12, "min_part_over_scale": 5.955204641802196e-18, "seconds": 5.6}, "F34m_11-xx-yy.json": {"samples": 18, "ok": 18, "worst_rel_diff": 8.772108308974498e-179, "min_f_over_scale": 2.678155249774185e-12, "min_part_over_scale": 4.381725865358749e-14, "seconds": 36.7}, "D34m_11-xx-yy.json": {"samples": 18, "ok": 18, "worst_rel_diff": 6.169394854663383e-179, "min_f_over_scale": 1.4430709852527787e-12, "min_part_over_scale": 6.960050423667159e-14, "seconds": 35.3}, "M34m_11-xx-yy.json": {"samples": 18, "ok": 18, "worst_rel_diff": 3.181094221935807e-179, "min_f_over_scale": 4.907957359579862e-12, "min_part_over_scale": 1.373331726038216e-14, "seconds": 34.9}, "F64_11-xx-yy.json": {"samples": 18, "ok": 18, "worst_rel_diff": 1.4652312779825535e-178, "min_f_over_scale": 3.006076875924593e-12, "min_part_over_scale": 5.894251109555262e-14, "seconds": 39.9}}
