# run 2026-10-09 00:03:15 mode=arb files=['F44_11-xx-yy.json', 'F44_gram.json', 'D44_11-xx-yy.json', 'M44_11-xx-yy.json', 'F34m_11-xx-yy.json', 'D34m_11-xx-yy.json', 'M34m_11-xx-yy.json', 'F64_11-xx-yy.json', 'P44.json', 'F24_11-xx-yy.json', 'F42_11-xx-yy.json']
  F44_11-xx-yy.json d=2 generic        identity=ok Im f=0:True f>=0:True all parts>=0:True |f-SOS|/scale=3.52e-180 f/scale=3.382e-02 min part/scale=3.377e-09 (0.1s)
  F44_11-xx-yy.json d=2 spread         identity=ok Im f=0:True f>=0:True all parts>=0:True |f-SOS|/scale=1.22e-180 f/scale=4.553e-01 min part/scale=4.548e-11 (0.1s)
  F44_11-xx-yy.json d=2 very_spread    identity=ok Im f=0:True f>=0:True all parts>=0:True |f-SOS|/scale=0.00e+00 f/scale=3.288e-01 min part/scale=9.811e-74 (0.1s)
  F44_11-xx-yy.json d=2 near_singular  identity=ok Im f=0:True f>=0:True all parts>=0:True |f-SOS|/scale=0.00e+00 f/scale=8.688e-01 min part/scale=3.618e-90 (0.1s)
  F44_11-xx-yy.json d=2 degenerate     identity=ok Im f=0:True f>=0:True all parts>=0:True |f-SOS|/scale=1.31e-180 f/scale=1.722e-01 min part/scale=7.311e-07 (0.1s)
  F44_11-xx-yy.json d=2 near_commuting identity=ok Im f=0:True f>=0:True all parts>=0:True |f-SOS|/scale=0.00e+00 f/scale=1.020e-13 min part/scale=8.694e-20 (0.1s)
  F44_11-xx-yy.json d=3 generic        identity=ok Im f=0:True f>=0:True all parts>=0:True |f-SOS|/scale=1.66e-180 f/scale=8.796e-02 min part/scale=5.123e-07 (0.1s)
  F44_11-xx-yy.json d=3 spread         identity=ok Im f=0:True f>=0:True all parts>=0:True |f-SOS|/scale=5.82e-180 f/scale=6.622e-01 min part/scale=1.345e-07 (0.1s)
  F44_11-xx-yy.json d=3 very_spread    identity=ok Im f=0:True f>=0:True all parts>=0:True |f-SOS|/scale=0.00e+00 f/scale=8.061e-01 min part/scale=1.605e-37 (0.1s)
  F44_11-xx-yy.json d=3 near_singular  identity=ok Im f=0:True f>=0:True all parts>=0:True |f-SOS|/scale=0.00e+00 f/scale=7.297e-01 min part/scale=3.110e-06 (0.1s)
  F44_11-xx-yy.json d=3 degenerate     identity=ok Im f=0:True f>=0:True all parts>=0:True |f-SOS|/scale=1.54e-180 f/scale=2.431e-01 min part/scale=7.199e-07 (0.1s)
  F44_11-xx-yy.json d=3 near_commuting identity=ok Im f=0:True f>=0:True all parts>=0:True |f-SOS|/scale=0.00e+00 f/scale=1.164e-10 min part/scale=6.197e-17 (0.1s)
  F44_11-xx-yy.json d=4 generic        identity=ok Im f=0:True f>=0:True all parts>=0:True |f-SOS|/scale=2.95e-180 f/scale=6.226e-02 min part/scale=2.482e-06 (0.1s)
  F44_11-xx-yy.json d=4 spread         identity=ok Im f=0:True f>=0:True all parts>=0:True |f-SOS|/scale=9.74e-180 f/scale=8.401e-01 min part/scale=2.027e-24 (0.1s)
  F44_11-xx-yy.json d=4 very_spread    identity=ok Im f=0:True f>=0:True all parts>=0:True |f-SOS|/scale=0.00e+00 f/scale=9.942e-01 min part/scale=2.963e-25 (0.1s)
  F44_11-xx-yy.json d=4 near_singular  identity=ok Im f=0:True f>=0:True all parts>=0:True |f-SOS|/scale=0.00e+00 f/scale=7.898e-01 min part/scale=3.685e-06 (0.1s)
  F44_11-xx-yy.json d=4 degenerate     identity=ok Im f=0:True f>=0:True all parts>=0:True |f-SOS|/scale=2.60e-180 f/scale=1.083e-01 min part/scale=1.840e-07 (0.1s)
  F44_11-xx-yy.json d=4 near_commuting identity=ok Im f=0:True f>=0:True all parts>=0:True |f-SOS|/scale=0.00e+00 f/scale=1.744e-12 min part/scale=8.722e-18 (0.1s)
  F44_11-xx-yy.json d=5 generic        identity=ok Im f=0:True f>=0:True all parts>=0:True |f-SOS|/scale=9.45e-181 f/scale=3.802e-01 min part/scale=6.674e-06 (0.1s)
  F44_11-xx-yy.json d=5 spread         identity=ok Im f=0:True f>=0:True all parts>=0:True |f-SOS|/scale=1.48e-179 f/scale=9.565e-01 min part/scale=6.571e-17 (0.1s)
  F44_11-xx-yy.json d=5 very_spread    identity=ok Im f=0:True f>=0:True all parts>=0:True |f-SOS|/scale=0.00e+00 f/scale=9.615e-01 min part/scale=9.548e-20 (0.2s)
  F44_11-xx-yy.json d=5 near_singular  identity=ok Im f=0:True f>=0:True all parts>=0:True |f-SOS|/scale=0.00e+00 f/scale=1.751e-01 min part/scale=6.544e-06 (0.2s)
  F44_11-xx-yy.json d=5 degenerate     identity=ok Im f=0:True f>=0:True all parts>=0:True |f-SOS|/scale=6.02e-180 f/scale=6.057e-01 min part/scale=1.395e-06 (0.1s)
  F44_11-xx-yy.json d=5 near_commuting identity=ok Im f=0:True f>=0:True all parts>=0:True |f-SOS|/scale=0.00e+00 f/scale=4.958e-10 min part/scale=2.562e-16 (0.2s)
  F44_11-xx-yy.json d=6 generic        identity=ok Im f=0:True f>=0:True all parts>=0:True |f-SOS|/scale=1.36e-180 f/scale=1.188e-01 min part/scale=3.258e-06 (0.2s)
  F44_11-xx-yy.json d=6 spread         identity=ok Im f=0:True f>=0:True all parts>=0:True |f-SOS|/scale=1.76e-179 f/scale=9.983e-01 min part/scale=4.597e-12 (0.2s)
  F44_11-xx-yy.json d=6 very_spread    identity=ok Im f=0:True f>=0:True all parts>=0:True |f-SOS|/scale=0.00e+00 f/scale=5.463e-01 min part/scale=3.958e-16 (0.3s)
  F44_11-xx-yy.json d=6 near_singular  identity=ok Im f=0:True f>=0:True all parts>=0:True |f-SOS|/scale=0.00e+00 f/scale=1.799e-01 min part/scale=9.082e-06 (0.3s)
  F44_11-xx-yy.json d=6 degenerate     identity=ok Im f=0:True f>=0:True all parts>=0:True |f-SOS|/scale=9.19e-181 f/scale=1.014e-01 min part/scale=1.440e-07 (0.2s)
  F44_11-xx-yy.json d=6 near_commuting identity=ok Im f=0:True f>=0:True all parts>=0:True |f-SOS|/scale=0.00e+00 f/scale=1.537e-12 min part/scale=4.028e-18 (0.3s)
  F44_11-xx-yy.json d=7 generic        identity=ok Im f=0:True f>=0:True all parts>=0:True |f-SOS|/scale=1.60e-180 f/scale=1.052e-01 min part/scale=3.207e-06 (0.2s)
  F44_11-xx-yy.json d=7 spread         identity=ok Im f=0:True f>=0:True all parts>=0:True |f-SOS|/scale=2.80e-179 f/scale=9.909e-01 min part/scale=8.171e-09 (0.2s)
  F44_11-xx-yy.json d=7 very_spread    identity=ok Im f=0:True f>=0:True all parts>=0:True |f-SOS|/scale=0.00e+00 f/scale=9.875e-01 min part/scale=7.550e-14 (0.4s)
  F44_11-xx-yy.json d=7 near_singular  identity=ok Im f=0:True f>=0:True all parts>=0:True |f-SOS|/scale=0.00e+00 f/scale=1.213e-01 min part/scale=6.684e-06 (0.4s)
  F44_11-xx-yy.json d=7 degenerate     identity=ok Im f=0:True f>=0:True all parts>=0:True |f-SOS|/scale=7.71e-180 f/scale=5.376e-01 min part/scale=1.377e-06 (0.2s)
  F44_11-xx-yy.json d=7 near_commuting identity=ok Im f=0:True f>=0:True all parts>=0:True |f-SOS|/scale=0.00e+00 f/scale=4.484e-12 min part/scale=1.862e-17 (0.4s)
  F44_11-xx-yy.json d=8 generic        identity=ok Im f=0:True f>=0:True all parts>=0:True |f-SOS|/scale=5.54e-180 f/scale=3.775e-01 min part/scale=3.846e-06 (0.3s)
  F44_11-xx-yy.json d=8 spread         identity=ok Im f=0:True f>=0:True all parts>=0:True |f-SOS|/scale=2.71e-179 f/scale=9.898e-01 min part/scale=5.939e-12 (0.3s)
  F44_11-xx-yy.json d=8 very_spread    identity=ok Im f=0:True f>=0:True all parts>=0:True |f-SOS|/scale=0.00e+00 f/scale=9.947e-01 min part/scale=2.056e-13 (0.6s)
  F44_11-xx-yy.json d=8 near_singular  identity=ok Im f=0:True f>=0:True all parts>=0:True |f-SOS|/scale=0.00e+00 f/scale=1.065e-01 min part/scale=7.886e-06 (0.6s)
  F44_11-xx-yy.json d=8 degenerate     identity=ok Im f=0:True f>=0:True all parts>=0:True |f-SOS|/scale=1.25e-179 f/scale=6.375e-01 min part/scale=1.392e-06 (0.3s)
  F44_11-xx-yy.json d=8 near_commuting identity=ok Im f=0:True f>=0:True all parts>=0:True |f-SOS|/scale=0.00e+00 f/scale=2.798e-12 min part/scale=1.296e-17 (0.6s)
== F44_11-xx-yy.json [arb]: 42/42 samples pass; worst |f-SOS|/scale 2.80e-179; min f/scale 1.020e-13; min part/scale 3.618e-90 (8.2s)
  F44_gram.json d=2 generic        identity=ok Im f=0:True f>=0:True all parts>=0:True |f-SOS|/scale=2.88e-180 f/scale=1.980e-02 min part/scale=5.644e-04 (0.1s)
  F44_gram.json d=2 spread         identity=ok Im f=0:True f>=0:True all parts>=0:True |f-SOS|/scale=9.92e-180 f/scale=5.571e-01 min part/scale=2.168e-06 (0.0s)
  F44_gram.json d=2 very_spread    identity=ok Im f=0:True f>=0:True all parts>=0:True |f-SOS|/scale=0.00e+00 f/scale=9.968e-01 min part/scale=6.630e-25 (0.1s)
  F44_gram.json d=2 near_singular  identity=ok Im f=0:True f>=0:True all parts>=0:True |f-SOS|/scale=0.00e+00 f/scale=3.120e-02 min part/scale=3.214e-32 (0.1s)
  F44_gram.json d=2 degenerate     identity=ok Im f=0:True f>=0:True all parts>=0:True |f-SOS|/scale=4.18e-180 f/scale=2.951e-03 min part/scale=9.592e-05 (0.0s)
  F44_gram.json d=2 near_commuting identity=ok Im f=0:True f>=0:True all parts>=0:True |f-SOS|/scale=0.00e+00 f/scale=3.401e-10 min part/scale=5.125e-12 (0.1s)
  F44_gram.json d=3 generic        identity=ok Im f=0:True f>=0:True all parts>=0:True |f-SOS|/scale=1.96e-180 f/scale=1.304e-01 min part/scale=3.498e-03 (0.1s)
  F44_gram.json d=3 spread         identity=ok Im f=0:True f>=0:True all parts>=0:True |f-SOS|/scale=3.09e-180 f/scale=9.721e-01 min part/scale=6.334e-04 (0.1s)
  F44_gram.json d=3 very_spread    identity=ok Im f=0:True f>=0:True all parts>=0:True |f-SOS|/scale=0.00e+00 f/scale=7.020e-01 min part/scale=1.266e-13 (0.1s)
  F44_gram.json d=3 near_singular  identity=ok Im f=0:True f>=0:True all parts>=0:True |f-SOS|/scale=0.00e+00 f/scale=2.257e-01 min part/scale=7.177e-04 (0.1s)
  F44_gram.json d=3 degenerate     identity=ok Im f=0:True f>=0:True all parts>=0:True |f-SOS|/scale=1.27e-180 f/scale=3.978e-01 min part/scale=1.181e-02 (0.1s)
  F44_gram.json d=3 near_commuting identity=ok Im f=0:True f>=0:True all parts>=0:True |f-SOS|/scale=0.00e+00 f/scale=6.451e-12 min part/scale=2.260e-14 (0.1s)
  F44_gram.json d=4 generic        identity=ok Im f=0:True f>=0:True all parts>=0:True |f-SOS|/scale=2.55e-180 f/scale=8.212e-01 min part/scale=1.672e-02 (0.1s)
  F44_gram.json d=4 spread         identity=ok Im f=0:True f>=0:True all parts>=0:True |f-SOS|/scale=9.63e-180 f/scale=8.087e-01 min part/scale=5.062e-03 (0.1s)
  F44_gram.json d=4 very_spread    identity=ok Im f=0:True f>=0:True all parts>=0:True |f-SOS|/scale=0.00e+00 f/scale=9.875e-01 min part/scale=3.362e-09 (0.2s)
  F44_gram.json d=4 near_singular  identity=ok Im f=0:True f>=0:True all parts>=0:True |f-SOS|/scale=0.00e+00 f/scale=6.135e-01 min part/scale=4.162e-03 (0.2s)
  F44_gram.json d=4 degenerate     identity=ok Im f=0:True f>=0:True all parts>=0:True |f-SOS|/scale=2.89e-180 f/scale=4.113e-01 min part/scale=1.216e-02 (0.1s)
  F44_gram.json d=4 near_commuting identity=ok Im f=0:True f>=0:True all parts>=0:True |f-SOS|/scale=0.00e+00 f/scale=8.950e-13 min part/scale=2.270e-14 (0.2s)
  F44_gram.json d=5 generic        identity=ok Im f=0:True f>=0:True all parts>=0:True |f-SOS|/scale=1.54e-180 f/scale=1.206e-01 min part/scale=3.247e-03 (0.1s)
  F44_gram.json d=5 spread         identity=ok Im f=0:True f>=0:True all parts>=0:True |f-SOS|/scale=5.99e-180 f/scale=9.303e-01 min part/scale=2.354e-03 (0.1s)
  F44_gram.json d=5 very_spread    identity=ok Im f=0:True f>=0:True all parts>=0:True |f-SOS|/scale=0.00e+00 f/scale=9.888e-01 min part/scale=1.210e-07 (0.4s)
  F44_gram.json d=5 near_singular  identity=ok Im f=0:True f>=0:True all parts>=0:True |f-SOS|/scale=0.00e+00 f/scale=1.289e-01 min part/scale=2.430e-03 (0.4s)
  F44_gram.json d=5 degenerate     identity=ok Im f=0:True f>=0:True all parts>=0:True |f-SOS|/scale=1.51e-181 f/scale=3.440e-01 min part/scale=1.038e-02 (0.1s)
  F44_gram.json d=5 near_commuting identity=ok Im f=0:True f>=0:True all parts>=0:True |f-SOS|/scale=0.00e+00 f/scale=1.005e-12 min part/scale=1.752e-14 (0.3s)
  F44_gram.json d=6 generic        identity=ok Im f=0:True f>=0:True all parts>=0:True |f-SOS|/scale=4.82e-181 f/scale=3.236e-01 min part/scale=8.757e-03 (0.2s)
  F44_gram.json d=6 spread         identity=ok Im f=0:True f>=0:True all parts>=0:True |f-SOS|/scale=5.78e-180 f/scale=9.993e-01 min part/scale=3.617e-03 (0.2s)
  F44_gram.json d=6 very_spread    identity=ok Im f=0:True f>=0:True all parts>=0:True |f-SOS|/scale=0.00e+00 f/scale=1.000e+00 min part/scale=2.606e-06 (0.5s)
  F44_gram.json d=6 near_singular  identity=ok Im f=0:True f>=0:True all parts>=0:True |f-SOS|/scale=0.00e+00 f/scale=1.243e-01 min part/scale=3.203e-03 (0.5s)
  F44_gram.json d=6 degenerate     identity=ok Im f=0:True f>=0:True all parts>=0:True |f-SOS|/scale=9.64e-181 f/scale=3.357e-01 min part/scale=1.016e-02 (0.2s)
  F44_gram.json d=6 near_commuting identity=ok Im f=0:True f>=0:True all parts>=0:True |f-SOS|/scale=0.00e+00 f/scale=2.152e-12 min part/scale=5.863e-14 (0.5s)
  F44_gram.json d=7 generic        identity=ok Im f=0:True f>=0:True all parts>=0:True |f-SOS|/scale=0.00e+00 f/scale=1.761e-01 min part/scale=2.530e-03 (0.3s)
  F44_gram.json d=7 spread         identity=ok Im f=0:True f>=0:True all parts>=0:True |f-SOS|/scale=1.30e-179 f/scale=9.862e-01 min part/scale=5.299e-05 (0.3s)
  F44_gram.json d=7 very_spread    identity=ok Im f=0:True f>=0:True all parts>=0:True |f-SOS|/scale=0.00e+00 f/scale=9.993e-01 min part/scale=2.055e-06 (0.8s)
  F44_gram.json d=7 near_singular  identity=ok Im f=0:True f>=0:True all parts>=0:True |f-SOS|/scale=0.00e+00 f/scale=3.882e-01 min part/scale=2.436e-03 (0.8s)
  F44_gram.json d=7 degenerate     identity=ok Im f=0:True f>=0:True all parts>=0:True |f-SOS|/scale=0.00e+00 f/scale=2.179e-01 min part/scale=6.790e-03 (0.3s)
  F44_gram.json d=7 near_commuting identity=ok Im f=0:True f>=0:True all parts>=0:True |f-SOS|/scale=0.00e+00 f/scale=4.683e-12 min part/scale=1.355e-13 (0.8s)
  F44_gram.json d=8 generic        identity=ok Im f=0:True f>=0:True all parts>=0:True |f-SOS|/scale=1.93e-180 f/scale=7.317e-02 min part/scale=1.621e-03 (0.4s)
  F44_gram.json d=8 spread         identity=ok Im f=0:True f>=0:True all parts>=0:True |f-SOS|/scale=0.00e+00 f/scale=9.962e-01 min part/scale=4.899e-03 (0.4s)
  F44_gram.json d=8 very_spread    identity=ok Im f=0:True f>=0:True all parts>=0:True |f-SOS|/scale=0.00e+00 f/scale=9.994e-01 min part/scale=1.378e-05 (1.1s)
  F44_gram.json d=8 near_singular  identity=ok Im f=0:True f>=0:True all parts>=0:True |f-SOS|/scale=0.00e+00 f/scale=2.358e-01 min part/scale=4.153e-03 (1.1s)
  F44_gram.json d=8 degenerate     identity=ok Im f=0:True f>=0:True all parts>=0:True |f-SOS|/scale=0.00e+00 f/scale=3.200e-01 min part/scale=9.722e-03 (0.4s)
  F44_gram.json d=8 near_commuting identity=ok Im f=0:True f>=0:True all parts>=0:True |f-SOS|/scale=0.00e+00 f/scale=1.764e-12 min part/scale=4.797e-14 (1.1s)
== F44_gram.json [arb]: 42/42 samples pass; worst |f-SOS|/scale 1.30e-179; min f/scale 8.950e-13; min part/scale 3.214e-32 (13.4s)
  D44_11-xx-yy.json d=2 generic        identity=ok Im f=0:True f>=0:True all parts>=0:True |f-SOS|/scale=4.99e-180 f/scale=4.678e-01 min part/scale=2.627e-03 (0.0s)
  D44_11-xx-yy.json d=2 spread         identity=ok Im f=0:True f>=0:True all parts>=0:True |f-SOS|/scale=1.48e-182 f/scale=4.755e-02 min part/scale=2.106e-10 (0.0s)
  D44_11-xx-yy.json d=2 very_spread    identity=ok Im f=0:True f>=0:True all parts>=0:True |f-SOS|/scale=0.00e+00 f/scale=4.821e-02 min part/scale=2.935e-26 (0.1s)
  D44_11-xx-yy.json d=2 near_singular  identity=ok Im f=0:True f>=0:True all parts>=0:True |f-SOS|/scale=0.00e+00 f/scale=3.896e-01 min part/scale=1.760e-31 (0.1s)
  D44_11-xx-yy.json d=2 degenerate     identity=ok Im f=0:True f>=0:True all parts>=0:True |f-SOS|/scale=1.68e-180 f/scale=1.721e-01 min part/scale=1.389e-03 (0.0s)
  D44_11-xx-yy.json d=2 near_commuting identity=ok Im f=0:True f>=0:True all parts>=0:True |f-SOS|/scale=0.00e+00 f/scale=2.974e-13 min part/scale=2.801e-15 (0.1s)
  D44_11-xx-yy.json d=3 generic        identity=ok Im f=0:True f>=0:True all parts>=0:True |f-SOS|/scale=9.00e-181 f/scale=3.246e-02 min part/scale=1.875e-04 (0.1s)
  D44_11-xx-yy.json d=3 spread         identity=ok Im f=0:True f>=0:True all parts>=0:True |f-SOS|/scale=5.70e-180 f/scale=7.230e-01 min part/scale=1.906e-04 (0.1s)
  D44_11-xx-yy.json d=3 very_spread    identity=ok Im f=0:True f>=0:True all parts>=0:True |f-SOS|/scale=0.00e+00 f/scale=6.282e-01 min part/scale=1.332e-13 (0.1s)
  D44_11-xx-yy.json d=3 near_singular  identity=ok Im f=0:True f>=0:True all parts>=0:True |f-SOS|/scale=0.00e+00 f/scale=2.298e-01 min part/scale=1.659e-03 (0.1s)
  D44_11-xx-yy.json d=3 degenerate     identity=ok Im f=0:True f>=0:True all parts>=0:True |f-SOS|/scale=1.57e-180 f/scale=2.477e-02 min part/scale=2.637e-04 (0.1s)
  D44_11-xx-yy.json d=3 near_commuting identity=ok Im f=0:True f>=0:True all parts>=0:True |f-SOS|/scale=0.00e+00 f/scale=5.215e-12 min part/scale=1.780e-14 (0.1s)
  D44_11-xx-yy.json d=4 generic        identity=ok Im f=0:True f>=0:True all parts>=0:True |f-SOS|/scale=1.27e-180 f/scale=3.050e-02 min part/scale=3.008e-04 (0.1s)
  D44_11-xx-yy.json d=4 spread         identity=ok Im f=0:True f>=0:True all parts>=0:True |f-SOS|/scale=2.18e-180 f/scale=2.069e-01 min part/scale=5.665e-04 (0.1s)
  D44_11-xx-yy.json d=4 very_spread    identity=ok Im f=0:True f>=0:True all parts>=0:True |f-SOS|/scale=0.00e+00 f/scale=5.363e-01 min part/scale=1.526e-09 (0.2s)
  D44_11-xx-yy.json d=4 near_singular  identity=ok Im f=0:True f>=0:True all parts>=0:True |f-SOS|/scale=0.00e+00 f/scale=3.558e-01 min part/scale=1.012e-03 (0.2s)
  D44_11-xx-yy.json d=4 degenerate     identity=ok Im f=0:True f>=0:True all parts>=0:True |f-SOS|/scale=1.80e-181 f/scale=9.666e-02 min part/scale=9.016e-04 (0.1s)
  D44_11-xx-yy.json d=4 near_commuting identity=ok Im f=0:True f>=0:True all parts>=0:True |f-SOS|/scale=0.00e+00 f/scale=8.640e-14 min part/scale=8.120e-16 (0.2s)
  D44_11-xx-yy.json d=5 generic        identity=ok Im f=0:True f>=0:True all parts>=0:True |f-SOS|/scale=6.99e-181 f/scale=3.028e-02 min part/scale=1.306e-04 (0.1s)
  D44_11-xx-yy.json d=5 spread         identity=ok Im f=0:True f>=0:True all parts>=0:True |f-SOS|/scale=1.08e-179 f/scale=6.527e-01 min part/scale=3.898e-07 (0.1s)
  D44_11-xx-yy.json d=5 very_spread    identity=ok Im f=0:True f>=0:True all parts>=0:True |f-SOS|/scale=0.00e+00 f/scale=3.050e-01 min part/scale=7.028e-09 (0.3s)
  D44_11-xx-yy.json d=5 near_singular  identity=ok Im f=0:True f>=0:True all parts>=0:True |f-SOS|/scale=0.00e+00 f/scale=1.970e-01 min part/scale=1.202e-03 (0.3s)
  D44_11-xx-yy.json d=5 degenerate     identity=ok Im f=0:True f>=0:True all parts>=0:True |f-SOS|/scale=7.31e-181 f/scale=4.817e-02 min part/scale=4.913e-04 (0.1s)
  D44_11-xx-yy.json d=5 near_commuting identity=ok Im f=0:True f>=0:True all parts>=0:True |f-SOS|/scale=0.00e+00 f/scale=2.671e-13 min part/scale=2.872e-15 (0.3s)
  D44_11-xx-yy.json d=6 generic        identity=ok Im f=0:True f>=0:True all parts>=0:True |f-SOS|/scale=2.05e-180 f/scale=2.444e-02 min part/scale=1.632e-04 (0.2s)
  D44_11-xx-yy.json d=6 spread         identity=ok Im f=0:True f>=0:True all parts>=0:True |f-SOS|/scale=2.30e-180 f/scale=7.223e-01 min part/scale=1.069e-05 (0.2s)
  D44_11-xx-yy.json d=6 very_spread    identity=ok Im f=0:True f>=0:True all parts>=0:True |f-SOS|/scale=0.00e+00 f/scale=7.247e-01 min part/scale=2.604e-07 (0.6s)
  D44_11-xx-yy.json d=6 near_singular  identity=ok Im f=0:True f>=0:True all parts>=0:True |f-SOS|/scale=0.00e+00 f/scale=7.420e-02 min part/scale=3.091e-04 (0.5s)
  D44_11-xx-yy.json d=6 degenerate     identity=ok Im f=0:True f>=0:True all parts>=0:True |f-SOS|/scale=2.56e-181 f/scale=7.781e-02 min part/scale=7.516e-04 (0.2s)
  D44_11-xx-yy.json d=6 near_commuting identity=ok Im f=0:True f>=0:True all parts>=0:True |f-SOS|/scale=0.00e+00 f/scale=2.051e-11 min part/scale=5.821e-14 (0.5s)
  D44_11-xx-yy.json d=7 generic        identity=ok Im f=0:True f>=0:True all parts>=0:True |f-SOS|/scale=1.20e-180 f/scale=4.869e-02 min part/scale=2.816e-04 (0.3s)
  D44_11-xx-yy.json d=7 spread         identity=ok Im f=0:True f>=0:True all parts>=0:True |f-SOS|/scale=7.23e-180 f/scale=3.956e-01 min part/scale=1.591e-04 (0.3s)
  D44_11-xx-yy.json d=7 very_spread    identity=ok Im f=0:True f>=0:True all parts>=0:True |f-SOS|/scale=0.00e+00 f/scale=2.760e-01 min part/scale=1.710e-06 (0.8s)
  D44_11-xx-yy.json d=7 near_singular  identity=ok Im f=0:True f>=0:True all parts>=0:True |f-SOS|/scale=0.00e+00 f/scale=4.383e-02 min part/scale=2.802e-04 (0.8s)
  D44_11-xx-yy.json d=7 degenerate     identity=ok Im f=0:True f>=0:True all parts>=0:True |f-SOS|/scale=4.82e-181 f/scale=5.443e-02 min part/scale=5.488e-04 (0.3s)
  D44_11-xx-yy.json d=7 near_commuting identity=ok Im f=0:True f>=0:True all parts>=0:True |f-SOS|/scale=0.00e+00 f/scale=2.608e-13 min part/scale=2.319e-15 (0.8s)
  D44_11-xx-yy.json d=8 generic        identity=ok Im f=0:True f>=0:True all parts>=0:True |f-SOS|/scale=0.00e+00 f/scale=4.539e-02 min part/scale=3.079e-04 (0.4s)
  D44_11-xx-yy.json d=8 spread         identity=ok Im f=0:True f>=0:True all parts>=0:True |f-SOS|/scale=5.12e-180 f/scale=5.428e-01 min part/scale=1.141e-03 (0.4s)
  D44_11-xx-yy.json d=8 very_spread    identity=ok Im f=0:True f>=0:True all parts>=0:True |f-SOS|/scale=0.00e+00 f/scale=5.552e-01 min part/scale=1.126e-05 (1.1s)
  D44_11-xx-yy.json d=8 near_singular  identity=ok Im f=0:True f>=0:True all parts>=0:True |f-SOS|/scale=0.00e+00 f/scale=9.517e-02 min part/scale=4.664e-04 (1.1s)
  D44_11-xx-yy.json d=8 degenerate     identity=ok Im f=0:True f>=0:True all parts>=0:True |f-SOS|/scale=0.00e+00 f/scale=7.049e-02 min part/scale=6.901e-04 (0.4s)
  D44_11-xx-yy.json d=8 near_commuting identity=ok Im f=0:True f>=0:True all parts>=0:True |f-SOS|/scale=0.00e+00 f/scale=1.607e-11 min part/scale=6.361e-14 (1.1s)
== D44_11-xx-yy.json [arb]: 42/42 samples pass; worst |f-SOS|/scale 1.08e-179; min f/scale 8.640e-14; min part/scale 1.760e-31 (13.3s)
  M44_11-xx-yy.json d=2 generic        identity=ok Im f=0:True f>=0:True all parts>=0:True |f-SOS|/scale=1.43e-180 f/scale=8.230e-03 min part/scale=1.358e-04 (0.0s)
  M44_11-xx-yy.json d=2 spread         identity=ok Im f=0:True f>=0:True all parts>=0:True |f-SOS|/scale=2.05e-180 f/scale=1.500e-01 min part/scale=8.444e-10 (0.0s)
  M44_11-xx-yy.json d=2 very_spread    identity=ok Im f=0:True f>=0:True all parts>=0:True |f-SOS|/scale=0.00e+00 f/scale=3.369e-01 min part/scale=2.533e-25 (0.1s)
  M44_11-xx-yy.json d=2 near_singular  identity=ok Im f=0:True f>=0:True all parts>=0:True |f-SOS|/scale=0.00e+00 f/scale=8.615e-02 min part/scale=9.280e-32 (0.1s)
  M44_11-xx-yy.json d=2 degenerate     identity=ok Im f=0:True f>=0:True all parts>=0:True |f-SOS|/scale=1.78e-180 f/scale=1.863e-01 min part/scale=4.992e-03 (0.0s)
  M44_11-xx-yy.json d=2 near_commuting identity=ok Im f=0:True f>=0:True all parts>=0:True |f-SOS|/scale=0.00e+00 f/scale=2.695e-15 min part/scale=2.719e-17 (0.1s)
  M44_11-xx-yy.json d=3 generic        identity=ok Im f=0:True f>=0:True all parts>=0:True |f-SOS|/scale=1.11e-180 f/scale=1.832e-02 min part/scale=3.045e-04 (0.1s)
  M44_11-xx-yy.json d=3 spread         identity=ok Im f=0:True f>=0:True all parts>=0:True |f-SOS|/scale=1.11e-179 f/scale=8.230e-01 min part/scale=7.215e-10 (0.1s)
  M44_11-xx-yy.json d=3 very_spread    identity=ok Im f=0:True f>=0:True all parts>=0:True |f-SOS|/scale=0.00e+00 f/scale=6.790e-01 min part/scale=1.109e-13 (0.2s)
  M44_11-xx-yy.json d=3 near_singular  identity=ok Im f=0:True f>=0:True all parts>=0:True |f-SOS|/scale=0.00e+00 f/scale=8.410e-02 min part/scale=6.790e-05 (0.1s)
  M44_11-xx-yy.json d=3 degenerate     identity=ok Im f=0:True f>=0:True all parts>=0:True |f-SOS|/scale=5.31e-180 f/scale=3.315e-01 min part/scale=8.138e-03 (0.1s)
  M44_11-xx-yy.json d=3 near_commuting identity=ok Im f=0:True f>=0:True all parts>=0:True |f-SOS|/scale=0.00e+00 f/scale=3.320e-14 min part/scale=8.230e-16 (0.1s)
  M44_11-xx-yy.json d=4 generic        identity=ok Im f=0:True f>=0:True all parts>=0:True |f-SOS|/scale=1.23e-180 f/scale=2.704e-02 min part/scale=1.623e-04 (0.1s)
  M44_11-xx-yy.json d=4 spread         identity=ok Im f=0:True f>=0:True all parts>=0:True |f-SOS|/scale=3.83e-180 f/scale=9.568e-01 min part/scale=2.077e-07 (0.1s)
  M44_11-xx-yy.json d=4 very_spread    identity=ok Im f=0:True f>=0:True all parts>=0:True |f-SOS|/scale=0.00e+00 f/scale=5.130e-01 min part/scale=1.781e-09 (0.2s)
  M44_11-xx-yy.json d=4 near_singular  identity=ok Im f=0:True f>=0:True all parts>=0:True |f-SOS|/scale=0.00e+00 f/scale=3.607e-01 min part/scale=2.237e-04 (0.2s)
  M44_11-xx-yy.json d=4 degenerate     identity=ok Im f=0:True f>=0:True all parts>=0:True |f-SOS|/scale=3.05e-181 f/scale=6.227e-02 min part/scale=1.760e-03 (0.1s)
  M44_11-xx-yy.json d=4 near_commuting identity=ok Im f=0:True f>=0:True all parts>=0:True |f-SOS|/scale=0.00e+00 f/scale=5.354e-13 min part/scale=1.140e-14 (0.2s)
  M44_11-xx-yy.json d=5 generic        identity=ok Im f=0:True f>=0:True all parts>=0:True |f-SOS|/scale=2.41e-181 f/scale=1.239e-01 min part/scale=2.267e-03 (0.1s)
  M44_11-xx-yy.json d=5 spread         identity=ok Im f=0:True f>=0:True all parts>=0:True |f-SOS|/scale=7.71e-180 f/scale=8.412e-01 min part/scale=8.564e-04 (0.1s)
  M44_11-xx-yy.json d=5 very_spread    identity=ok Im f=0:True f>=0:True all parts>=0:True |f-SOS|/scale=0.00e+00 f/scale=9.677e-01 min part/scale=6.419e-08 (0.3s)
  M44_11-xx-yy.json d=5 near_singular  identity=ok Im f=0:True f>=0:True all parts>=0:True |f-SOS|/scale=0.00e+00 f/scale=1.953e-02 min part/scale=1.467e-04 (0.4s)
  M44_11-xx-yy.json d=5 degenerate     identity=ok Im f=0:True f>=0:True all parts>=0:True |f-SOS|/scale=2.95e-180 f/scale=2.385e-01 min part/scale=6.216e-03 (0.1s)
  M44_11-xx-yy.json d=5 near_commuting identity=ok Im f=0:True f>=0:True all parts>=0:True |f-SOS|/scale=0.00e+00 f/scale=5.471e-12 min part/scale=1.716e-14 (0.3s)
  M44_11-xx-yy.json d=6 generic        identity=ok Im f=0:True f>=0:True all parts>=0:True |f-SOS|/scale=4.22e-181 f/scale=9.033e-02 min part/scale=1.652e-03 (0.2s)
  M44_11-xx-yy.json d=6 spread         identity=ok Im f=0:True f>=0:True all parts>=0:True |f-SOS|/scale=1.10e-179 f/scale=7.926e-01 min part/scale=4.703e-07 (0.2s)
  M44_11-xx-yy.json d=6 very_spread    identity=ok Im f=0:True f>=0:True all parts>=0:True |f-SOS|/scale=0.00e+00 f/scale=9.265e-01 min part/scale=1.794e-06 (0.5s)
  M44_11-xx-yy.json d=6 near_singular  identity=ok Im f=0:True f>=0:True all parts>=0:True |f-SOS|/scale=0.00e+00 f/scale=3.231e-01 min part/scale=4.720e-03 (0.5s)
  M44_11-xx-yy.json d=6 degenerate     identity=ok Im f=0:True f>=0:True all parts>=0:True |f-SOS|/scale=2.95e-180 f/scale=2.345e-01 min part/scale=6.125e-03 (0.2s)
  M44_11-xx-yy.json d=6 near_commuting identity=ok Im f=0:True f>=0:True all parts>=0:True |f-SOS|/scale=0.00e+00 f/scale=2.926e-12 min part/scale=3.141e-14 (0.5s)
  M44_11-xx-yy.json d=7 generic        identity=ok Im f=0:True f>=0:True all parts>=0:True |f-SOS|/scale=7.23e-181 f/scale=2.536e-02 min part/scale=3.108e-04 (0.3s)
  M44_11-xx-yy.json d=7 spread         identity=ok Im f=0:True f>=0:True all parts>=0:True |f-SOS|/scale=1.30e-179 f/scale=9.781e-01 min part/scale=3.071e-06 (0.3s)
  M44_11-xx-yy.json d=7 very_spread    identity=ok Im f=0:True f>=0:True all parts>=0:True |f-SOS|/scale=0.00e+00 f/scale=9.742e-01 min part/scale=6.775e-06 (0.7s)
  M44_11-xx-yy.json d=7 near_singular  identity=ok Im f=0:True f>=0:True all parts>=0:True |f-SOS|/scale=0.00e+00 f/scale=1.157e-01 min part/scale=1.438e-03 (0.8s)
  M44_11-xx-yy.json d=7 degenerate     identity=ok Im f=0:True f>=0:True all parts>=0:True |f-SOS|/scale=4.82e-180 f/scale=3.877e-01 min part/scale=9.088e-03 (0.3s)
  M44_11-xx-yy.json d=7 near_commuting identity=ok Im f=0:True f>=0:True all parts>=0:True |f-SOS|/scale=0.00e+00 f/scale=1.141e-12 min part/scale=2.597e-14 (0.7s)
  M44_11-xx-yy.json d=8 generic        identity=ok Im f=0:True f>=0:True all parts>=0:True |f-SOS|/scale=0.00e+00 f/scale=8.519e-02 min part/scale=2.137e-03 (0.4s)
  M44_11-xx-yy.json d=8 spread         identity=ok Im f=0:True f>=0:True all parts>=0:True |f-SOS|/scale=3.61e-181 f/scale=9.237e-01 min part/scale=1.354e-03 (0.4s)
  M44_11-xx-yy.json d=8 very_spread    identity=ok Im f=0:True f>=0:True all parts>=0:True |f-SOS|/scale=0.00e+00 f/scale=9.524e-01 min part/scale=3.038e-05 (1.0s)
  M44_11-xx-yy.json d=8 near_singular  identity=ok Im f=0:True f>=0:True all parts>=0:True |f-SOS|/scale=0.00e+00 f/scale=1.898e-01 min part/scale=2.439e-03 (1.0s)
  M44_11-xx-yy.json d=8 degenerate     identity=ok Im f=0:True f>=0:True all parts>=0:True |f-SOS|/scale=0.00e+00 f/scale=1.268e-01 min part/scale=3.491e-03 (0.4s)
  M44_11-xx-yy.json d=8 near_commuting identity=ok Im f=0:True f>=0:True all parts>=0:True |f-SOS|/scale=0.00e+00 f/scale=5.828e-13 min part/scale=1.086e-14 (1.0s)
== M44_11-xx-yy.json [arb]: 42/42 samples pass; worst |f-SOS|/scale 1.30e-179; min f/scale 2.695e-15; min part/scale 9.280e-32 (12.5s)
  F34m_11-xx-yy.json d=2 generic        identity=ok Im f=0:True f>=0:True all parts>=0:True |f-SOS|/scale=8.72e-181 f/scale=4.097e-03 min part/scale=1.693e-05 (0.3s)
  F34m_11-xx-yy.json d=2 spread         identity=ok Im f=0:True f>=0:True all parts>=0:True |f-SOS|/scale=1.74e-179 f/scale=2.329e-01 min part/scale=1.523e-04 (0.3s)
  F34m_11-xx-yy.json d=2 very_spread    identity=ok Im f=0:True f>=0:True all parts>=0:True |f-SOS|/scale=0.00e+00 f/scale=1.214e-01 min part/scale=8.430e-26 (0.6s)
  F34m_11-xx-yy.json d=2 near_singular  identity=ok Im f=0:True f>=0:True all parts>=0:True |f-SOS|/scale=0.00e+00 f/scale=9.535e-01 min part/scale=4.550e-31 (0.5s)
  F34m_11-xx-yy.json d=2 degenerate     identity=ok Im f=0:True f>=0:True all parts>=0:True |f-SOS|/scale=6.06e-179 f/scale=9.676e-01 min part/scale=2.916e-02 (0.3s)
  F34m_11-xx-yy.json d=2 near_commuting identity=ok Im f=0:True f>=0:True all parts>=0:True |f-SOS|/scale=0.00e+00 f/scale=1.838e-13 min part/scale=1.356e-15 (0.6s)
  F34m_11-xx-yy.json d=3 generic        identity=ok Im f=0:True f>=0:True all parts>=0:True |f-SOS|/scale=1.54e-179 f/scale=2.881e-01 min part/scale=6.790e-03 (0.5s)
  F34m_11-xx-yy.json d=3 spread         identity=ok Im f=0:True f>=0:True all parts>=0:True |f-SOS|/scale=4.08e-179 f/scale=4.485e-01 min part/scale=3.012e-03 (0.4s)
  F34m_11-xx-yy.json d=3 very_spread    identity=ok Im f=0:True f>=0:True all parts>=0:True |f-SOS|/scale=0.00e+00 f/scale=3.356e-01 min part/scale=5.307e-14 (1.1s)
  F34m_11-xx-yy.json d=3 near_singular  identity=ok Im f=0:True f>=0:True all parts>=0:True |f-SOS|/scale=0.00e+00 f/scale=3.221e-02 min part/scale=1.007e-04 (1.1s)
  F34m_11-xx-yy.json d=3 degenerate     identity=ok Im f=0:True f>=0:True all parts>=0:True |f-SOS|/scale=1.32e-179 f/scale=2.565e-01 min part/scale=5.313e-03 (0.4s)
  F34m_11-xx-yy.json d=3 near_commuting identity=ok Im f=0:True f>=0:True all parts>=0:True |f-SOS|/scale=0.00e+00 f/scale=4.892e-13 min part/scale=8.838e-15 (1.1s)
  F34m_11-xx-yy.json d=4 generic        identity=ok Im f=0:True f>=0:True all parts>=0:True |f-SOS|/scale=6.54e-180 f/scale=1.035e-01 min part/scale=1.504e-03 (0.5s)
  F34m_11-xx-yy.json d=4 spread         identity=ok Im f=0:True f>=0:True all parts>=0:True |f-SOS|/scale=6.33e-179 f/scale=9.964e-01 min part/scale=6.019e-05 (0.5s)
  F34m_11-xx-yy.json d=4 very_spread    identity=ok Im f=0:True f>=0:True all parts>=0:True |f-SOS|/scale=0.00e+00 f/scale=5.469e-01 min part/scale=1.423e-09 (1.3s)
  F34m_11-xx-yy.json d=4 near_singular  identity=ok Im f=0:True f>=0:True all parts>=0:True |f-SOS|/scale=0.00e+00 f/scale=2.144e-01 min part/scale=2.446e-03 (1.3s)
  F34m_11-xx-yy.json d=4 degenerate     identity=ok Im f=0:True f>=0:True all parts>=0:True |f-SOS|/scale=1.54e-179 f/scale=2.352e-01 min part/scale=4.694e-03 (0.5s)
  F34m_11-xx-yy.json d=4 near_commuting identity=ok Im f=0:True f>=0:True all parts>=0:True |f-SOS|/scale=0.00e+00 f/scale=7.480e-12 min part/scale=3.894e-14 (1.4s)
  F34m_11-xx-yy.json d=5 generic        identity=ok Im f=0:True f>=0:True all parts>=0:True |f-SOS|/scale=1.71e-179 f/scale=2.821e-01 min part/scale=7.168e-03 (0.8s)
  F34m_11-xx-yy.json d=5 spread         identity=ok Im f=0:True f>=0:True all parts>=0:True |f-SOS|/scale=7.93e-179 f/scale=9.543e-01 min part/scale=3.964e-08 (0.8s)
  F34m_11-xx-yy.json d=5 very_spread    identity=ok Im f=0:True f>=0:True all parts>=0:True |f-SOS|/scale=0.00e+00 f/scale=9.926e-01 min part/scale=3.457e-08 (1.8s)
  F34m_11-xx-yy.json d=5 near_singular  identity=ok Im f=0:True f>=0:True all parts>=0:True |f-SOS|/scale=0.00e+00 f/scale=3.223e-01 min part/scale=7.328e-03 (1.7s)
  F34m_11-xx-yy.json d=5 degenerate     identity=ok Im f=0:True f>=0:True all parts>=0:True |f-SOS|/scale=1.18e-179 f/scale=1.915e-01 min part/scale=3.509e-03 (0.7s)
  F34m_11-xx-yy.json d=5 near_commuting identity=ok Im f=0:True f>=0:True all parts>=0:True |f-SOS|/scale=0.00e+00 f/scale=2.144e-11 min part/scale=4.108e-13 (1.7s)
  F34m_11-xx-yy.json d=6 generic        identity=ok Im f=0:True f>=0:True all parts>=0:True |f-SOS|/scale=2.51e-179 f/scale=4.735e-01 min part/scale=1.099e-02 (0.8s)
  F34m_11-xx-yy.json d=6 spread         identity=ok Im f=0:True f>=0:True all parts>=0:True |f-SOS|/scale=8.58e-179 f/scale=9.985e-01 min part/scale=3.398e-04 (0.9s)
  F34m_11-xx-yy.json d=7 generic        identity=ok Im f=0:True f>=0:True all parts>=0:True |f-SOS|/scale=2.31e-179 f/scale=4.004e-01 min part/scale=9.069e-03 (1.1s)
  F34m_11-xx-yy.json d=7 spread         identity=ok Im f=0:True f>=0:True all parts>=0:True |f-SOS|/scale=6.34e-179 f/scale=7.966e-01 min part/scale=2.334e-04 (1.2s)
  F34m_11-xx-yy.json d=8 generic        identity=ok Im f=0:True f>=0:True all parts>=0:True |f-SOS|/scale=0.00e+00 f/scale=2.078e-01 min part/scale=2.774e-03 (1.6s)
  F34m_11-xx-yy.json d=8 spread         identity=ok Im f=0:True f>=0:True all parts>=0:True |f-SOS|/scale=8.87e-179 f/scale=9.980e-01 min part/scale=1.353e-06 (1.5s)
== F34m_11-xx-yy.json [arb]: 30/30 samples pass; worst |f-SOS|/scale 8.87e-179; min f/scale 1.838e-13; min part/scale 4.550e-31 (27.4s)
  D34m_11-xx-yy.json d=2 generic        identity=ok Im f=0:True f>=0:True all parts>=0:True |f-SOS|/scale=1.46e-180 f/scale=9.752e-02 min part/scale=6.042e-03 (0.3s)
  D34m_11-xx-yy.json d=2 spread         identity=ok Im f=0:True f>=0:True all parts>=0:True |f-SOS|/scale=1.15e-182 f/scale=2.654e-03 min part/scale=2.098e-10 (0.3s)
  D34m_11-xx-yy.json d=2 very_spread    identity=ok Im f=0:True f>=0:True all parts>=0:True |f-SOS|/scale=0.00e+00 f/scale=3.179e-01 min part/scale=4.658e-25 (0.6s)
  D34m_11-xx-yy.json d=2 near_singular  identity=ok Im f=0:True f>=0:True all parts>=0:True |f-SOS|/scale=0.00e+00 f/scale=2.467e-02 min part/scale=4.465e-32 (0.6s)
  D34m_11-xx-yy.json d=2 degenerate     identity=ok Im f=0:True f>=0:True all parts>=0:True |f-SOS|/scale=7.15e-181 f/scale=7.278e-02 min part/scale=6.548e-03 (0.3s)
  D34m_11-xx-yy.json d=2 near_commuting identity=ok Im f=0:True f>=0:True all parts>=0:True |f-SOS|/scale=0.00e+00 f/scale=1.101e-13 min part/scale=8.052e-15 (0.6s)
  D34m_11-xx-yy.json d=3 generic        identity=ok Im f=0:True f>=0:True all parts>=0:True |f-SOS|/scale=5.69e-181 f/scale=2.657e-02 min part/scale=1.958e-03 (0.5s)
  D34m_11-xx-yy.json d=3 spread         identity=ok Im f=0:True f>=0:True all parts>=0:True |f-SOS|/scale=7.41e-179 f/scale=5.099e-01 min part/scale=5.518e-09 (0.5s)
  D34m_11-xx-yy.json d=3 very_spread    identity=ok Im f=0:True f>=0:True all parts>=0:True |f-SOS|/scale=0.00e+00 f/scale=1.893e-01 min part/scale=3.557e-14 (1.1s)
  D34m_11-xx-yy.json d=3 near_singular  identity=ok Im f=0:True f>=0:True all parts>=0:True |f-SOS|/scale=0.00e+00 f/scale=1.629e-01 min part/scale=5.756e-03 (1.1s)
  D34m_11-xx-yy.json d=3 degenerate     identity=ok Im f=0:True f>=0:True all parts>=0:True |f-SOS|/scale=5.42e-181 f/scale=2.108e-02 min part/scale=1.706e-03 (0.5s)
  D34m_11-xx-yy.json d=3 near_commuting identity=ok Im f=0:True f>=0:True all parts>=0:True |f-SOS|/scale=0.00e+00 f/scale=1.214e-10 min part/scale=9.486e-12 (1.1s)
  D34m_11-xx-yy.json d=4 generic        identity=ok Im f=0:True f>=0:True all parts>=0:True |f-SOS|/scale=1.59e-180 f/scale=1.029e-01 min part/scale=8.444e-03 (0.6s)
  D34m_11-xx-yy.json d=4 spread         identity=ok Im f=0:True f>=0:True all parts>=0:True |f-SOS|/scale=5.17e-179 f/scale=3.665e-01 min part/scale=2.029e-04 (0.6s)
  D34m_11-xx-yy.json d=4 very_spread    identity=ok Im f=0:True f>=0:True all parts>=0:True |f-SOS|/scale=0.00e+00 f/scale=2.808e-01 min part/scale=2.159e-10 (1.4s)
  D34m_11-xx-yy.json d=4 near_singular  identity=ok Im f=0:True f>=0:True all parts>=0:True |f-SOS|/scale=0.00e+00 f/scale=1.422e-01 min part/scale=7.403e-03 (1.4s)
  D34m_11-xx-yy.json d=4 degenerate     identity=ok Im f=0:True f>=0:True all parts>=0:True |f-SOS|/scale=1.14e-180 f/scale=4.428e-02 min part/scale=3.811e-03 (0.6s)
  D34m_11-xx-yy.json d=4 near_commuting identity=ok Im f=0:True f>=0:True all parts>=0:True |f-SOS|/scale=0.00e+00 f/scale=1.715e-11 min part/scale=1.361e-12 (1.4s)
  D34m_11-xx-yy.json d=5 generic        identity=ok Im f=0:True f>=0:True all parts>=0:True |f-SOS|/scale=3.31e-180 f/scale=8.430e-02 min part/scale=4.911e-03 (0.8s)
  D34m_11-xx-yy.json d=5 spread         identity=ok Im f=0:True f>=0:True all parts>=0:True |f-SOS|/scale=2.03e-179 f/scale=1.714e-01 min part/scale=4.239e-06 (0.8s)
  D34m_11-xx-yy.json d=5 very_spread    identity=ok Im f=0:True f>=0:True all parts>=0:True |f-SOS|/scale=0.00e+00 f/scale=4.448e-01 min part/scale=9.532e-08 (1.8s)
  D34m_11-xx-yy.json d=5 near_singular  identity=ok Im f=0:True f>=0:True all parts>=0:True |f-SOS|/scale=0.00e+00 f/scale=5.893e-02 min part/scale=3.760e-03 (1.8s)
  D34m_11-xx-yy.json d=5 degenerate     identity=ok Im f=0:True f>=0:True all parts>=0:True |f-SOS|/scale=3.61e-181 f/scale=2.784e-02 min part/scale=2.302e-03 (0.8s)
  D34m_11-xx-yy.json d=5 near_commuting identity=ok Im f=0:True f>=0:True all parts>=0:True |f-SOS|/scale=0.00e+00 f/scale=1.125e-13 min part/scale=4.264e-15 (1.8s)
  D34m_11-xx-yy.json d=6 generic        identity=ok Im f=0:True f>=0:True all parts>=0:True |f-SOS|/scale=1.45e-180 f/scale=1.205e-01 min part/scale=1.041e-02 (0.9s)
  D34m_11-xx-yy.json d=6 spread         identity=ok Im f=0:True f>=0:True all parts>=0:True |f-SOS|/scale=4.82e-179 f/scale=4.761e-01 min part/scale=5.664e-05 (0.9s)
  D34m_11-xx-yy.json d=7 generic        identity=ok Im f=0:True f>=0:True all parts>=0:True |f-SOS|/scale=0.00e+00 f/scale=6.626e-02 min part/scale=3.532e-03 (1.2s)
  D34m_11-xx-yy.json d=7 spread         identity=ok Im f=0:True f>=0:True all parts>=0:True |f-SOS|/scale=2.15e-179 f/scale=1.958e-01 min part/scale=4.966e-03 (1.2s)
  D34m_11-xx-yy.json d=8 generic        identity=ok Im f=0:True f>=0:True all parts>=0:True |f-SOS|/scale=0.00e+00 f/scale=2.340e-02 min part/scale=1.086e-03 (1.6s)
  D34m_11-xx-yy.json d=8 spread         identity=ok Im f=0:True f>=0:True all parts>=0:True |f-SOS|/scale=0.00e+00 f/scale=3.862e-01 min part/scale=7.736e-08 (1.6s)
== D34m_11-xx-yy.json [arb]: 30/30 samples pass; worst |f-SOS|/scale 7.41e-179; min f/scale 1.101e-13; min part/scale 4.465e-32 (28.2s)
  M34m_11-xx-yy.json d=2 generic        identity=ok Im f=0:True f>=0:True all parts>=0:True |f-SOS|/scale=1.36e-180 f/scale=3.151e-05 min part/scale=1.417e-08 (0.3s)
  M34m_11-xx-yy.json d=2 spread         identity=ok Im f=0:True f>=0:True all parts>=0:True |f-SOS|/scale=3.36e-179 f/scale=5.398e-01 min part/scale=3.430e-04 (0.3s)
  M34m_11-xx-yy.json d=2 very_spread    identity=ok Im f=0:True f>=0:True all parts>=0:True |f-SOS|/scale=0.00e+00 f/scale=2.125e-02 min part/scale=8.030e-27 (0.6s)
  M34m_11-xx-yy.json d=2 near_singular  identity=ok Im f=0:True f>=0:True all parts>=0:True |f-SOS|/scale=0.00e+00 f/scale=8.322e-01 min part/scale=3.117e-31 (0.6s)
  M34m_11-xx-yy.json d=2 degenerate     identity=ok Im f=0:True f>=0:True all parts>=0:True |f-SOS|/scale=4.22e-182 f/scale=8.626e-03 min part/scale=2.934e-05 (0.3s)
  M34m_11-xx-yy.json d=2 near_commuting identity=ok Im f=0:True f>=0:True all parts>=0:True |f-SOS|/scale=0.00e+00 f/scale=2.812e-13 min part/scale=1.092e-15 (0.6s)
  M34m_11-xx-yy.json d=3 generic        identity=ok Im f=0:True f>=0:True all parts>=0:True |f-SOS|/scale=5.62e-179 f/scale=8.784e-01 min part/scale=1.212e-02 (0.5s)
  M34m_11-xx-yy.json d=3 spread         identity=ok Im f=0:True f>=0:True all parts>=0:True |f-SOS|/scale=3.56e-179 f/scale=5.698e-01 min part/scale=4.841e-09 (0.5s)
  M34m_11-xx-yy.json d=3 very_spread    identity=ok Im f=0:True f>=0:True all parts>=0:True |f-SOS|/scale=0.00e+00 f/scale=9.982e-01 min part/scale=5.222e-14 (1.1s)
  M34m_11-xx-yy.json d=3 near_singular  identity=ok Im f=0:True f>=0:True all parts>=0:True |f-SOS|/scale=0.00e+00 f/scale=1.115e-01 min part/scale=5.213e-04 (1.1s)
  M34m_11-xx-yy.json d=3 degenerate     identity=ok Im f=0:True f>=0:True all parts>=0:True |f-SOS|/scale=1.39e-179 f/scale=1.770e-01 min part/scale=1.164e-03 (0.5s)
  M34m_11-xx-yy.json d=3 near_commuting identity=ok Im f=0:True f>=0:True all parts>=0:True |f-SOS|/scale=0.00e+00 f/scale=1.515e-13 min part/scale=8.487e-17 (1.1s)
  M34m_11-xx-yy.json d=4 generic        identity=ok Im f=0:True f>=0:True all parts>=0:True |f-SOS|/scale=1.36e-180 f/scale=2.553e-02 min part/scale=5.230e-05 (0.6s)
  M34m_11-xx-yy.json d=4 spread         identity=ok Im f=0:True f>=0:True all parts>=0:True |f-SOS|/scale=3.27e-179 f/scale=5.811e-01 min part/scale=2.278e-03 (0.6s)
  M34m_11-xx-yy.json d=4 very_spread    identity=ok Im f=0:True f>=0:True all parts>=0:True |f-SOS|/scale=0.00e+00 f/scale=6.825e-01 min part/scale=1.379e-09 (1.4s)
  M34m_11-xx-yy.json d=4 near_singular  identity=ok Im f=0:True f>=0:True all parts>=0:True |f-SOS|/scale=0.00e+00 f/scale=4.670e-01 min part/scale=3.976e-03 (1.4s)
  M34m_11-xx-yy.json d=4 degenerate     identity=ok Im f=0:True f>=0:True all parts>=0:True |f-SOS|/scale=2.64e-179 f/scale=4.246e-01 min part/scale=4.347e-03 (0.6s)
  M34m_11-xx-yy.json d=4 near_commuting identity=ok Im f=0:True f>=0:True all parts>=0:True |f-SOS|/scale=0.00e+00 f/scale=1.513e-12 min part/scale=5.743e-15 (1.4s)
  M34m_11-xx-yy.json d=5 generic        identity=ok Im f=0:True f>=0:True all parts>=0:True |f-SOS|/scale=1.69e-179 f/scale=3.014e-01 min part/scale=2.273e-03 (0.8s)
  M34m_11-xx-yy.json d=5 spread         identity=ok Im f=0:True f>=0:True all parts>=0:True |f-SOS|/scale=1.04e-179 f/scale=9.917e-01 min part/scale=9.168e-03 (0.8s)
  M34m_11-xx-yy.json d=5 very_spread    identity=ok Im f=0:True f>=0:True all parts>=0:True |f-SOS|/scale=0.00e+00 f/scale=6.818e-01 min part/scale=2.390e-08 (1.8s)
  M34m_11-xx-yy.json d=5 near_singular  identity=ok Im f=0:True f>=0:True all parts>=0:True |f-SOS|/scale=0.00e+00 f/scale=1.791e-01 min part/scale=6.570e-04 (1.8s)
  M34m_11-xx-yy.json d=5 degenerate     identity=ok Im f=0:True f>=0:True all parts>=0:True |f-SOS|/scale=2.60e-179 f/scale=4.642e-01 min part/scale=4.991e-03 (0.8s)
  M34m_11-xx-yy.json d=5 near_commuting identity=ok Im f=0:True f>=0:True all parts>=0:True |f-SOS|/scale=0.00e+00 f/scale=3.374e-13 min part/scale=2.337e-15 (1.8s)
  M34m_11-xx-yy.json d=6 generic        identity=ok Im f=0:True f>=0:True all parts>=0:True |f-SOS|/scale=8.68e-180 f/scale=2.093e-01 min part/scale=1.663e-03 (0.9s)
  M34m_11-xx-yy.json d=6 spread         identity=ok Im f=0:True f>=0:True all parts>=0:True |f-SOS|/scale=2.21e-179 f/scale=9.859e-01 min part/scale=1.758e-04 (1.0s)
  M34m_11-xx-yy.json d=7 generic        identity=ok Im f=0:True f>=0:True all parts>=0:True |f-SOS|/scale=2.31e-179 f/scale=3.507e-01 min part/scale=3.673e-03 (1.2s)
  M34m_11-xx-yy.json d=7 spread         identity=ok Im f=0:True f>=0:True all parts>=0:True |f-SOS|/scale=5.22e-179 f/scale=6.743e-01 min part/scale=4.132e-03 (1.2s)
  M34m_11-xx-yy.json d=8 generic        identity=ok Im f=0:True f>=0:True all parts>=0:True |f-SOS|/scale=0.00e+00 f/scale=1.215e-01 min part/scale=7.848e-04 (1.6s)
  M34m_11-xx-yy.json d=8 spread         identity=ok Im f=0:True f>=0:True all parts>=0:True |f-SOS|/scale=0.00e+00 f/scale=8.650e-01 min part/scale=4.189e-03 (1.6s)
== M34m_11-xx-yy.json [arb]: 30/30 samples pass; worst |f-SOS|/scale 5.62e-179; min f/scale 1.515e-13; min part/scale 3.117e-31 (28.4s)
  F64_11-xx-yy.json d=2 generic        identity=ok Im f=0:True f>=0:True all parts>=0:True |f-SOS|/scale=1.63e-180 f/scale=1.203e-01 min part/scale=5.313e-03 (0.3s)
  F64_11-xx-yy.json d=2 spread         identity=ok Im f=0:True f>=0:True all parts>=0:True |f-SOS|/scale=2.48e-178 f/scale=1.000e+00 min part/scale=2.915e-04 (0.3s)
  F64_11-xx-yy.json d=2 very_spread    identity=ok Im f=0:True f>=0:True all parts>=0:True |f-SOS|/scale=0.00e+00 f/scale=8.207e-01 min part/scale=7.818e-25 (0.6s)
  F64_11-xx-yy.json d=2 near_singular  identity=ok Im f=0:True f>=0:True all parts>=0:True |f-SOS|/scale=0.00e+00 f/scale=7.979e-01 min part/scale=8.139e-31 (0.6s)
  F64_11-xx-yy.json d=2 degenerate     identity=ok Im f=0:True f>=0:True all parts>=0:True |f-SOS|/scale=1.05e-179 f/scale=3.162e-01 min part/scale=1.167e-02 (0.4s)
  F64_11-xx-yy.json d=2 near_commuting identity=ok Im f=0:True f>=0:True all parts>=0:True |f-SOS|/scale=0.00e+00 f/scale=9.989e-13 min part/scale=1.558e-14 (0.7s)
  F64_11-xx-yy.json d=3 generic        identity=ok Im f=0:True f>=0:True all parts>=0:True |f-SOS|/scale=1.38e-179 f/scale=3.314e-01 min part/scale=1.395e-02 (0.5s)
  F64_11-xx-yy.json d=3 spread         identity=ok Im f=0:True f>=0:True all parts>=0:True |f-SOS|/scale=3.67e-179 f/scale=4.322e-01 min part/scale=1.910e-11 (0.5s)
  F64_11-xx-yy.json d=3 very_spread    identity=ok Im f=0:True f>=0:True all parts>=0:True |f-SOS|/scale=0.00e+00 f/scale=9.976e-01 min part/scale=1.204e-13 (1.3s)
  F64_11-xx-yy.json d=3 near_singular  identity=ok Im f=0:True f>=0:True all parts>=0:True |f-SOS|/scale=0.00e+00 f/scale=3.199e-01 min part/scale=5.193e-03 (1.2s)
  F64_11-xx-yy.json d=3 degenerate     identity=ok Im f=0:True f>=0:True all parts>=0:True |f-SOS|/scale=7.35e-179 f/scale=8.373e-01 min part/scale=3.224e-02 (0.6s)
  F64_11-xx-yy.json d=3 near_commuting identity=ok Im f=0:True f>=0:True all parts>=0:True |f-SOS|/scale=0.00e+00 f/scale=7.473e-12 min part/scale=1.277e-13 (1.2s)
  F64_11-xx-yy.json d=4 generic        identity=ok Im f=0:True f>=0:True all parts>=0:True |f-SOS|/scale=2.17e-180 f/scale=1.520e-01 min part/scale=6.256e-03 (0.7s)
  F64_11-xx-yy.json d=4 spread         identity=ok Im f=0:True f>=0:True all parts>=0:True |f-SOS|/scale=7.75e-179 f/scale=6.079e-01 min part/scale=1.749e-07 (0.7s)
  F64_11-xx-yy.json d=4 very_spread    identity=ok Im f=0:True f>=0:True all parts>=0:True |f-SOS|/scale=0.00e+00 f/scale=1.000e+00 min part/scale=3.833e-11 (1.6s)
  F64_11-xx-yy.json d=4 near_singular  identity=ok Im f=0:True f>=0:True all parts>=0:True |f-SOS|/scale=0.00e+00 f/scale=5.456e-01 min part/scale=1.723e-02 (1.6s)
  F64_11-xx-yy.json d=4 degenerate     identity=ok Im f=0:True f>=0:True all parts>=0:True |f-SOS|/scale=1.45e-179 f/scale=4.217e-01 min part/scale=1.648e-02 (0.7s)
  F64_11-xx-yy.json d=4 near_commuting identity=ok Im f=0:True f>=0:True all parts>=0:True |f-SOS|/scale=0.00e+00 f/scale=3.534e-12 min part/scale=5.679e-14 (1.6s)
  F64_11-xx-yy.json d=5 generic        identity=ok Im f=0:True f>=0:True all parts>=0:True |f-SOS|/scale=2.41e-180 f/scale=1.057e-01 min part/scale=2.540e-03 (0.9s)
  F64_11-xx-yy.json d=5 spread         identity=ok Im f=0:True f>=0:True all parts>=0:True |f-SOS|/scale=7.71e-179 f/scale=5.841e-01 min part/scale=1.525e-03 (0.9s)
  F64_11-xx-yy.json d=5 very_spread    identity=ok Im f=0:True f>=0:True all parts>=0:True |f-SOS|/scale=0.00e+00 f/scale=9.986e-01 min part/scale=2.695e-07 (2.1s)
  F64_11-xx-yy.json d=5 near_singular  identity=ok Im f=0:True f>=0:True all parts>=0:True |f-SOS|/scale=0.00e+00 f/scale=8.713e-02 min part/scale=2.855e-03 (2.1s)
  F64_11-xx-yy.json d=5 degenerate     identity=ok Im f=0:True f>=0:True all parts>=0:True |f-SOS|/scale=4.36e-179 f/scale=7.130e-01 min part/scale=2.940e-02 (1.0s)
  F64_11-xx-yy.json d=5 near_commuting identity=ok Im f=0:True f>=0:True all parts>=0:True |f-SOS|/scale=0.00e+00 f/scale=2.874e-12 min part/scale=1.034e-13 (2.1s)
  F64_11-xx-yy.json d=6 generic        identity=ok Im f=0:True f>=0:True all parts>=0:True |f-SOS|/scale=0.00e+00 f/scale=2.263e-01 min part/scale=5.753e-03 (1.1s)
  F64_11-xx-yy.json d=6 spread         identity=ok Im f=0:True f>=0:True all parts>=0:True |f-SOS|/scale=1.92e-178 f/scale=9.796e-01 min part/scale=4.961e-03 (1.1s)
  F64_11-xx-yy.json d=7 generic        identity=ok Im f=0:True f>=0:True all parts>=0:True |f-SOS|/scale=3.08e-179 f/scale=5.196e-01 min part/scale=1.456e-02 (1.5s)
  F64_11-xx-yy.json d=7 spread         identity=ok Im f=0:True f>=0:True all parts>=0:True |f-SOS|/scale=2.24e-178 f/scale=9.999e-01 min part/scale=5.659e-05 (1.4s)
  F64_11-xx-yy.json d=8 generic        identity=ok Im f=0:True f>=0:True all parts>=0:True |f-SOS|/scale=0.00e+00 f/scale=1.294e-01 min part/scale=4.263e-03 (1.8s)
  F64_11-xx-yy.json d=8 spread         identity=ok Im f=0:True f>=0:True all parts>=0:True |f-SOS|/scale=1.16e-178 f/scale=8.420e-01 min part/scale=1.909e-02 (1.9s)
== F64_11-xx-yy.json [arb]: 30/30 samples pass; worst |f-SOS|/scale 2.48e-178; min f/scale 9.989e-13; min part/scale 8.139e-31 (33.0s)
  P44.json d=2 generic        identity=ok Im f=0:True f>=0:True all parts>=0:True |f-SOS|/scale=5.47e-180 f/scale=1.000e+00 min part/scale=2.005e-10 (0.0s)
  P44.json d=2 spread         identity=ok Im f=0:True f>=0:True all parts>=0:True |f-SOS|/scale=4.03e-180 f/scale=1.000e+00 min part/scale=2.433e-20 (0.0s)
  P44.json d=2 very_spread    identity=ok Im f=0:True f>=0:True all parts>=0:True |f-SOS|/scale=0.00e+00 f/scale=1.000e+00 min part/scale=1.574e-100 (0.0s)
  P44.json d=2 near_singular  identity=ok Im f=0:True f>=0:True all parts>=0:True |f-SOS|/scale=0.00e+00 f/scale=1.000e+00 min part/scale=9.888e-123 (0.0s)
  P44.json d=2 degenerate     identity=ok Im f=0:True f>=0:True all parts>=0:True |f-SOS|/scale=4.77e-180 f/scale=1.000e+00 min part/scale=1.875e-06 (0.0s)
  P44.json d=2 near_commuting identity=ok Im f=0:True f>=0:True all parts>=0:True |f-SOS|/scale=0.00e+00 f/scale=1.000e+00 min part/scale=5.330e-18 (0.0s)
  P44.json d=3 generic        identity=ok Im f=0:True f>=0:True all parts>=0:True |f-SOS|/scale=6.64e-180 f/scale=1.000e+00 min part/scale=1.607e-06 (0.0s)
  P44.json d=3 spread         identity=ok Im f=0:True f>=0:True all parts>=0:True |f-SOS|/scale=5.96e-180 f/scale=1.000e+00 min part/scale=2.722e-13 (0.0s)
  P44.json d=3 very_spread    identity=ok Im f=0:True f>=0:True all parts>=0:True |f-SOS|/scale=0.00e+00 f/scale=1.000e+00 min part/scale=3.577e-55 (0.0s)
  P44.json d=3 near_singular  identity=ok Im f=0:True f>=0:True all parts>=0:True |f-SOS|/scale=0.00e+00 f/scale=1.000e+00 min part/scale=7.278e-06 (0.0s)
  P44.json d=3 degenerate     identity=ok Im f=0:True f>=0:True all parts>=0:True |f-SOS|/scale=6.97e-180 f/scale=1.000e+00 min part/scale=1.987e-06 (0.0s)
  P44.json d=3 near_commuting identity=ok Im f=0:True f>=0:True all parts>=0:True |f-SOS|/scale=0.00e+00 f/scale=1.000e+00 min part/scale=6.779e-20 (0.0s)
  P44.json d=4 generic        identity=ok Im f=0:True f>=0:True all parts>=0:True |f-SOS|/scale=5.17e-180 f/scale=1.000e+00 min part/scale=7.722e-06 (0.0s)
  P44.json d=4 spread         identity=ok Im f=0:True f>=0:True all parts>=0:True |f-SOS|/scale=5.99e-180 f/scale=1.000e+00 min part/scale=1.140e-09 (0.0s)
  P44.json d=4 very_spread    identity=ok Im f=0:True f>=0:True all parts>=0:True |f-SOS|/scale=0.00e+00 f/scale=1.000e+00 min part/scale=1.313e-36 (0.0s)
  P44.json d=4 near_singular  identity=ok Im f=0:True f>=0:True all parts>=0:True |f-SOS|/scale=0.00e+00 f/scale=1.000e+00 min part/scale=1.897e-06 (0.0s)
  P44.json d=4 degenerate     identity=ok Im f=0:True f>=0:True all parts>=0:True |f-SOS|/scale=5.33e-180 f/scale=1.000e+00 min part/scale=2.918e-07 (0.0s)
  P44.json d=4 near_commuting identity=ok Im f=0:True f>=0:True all parts>=0:True |f-SOS|/scale=0.00e+00 f/scale=1.000e+00 min part/scale=3.439e-16 (0.0s)
  P44.json d=5 generic        identity=ok Im f=0:True f>=0:True all parts>=0:True |f-SOS|/scale=1.01e-179 f/scale=1.000e+00 min part/scale=5.562e-06 (0.0s)
  P44.json d=5 spread         identity=ok Im f=0:True f>=0:True all parts>=0:True |f-SOS|/scale=1.04e-179 f/scale=1.000e+00 min part/scale=2.367e-12 (0.0s)
  P44.json d=5 very_spread    identity=ok Im f=0:True f>=0:True all parts>=0:True |f-SOS|/scale=0.00e+00 f/scale=1.000e+00 min part/scale=3.591e-30 (0.1s)
  P44.json d=5 near_singular  identity=ok Im f=0:True f>=0:True all parts>=0:True |f-SOS|/scale=0.00e+00 f/scale=1.000e+00 min part/scale=6.179e-06 (0.1s)
  P44.json d=5 degenerate     identity=ok Im f=0:True f>=0:True all parts>=0:True |f-SOS|/scale=8.18e-180 f/scale=1.000e+00 min part/scale=1.450e-06 (0.0s)
  P44.json d=5 near_commuting identity=ok Im f=0:True f>=0:True all parts>=0:True |f-SOS|/scale=0.00e+00 f/scale=1.000e+00 min part/scale=5.872e-17 (0.1s)
  P44.json d=6 generic        identity=ok Im f=0:True f>=0:True all parts>=0:True |f-SOS|/scale=1.61e-179 f/scale=1.000e+00 min part/scale=1.460e-06 (0.1s)
  P44.json d=6 spread         identity=ok Im f=0:True f>=0:True all parts>=0:True |f-SOS|/scale=1.44e-179 f/scale=1.000e+00 min part/scale=2.902e-14 (0.1s)
  P44.json d=6 very_spread    identity=ok Im f=0:True f>=0:True all parts>=0:True |f-SOS|/scale=0.00e+00 f/scale=1.000e+00 min part/scale=5.720e-25 (0.2s)
  P44.json d=6 near_singular  identity=ok Im f=0:True f>=0:True all parts>=0:True |f-SOS|/scale=0.00e+00 f/scale=1.000e+00 min part/scale=1.099e-05 (0.1s)
  P44.json d=6 degenerate     identity=ok Im f=0:True f>=0:True all parts>=0:True |f-SOS|/scale=1.35e-179 f/scale=1.000e+00 min part/scale=1.128e-06 (0.1s)
  P44.json d=6 near_commuting identity=ok Im f=0:True f>=0:True all parts>=0:True |f-SOS|/scale=0.00e+00 f/scale=1.000e+00 min part/scale=7.197e-17 (0.1s)
  P44.json d=7 generic        identity=ok Im f=0:True f>=0:True all parts>=0:True |f-SOS|/scale=1.73e-179 f/scale=1.000e+00 min part/scale=2.642e-06 (0.1s)
  P44.json d=7 spread         identity=ok Im f=0:True f>=0:True all parts>=0:True |f-SOS|/scale=1.57e-179 f/scale=1.000e+00 min part/scale=1.530e-09 (0.1s)
  P44.json d=7 very_spread    identity=ok Im f=0:True f>=0:True all parts>=0:True |f-SOS|/scale=0.00e+00 f/scale=1.000e+00 min part/scale=7.067e-24 (0.2s)
  P44.json d=7 near_singular  identity=ok Im f=0:True f>=0:True all parts>=0:True |f-SOS|/scale=0.00e+00 f/scale=1.000e+00 min part/scale=6.804e-06 (0.2s)
  P44.json d=7 degenerate     identity=ok Im f=0:True f>=0:True all parts>=0:True |f-SOS|/scale=1.92e-179 f/scale=1.000e+00 min part/scale=4.063e-07 (0.1s)
  P44.json d=7 near_commuting identity=ok Im f=0:True f>=0:True all parts>=0:True |f-SOS|/scale=0.00e+00 f/scale=1.000e+00 min part/scale=2.856e-16 (0.2s)
  P44.json d=8 generic        identity=ok Im f=0:True f>=0:True all parts>=0:True |f-SOS|/scale=2.12e-179 f/scale=1.000e+00 min part/scale=2.830e-06 (0.1s)
  P44.json d=8 spread         identity=ok Im f=0:True f>=0:True all parts>=0:True |f-SOS|/scale=1.98e-179 f/scale=1.000e+00 min part/scale=1.897e-08 (0.1s)
  P44.json d=8 very_spread    identity=ok Im f=0:True f>=0:True all parts>=0:True |f-SOS|/scale=0.00e+00 f/scale=1.000e+00 min part/scale=6.152e-20 (0.3s)
  P44.json d=8 near_singular  identity=ok Im f=0:True f>=0:True all parts>=0:True |f-SOS|/scale=0.00e+00 f/scale=1.000e+00 min part/scale=5.709e-06 (0.3s)
  P44.json d=8 degenerate     identity=ok Im f=0:True f>=0:True all parts>=0:True |f-SOS|/scale=1.83e-179 f/scale=1.000e+00 min part/scale=4.921e-07 (0.2s)
  P44.json d=8 near_commuting identity=ok Im f=0:True f>=0:True all parts>=0:True |f-SOS|/scale=0.00e+00 f/scale=1.000e+00 min part/scale=5.332e-17 (0.3s)
== P44.json [arb]: 42/42 samples pass; worst |f-SOS|/scale 2.12e-179; min f/scale 1.000e+00; min part/scale 9.888e-123 (3.6s)
  F24_11-xx-yy.json d=2 generic        identity=ok Im f=0:True f>=0:True all parts>=0:True |f-SOS|/scale=7.29e-181 f/scale=8.818e-06 min part/scale=3.252e-11 (0.0s)
  F24_11-xx-yy.json d=2 spread         identity=ok Im f=0:True f>=0:True all parts>=0:True |f-SOS|/scale=8.83e-181 f/scale=4.619e-01 min part/scale=1.170e-12 (0.0s)
  F24_11-xx-yy.json d=2 very_spread    identity=ok Im f=0:True f>=0:True all parts>=0:True |f-SOS|/scale=0.00e+00 f/scale=6.606e-02 min part/scale=5.550e-75 (0.0s)
  F24_11-xx-yy.json d=2 near_singular  identity=ok Im f=0:True f>=0:True all parts>=0:True |f-SOS|/scale=0.00e+00 f/scale=9.650e-01 min part/scale=3.891e-90 (0.0s)
  F24_11-xx-yy.json d=2 degenerate     identity=ok Im f=0:True f>=0:True all parts>=0:True |f-SOS|/scale=4.66e-181 f/scale=4.568e-01 min part/scale=5.766e-04 (0.0s)
  F24_11-xx-yy.json d=2 near_commuting identity=ok Im f=0:True f>=0:True all parts>=0:True |f-SOS|/scale=0.00e+00 f/scale=3.256e-15 min part/scale=1.457e-19 (0.0s)
  F24_11-xx-yy.json d=3 generic        identity=ok Im f=0:True f>=0:True all parts>=0:True |f-SOS|/scale=7.54e-181 f/scale=4.395e-03 min part/scale=9.711e-07 (0.0s)
  F24_11-xx-yy.json d=3 spread         identity=ok Im f=0:True f>=0:True all parts>=0:True |f-SOS|/scale=5.26e-180 f/scale=9.865e-01 min part/scale=1.460e-17 (0.0s)
  F24_11-xx-yy.json d=3 very_spread    identity=ok Im f=0:True f>=0:True all parts>=0:True |f-SOS|/scale=0.00e+00 f/scale=8.101e-01 min part/scale=1.399e-37 (0.0s)
  F24_11-xx-yy.json d=3 near_singular  identity=ok Im f=0:True f>=0:True all parts>=0:True |f-SOS|/scale=0.00e+00 f/scale=2.076e-01 min part/scale=3.134e-04 (0.0s)
  F24_11-xx-yy.json d=3 degenerate     identity=ok Im f=0:True f>=0:True all parts>=0:True |f-SOS|/scale=9.99e-181 f/scale=5.837e-02 min part/scale=8.708e-05 (0.0s)
  F24_11-xx-yy.json d=3 near_commuting identity=ok Im f=0:True f>=0:True all parts>=0:True |f-SOS|/scale=0.00e+00 f/scale=3.440e-12 min part/scale=6.692e-15 (0.0s)
  F24_11-xx-yy.json d=4 generic        identity=ok Im f=0:True f>=0:True all parts>=0:True |f-SOS|/scale=1.66e-180 f/scale=3.235e-01 min part/scale=3.068e-04 (0.0s)
  F24_11-xx-yy.json d=4 spread         identity=ok Im f=0:True f>=0:True all parts>=0:True |f-SOS|/scale=6.56e-180 f/scale=9.785e-01 min part/scale=1.305e-07 (0.0s)
  F24_11-xx-yy.json d=4 very_spread    identity=ok Im f=0:True f>=0:True all parts>=0:True |f-SOS|/scale=0.00e+00 f/scale=9.268e-01 min part/scale=2.438e-28 (0.0s)
  F24_11-xx-yy.json d=4 near_singular  identity=ok Im f=0:True f>=0:True all parts>=0:True |f-SOS|/scale=0.00e+00 f/scale=2.878e-01 min part/scale=6.531e-04 (0.0s)
  F24_11-xx-yy.json d=4 degenerate     identity=ok Im f=0:True f>=0:True all parts>=0:True |f-SOS|/scale=7.12e-181 f/scale=2.392e-01 min part/scale=3.416e-04 (0.0s)
  F24_11-xx-yy.json d=4 near_commuting identity=ok Im f=0:True f>=0:True all parts>=0:True |f-SOS|/scale=0.00e+00 f/scale=6.020e-12 min part/scale=1.198e-14 (0.0s)
  F24_11-xx-yy.json d=5 generic        identity=ok Im f=0:True f>=0:True all parts>=0:True |f-SOS|/scale=7.25e-181 f/scale=1.598e-01 min part/scale=3.794e-04 (0.0s)
  F24_11-xx-yy.json d=5 spread         identity=ok Im f=0:True f>=0:True all parts>=0:True |f-SOS|/scale=9.61e-180 f/scale=9.969e-01 min part/scale=3.480e-14 (0.0s)
  F24_11-xx-yy.json d=5 very_spread    identity=ok Im f=0:True f>=0:True all parts>=0:True |f-SOS|/scale=0.00e+00 f/scale=9.952e-01 min part/scale=2.083e-20 (0.0s)
  F24_11-xx-yy.json d=5 near_singular  identity=ok Im f=0:True f>=0:True all parts>=0:True |f-SOS|/scale=0.00e+00 f/scale=4.864e-01 min part/scale=4.469e-04 (0.0s)
  F24_11-xx-yy.json d=5 degenerate     identity=ok Im f=0:True f>=0:True all parts>=0:True |f-SOS|/scale=2.21e-180 f/scale=3.320e-01 min part/scale=4.571e-04 (0.0s)
  F24_11-xx-yy.json d=5 near_commuting identity=ok Im f=0:True f>=0:True all parts>=0:True |f-SOS|/scale=0.00e+00 f/scale=1.997e-12 min part/scale=6.788e-15 (0.0s)
  F24_11-xx-yy.json d=6 generic        identity=ok Im f=0:True f>=0:True all parts>=0:True |f-SOS|/scale=2.18e-181 f/scale=8.552e-02 min part/scale=1.389e-04 (0.0s)
  F24_11-xx-yy.json d=6 spread         identity=ok Im f=0:True f>=0:True all parts>=0:True |f-SOS|/scale=1.19e-179 f/scale=9.983e-01 min part/scale=1.352e-14 (0.0s)
  F24_11-xx-yy.json d=6 very_spread    identity=ok Im f=0:True f>=0:True all parts>=0:True |f-SOS|/scale=0.00e+00 f/scale=9.984e-01 min part/scale=7.917e-17 (0.0s)
  F24_11-xx-yy.json d=6 near_singular  identity=ok Im f=0:True f>=0:True all parts>=0:True |f-SOS|/scale=0.00e+00 f/scale=2.061e-01 min part/scale=3.527e-04 (0.0s)
  F24_11-xx-yy.json d=6 degenerate     identity=ok Im f=0:True f>=0:True all parts>=0:True |f-SOS|/scale=1.34e-180 f/scale=1.870e-01 min part/scale=2.720e-04 (0.0s)
  F24_11-xx-yy.json d=6 near_commuting identity=ok Im f=0:True f>=0:True all parts>=0:True |f-SOS|/scale=0.00e+00 f/scale=1.469e-13 min part/scale=1.666e-16 (0.0s)
  F24_11-xx-yy.json d=7 generic        identity=ok Im f=0:True f>=0:True all parts>=0:True |f-SOS|/scale=1.27e-180 f/scale=1.279e-01 min part/scale=3.445e-04 (0.0s)
  F24_11-xx-yy.json d=7 spread         identity=ok Im f=0:True f>=0:True all parts>=0:True |f-SOS|/scale=1.59e-179 f/scale=1.000e+00 min part/scale=4.931e-07 (0.0s)
  F24_11-xx-yy.json d=7 very_spread    identity=ok Im f=0:True f>=0:True all parts>=0:True |f-SOS|/scale=0.00e+00 f/scale=9.999e-01 min part/scale=3.607e-15 (0.1s)
  F24_11-xx-yy.json d=7 near_singular  identity=ok Im f=0:True f>=0:True all parts>=0:True |f-SOS|/scale=0.00e+00 f/scale=1.476e-01 min part/scale=6.807e-04 (0.1s)
  F24_11-xx-yy.json d=7 degenerate     identity=ok Im f=0:True f>=0:True all parts>=0:True |f-SOS|/scale=6.75e-180 f/scale=3.951e-01 min part/scale=5.276e-04 (0.0s)
  F24_11-xx-yy.json d=7 near_commuting identity=ok Im f=0:True f>=0:True all parts>=0:True |f-SOS|/scale=0.00e+00 f/scale=1.417e-12 min part/scale=4.087e-15 (0.1s)
  F24_11-xx-yy.json d=8 generic        identity=ok Im f=0:True f>=0:True all parts>=0:True |f-SOS|/scale=1.72e-180 f/scale=1.104e-01 min part/scale=2.705e-04 (0.0s)
  F24_11-xx-yy.json d=8 spread         identity=ok Im f=0:True f>=0:True all parts>=0:True |f-SOS|/scale=1.92e-179 f/scale=9.469e-01 min part/scale=6.276e-06 (0.0s)
  F24_11-xx-yy.json d=8 very_spread    identity=ok Im f=0:True f>=0:True all parts>=0:True |f-SOS|/scale=0.00e+00 f/scale=9.213e-01 min part/scale=2.402e-14 (0.1s)
  F24_11-xx-yy.json d=8 near_singular  identity=ok Im f=0:True f>=0:True all parts>=0:True |f-SOS|/scale=0.00e+00 f/scale=1.128e-01 min part/scale=4.554e-04 (0.1s)
  F24_11-xx-yy.json d=8 degenerate     identity=ok Im f=0:True f>=0:True all parts>=0:True |f-SOS|/scale=1.36e-180 f/scale=9.590e-02 min part/scale=1.437e-04 (0.0s)
  F24_11-xx-yy.json d=8 near_commuting identity=ok Im f=0:True f>=0:True all parts>=0:True |f-SOS|/scale=0.00e+00 f/scale=1.526e-12 min part/scale=6.384e-15 (0.1s)
== F24_11-xx-yy.json [arb]: 42/42 samples pass; worst |f-SOS|/scale 1.92e-179; min f/scale 3.256e-15; min part/scale 3.891e-90 (1.0s)
  F42_11-xx-yy.json d=2 generic        identity=ok Im f=0:True f>=0:True all parts>=0:True |f-SOS|/scale=4.07e-181 f/scale=1.479e-01 min part/scale=5.170e-04 (0.0s)
  F42_11-xx-yy.json d=2 spread         identity=ok Im f=0:True f>=0:True all parts>=0:True |f-SOS|/scale=6.76e-181 f/scale=1.283e-02 min part/scale=3.035e-14 (0.0s)
  F42_11-xx-yy.json d=2 very_spread    identity=ok Im f=0:True f>=0:True all parts>=0:True |f-SOS|/scale=0.00e+00 f/scale=8.280e-01 min part/scale=5.824e-72 (0.0s)
  F42_11-xx-yy.json d=2 near_singular  identity=ok Im f=0:True f>=0:True all parts>=0:True |f-SOS|/scale=0.00e+00 f/scale=6.113e-03 min part/scale=1.761e-90 (0.0s)
  F42_11-xx-yy.json d=2 degenerate     identity=ok Im f=0:True f>=0:True all parts>=0:True |f-SOS|/scale=1.02e-181 f/scale=1.267e-01 min part/scale=3.549e-04 (0.0s)
  F42_11-xx-yy.json d=2 near_commuting identity=ok Im f=0:True f>=0:True all parts>=0:True |f-SOS|/scale=0.00e+00 f/scale=3.793e-15 min part/scale=4.826e-19 (0.0s)
  F42_11-xx-yy.json d=3 generic        identity=ok Im f=0:True f>=0:True all parts>=0:True |f-SOS|/scale=6.22e-181 f/scale=1.372e-02 min part/scale=4.021e-05 (0.0s)
  F42_11-xx-yy.json d=3 spread         identity=ok Im f=0:True f>=0:True all parts>=0:True |f-SOS|/scale=1.30e-180 f/scale=6.622e-01 min part/scale=3.746e-07 (0.0s)
  F42_11-xx-yy.json d=3 very_spread    identity=ok Im f=0:True f>=0:True all parts>=0:True |f-SOS|/scale=0.00e+00 f/scale=3.970e-01 min part/scale=2.618e-36 (0.0s)
  F42_11-xx-yy.json d=3 near_singular  identity=ok Im f=0:True f>=0:True all parts>=0:True |f-SOS|/scale=0.00e+00 f/scale=4.738e-01 min part/scale=1.452e-04 (0.0s)
  F42_11-xx-yy.json d=3 degenerate     identity=ok Im f=0:True f>=0:True all parts>=0:True |f-SOS|/scale=7.77e-181 f/scale=3.443e-01 min part/scale=9.643e-04 (0.0s)
  F42_11-xx-yy.json d=3 near_commuting identity=ok Im f=0:True f>=0:True all parts>=0:True |f-SOS|/scale=0.00e+00 f/scale=1.205e-13 min part/scale=5.368e-17 (0.0s)
  F42_11-xx-yy.json d=4 generic        identity=ok Im f=0:True f>=0:True all parts>=0:True |f-SOS|/scale=2.69e-181 f/scale=4.186e-02 min part/scale=6.927e-05 (0.0s)
  F42_11-xx-yy.json d=4 spread         identity=ok Im f=0:True f>=0:True all parts>=0:True |f-SOS|/scale=3.72e-180 f/scale=7.125e-01 min part/scale=9.735e-04 (0.0s)
  F42_11-xx-yy.json d=4 very_spread    identity=ok Im f=0:True f>=0:True all parts>=0:True |f-SOS|/scale=0.00e+00 f/scale=4.684e-01 min part/scale=9.100e-25 (0.0s)
  F42_11-xx-yy.json d=4 near_singular  identity=ok Im f=0:True f>=0:True all parts>=0:True |f-SOS|/scale=0.00e+00 f/scale=8.364e-02 min part/scale=1.174e-03 (0.0s)
  F42_11-xx-yy.json d=4 degenerate     identity=ok Im f=0:True f>=0:True all parts>=0:True |f-SOS|/scale=0.00e+00 f/scale=1.630e-01 min part/scale=4.565e-04 (0.0s)
  F42_11-xx-yy.json d=4 near_commuting identity=ok Im f=0:True f>=0:True all parts>=0:True |f-SOS|/scale=0.00e+00 f/scale=2.409e-13 min part/scale=8.186e-16 (0.0s)
  F42_11-xx-yy.json d=5 generic        identity=ok Im f=0:True f>=0:True all parts>=0:True |f-SOS|/scale=2.60e-181 f/scale=4.198e-02 min part/scale=1.145e-04 (0.0s)
  F42_11-xx-yy.json d=5 spread         identity=ok Im f=0:True f>=0:True all parts>=0:True |f-SOS|/scale=3.17e-181 f/scale=9.318e-02 min part/scale=2.892e-07 (0.0s)
  F42_11-xx-yy.json d=5 very_spread    identity=ok Im f=0:True f>=0:True all parts>=0:True |f-SOS|/scale=0.00e+00 f/scale=3.765e-01 min part/scale=1.393e-18 (0.0s)
  F42_11-xx-yy.json d=5 near_singular  identity=ok Im f=0:True f>=0:True all parts>=0:True |f-SOS|/scale=0.00e+00 f/scale=1.773e-01 min part/scale=1.560e-03 (0.0s)
  F42_11-xx-yy.json d=5 degenerate     identity=ok Im f=0:True f>=0:True all parts>=0:True |f-SOS|/scale=5.94e-181 f/scale=2.166e-01 min part/scale=6.065e-04 (0.0s)
  F42_11-xx-yy.json d=5 near_commuting identity=ok Im f=0:True f>=0:True all parts>=0:True |f-SOS|/scale=0.00e+00 f/scale=8.288e-13 min part/scale=2.508e-15 (0.0s)
  F42_11-xx-yy.json d=6 generic        identity=ok Im f=0:True f>=0:True all parts>=0:True |f-SOS|/scale=1.77e-181 f/scale=4.193e-02 min part/scale=1.327e-04 (0.0s)
  F42_11-xx-yy.json d=6 spread         identity=ok Im f=0:True f>=0:True all parts>=0:True |f-SOS|/scale=6.17e-180 f/scale=5.838e-01 min part/scale=4.129e-15 (0.0s)
  F42_11-xx-yy.json d=6 very_spread    identity=ok Im f=0:True f>=0:True all parts>=0:True |f-SOS|/scale=0.00e+00 f/scale=3.246e-01 min part/scale=1.568e-15 (0.0s)
  F42_11-xx-yy.json d=6 near_singular  identity=ok Im f=0:True f>=0:True all parts>=0:True |f-SOS|/scale=0.00e+00 f/scale=4.884e-02 min part/scale=2.623e-04 (0.0s)
  F42_11-xx-yy.json d=6 degenerate     identity=ok Im f=0:True f>=0:True all parts>=0:True |f-SOS|/scale=2.30e-180 f/scale=2.593e-01 min part/scale=7.263e-04 (0.0s)
  F42_11-xx-yy.json d=6 near_commuting identity=ok Im f=0:True f>=0:True all parts>=0:True |f-SOS|/scale=0.00e+00 f/scale=5.797e-12 min part/scale=1.722e-14 (0.0s)
  F42_11-xx-yy.json d=7 generic        identity=ok Im f=0:True f>=0:True all parts>=0:True |f-SOS|/scale=5.61e-181 f/scale=2.806e-02 min part/scale=2.873e-05 (0.0s)
  F42_11-xx-yy.json d=7 spread         identity=ok Im f=0:True f>=0:True all parts>=0:True |f-SOS|/scale=6.48e-180 f/scale=4.652e-01 min part/scale=4.973e-03 (0.0s)
  F42_11-xx-yy.json d=7 very_spread    identity=ok Im f=0:True f>=0:True all parts>=0:True |f-SOS|/scale=0.00e+00 f/scale=6.358e-01 min part/scale=1.106e-12 (0.0s)
  F42_11-xx-yy.json d=7 near_singular  identity=ok Im f=0:True f>=0:True all parts>=0:True |f-SOS|/scale=0.00e+00 f/scale=5.851e-02 min part/scale=6.425e-04 (0.0s)
  F42_11-xx-yy.json d=7 degenerate     identity=ok Im f=0:True f>=0:True all parts>=0:True |f-SOS|/scale=5.57e-181 f/scale=2.553e-02 min part/scale=7.150e-05 (0.0s)
  F42_11-xx-yy.json d=7 near_commuting identity=ok Im f=0:True f>=0:True all parts>=0:True |f-SOS|/scale=0.00e+00 f/scale=1.057e-12 min part/scale=2.306e-15 (0.0s)
  F42_11-xx-yy.json d=8 generic        identity=ok Im f=0:True f>=0:True all parts>=0:True |f-SOS|/scale=2.11e-181 f/scale=1.981e-02 min part/scale=2.373e-05 (0.0s)
  F42_11-xx-yy.json d=8 spread         identity=ok Im f=0:True f>=0:True all parts>=0:True |f-SOS|/scale=1.64e-179 f/scale=9.320e-01 min part/scale=2.866e-06 (0.0s)
  F42_11-xx-yy.json d=8 very_spread    identity=ok Im f=0:True f>=0:True all parts>=0:True |f-SOS|/scale=0.00e+00 f/scale=3.800e-01 min part/scale=1.477e-12 (0.1s)
  F42_11-xx-yy.json d=8 near_singular  identity=ok Im f=0:True f>=0:True all parts>=0:True |f-SOS|/scale=0.00e+00 f/scale=5.855e-02 min part/scale=5.295e-04 (0.1s)
  F42_11-xx-yy.json d=8 degenerate     identity=ok Im f=0:True f>=0:True all parts>=0:True |f-SOS|/scale=6.02e-181 f/scale=8.942e-02 min part/scale=2.505e-04 (0.0s)
  F42_11-xx-yy.json d=8 near_commuting identity=ok Im f=0:True f>=0:True all parts>=0:True |f-SOS|/scale=0.00e+00 f/scale=8.193e-13 min part/scale=1.689e-15 (0.1s)
== F42_11-xx-yy.json [arb]: 42/42 samples pass; worst |f-SOS|/scale 1.64e-179; min f/scale 3.793e-15; min part/scale 1.761e-90 (0.8s)
SUMMARY {"F44_11-xx-yy.json": {"samples": 42, "ok": 42, "worst_rel_diff": 2.8015318431821028e-179, "min_f_over_scale": 1.0197971428686861e-13, "min_part_over_scale": 3.6176824850645805e-90, "seconds": 8.2}, "F44_gram.json": {"samples": 42, "ok": 42, "worst_rel_diff": 1.3030512020607079e-179, "min_f_over_scale": 8.949649886057016e-13, "min_part_over_scale": 3.214459218110717e-32, "seconds": 13.4}, "D44_11-xx-yy.json": {"samples": 42, "ok": 42, "worst_rel_diff": 1.0784391396335406e-179, "min_f_over_scale": 8.640265901095362e-14, "min_part_over_scale": 1.7600006557258304e-31, "seconds": 13.3}, "M44_11-xx-yy.json": {"samples": 42, "ok": 42, "worst_rel_diff": 1.3013567271555574e-179, "min_f_over_scale": 2.695163215230177e-15, "min_part_over_scale": 9.280289952526016e-32, "seconds": 12.5}, "F34m_11-xx-yy.json": {"samples": 30, "ok": 30, "worst_rel_diff": 8.868505103578614e-179, "min_f_over_scale": 1.8378885573429844e-13, "min_part_over_scale": 4.550248107857357e-31, "seconds": 27.4}, "D34m_11-xx-yy.json": {"samples": 30, "ok": 30, "worst_rel_diff": 7.40749118535999e-179, "min_f_over_scale": 1.1011797429997698e-13, "min_part_over_scale": 4.4648754762685566e-32, "seconds": 28.2}, "M34m_11-xx-yy.json": {"samples": 30, "ok": 30, "worst_rel_diff": 5.61511328568972e-179, "min_f_over_scale": 1.5148964839505965e-13, "min_part_over_scale": 3.11728882103308e-31, "seconds": 28.4}, "F64_11-xx-yy.json": {"samples": 30, "ok": 30, "worst_rel_diff": 2.482744631026462e-178, "min_f_over_scale": 9.98891453603959e-13, "min_part_over_scale": 8.138568981118494e-31, "seconds": 33.0}, "P44.json": {"samples": 42, "ok": 42, "worst_rel_diff": 2.120729481290538e-179, "min_f_over_scale": 1.0, "min_part_over_scale": 9.888465302127017e-123, "seconds": 3.6}, "F24_11-xx-yy.json": {"samples": 42, "ok": 42, "worst_rel_diff": 1.92191109241955e-179, "min_f_over_scale": 3.2556773752926147e-15, "min_part_over_scale": 3.8914094518603873e-90, "seconds": 1.0}, "F42_11-xx-yy.json": {"samples": 42, "ok": 42, "worst_rel_diff": 1.6387455082699612e-179, "min_f_over_scale": 3.792600642986209e-15, "min_part_over_scale": 1.7608201187358291e-90, "seconds": 0.8}}
