F44_gram.json block 0 (P=Q=1, r=23): all 23 leading principal minors > 0 (exact): True; float eigenvalues min 3.148e-03, max 3.258e-01, cond 1.03e+02 (0.1s)
F44_gram.json block 1 (P=Q=1, r=19): all 19 leading principal minors > 0 (exact): True; float eigenvalues min 3.382e-03, max 1.706e-01, cond 5.04e+01 (0.0s)
F44_gram.json block 2 (P=Q=x, r=6): all 6 leading principal minors > 0 (exact): True; float eigenvalues min 3.470e-03, max 1.459e-01, cond 4.20e+01 (0.0s)
F44_gram.json block 3 (P=Q=x, r=6): all 6 leading principal minors > 0 (exact): True; float eigenvalues min 4.958e-03, max 4.625e-01, cond 9.33e+01 (0.0s)
F44_gram.json block 4 (P=Q=y, r=6): all 6 leading principal minors > 0 (exact): True; float eigenvalues min 3.489e-03, max 1.827e-01, cond 5.24e+01 (0.0s)
F44_gram.json block 5 (P=Q=y, r=6): all 6 leading principal minors > 0 (exact): True; float eigenvalues min 5.128e-03, max 6.359e-01, cond 1.24e+02 (0.0s)
D44_11-xx-yy.json block 0 (P=Q=1, r=23): all 23 leading principal minors > 0 (exact): True; float eigenvalues min 7.335e-04, max 1.282e-01, cond 1.75e+02 (0.1s)
D44_11-xx-yy.json block 1 (P=Q=1, r=19): all 19 leading principal minors > 0 (exact): True; float eigenvalues min 7.335e-04, max 3.748e-02, cond 5.11e+01 (0.0s)
D44_11-xx-yy.json block 2 (P=Q=x, r=6): all 6 leading principal minors > 0 (exact): True; float eigenvalues min 7.335e-04, max 9.597e-03, cond 1.31e+01 (0.0s)
D44_11-xx-yy.json block 3 (P=Q=x, r=6): all 6 leading principal minors > 0 (exact): True; float eigenvalues min 7.335e-04, max 2.338e-01, cond 3.19e+02 (0.0s)
D44_11-xx-yy.json block 4 (P=Q=y, r=6): all 6 leading principal minors > 0 (exact): True; float eigenvalues min 7.335e-04, max 1.772e-02, cond 2.42e+01 (0.0s)
D44_11-xx-yy.json block 5 (P=Q=y, r=6): all 6 leading principal minors > 0 (exact): True; float eigenvalues min 7.335e-04, max 9.773e-02, cond 1.33e+02 (0.0s)
M44_11-xx-yy.json block 0 (P=Q=1, r=23): all 23 leading principal minors > 0 (exact): True; float eigenvalues min 1.359e-04, max 1.898e-01, cond 1.40e+03 (0.1s)
M44_11-xx-yy.json block 1 (P=Q=1, r=19): all 19 leading principal minors > 0 (exact): True; float eigenvalues min 1.362e-04, max 1.427e-01, cond 1.05e+03 (0.0s)
M44_11-xx-yy.json block 2 (P=Q=x, r=6): all 6 leading principal minors > 0 (exact): True; float eigenvalues min 1.366e-04, max 1.127e-01, cond 8.25e+02 (0.0s)
M44_11-xx-yy.json block 3 (P=Q=x, r=6): all 6 leading principal minors > 0 (exact): True; float eigenvalues min 1.366e-04, max 2.996e-01, cond 2.19e+03 (0.0s)
M44_11-xx-yy.json block 4 (P=Q=y, r=6): all 6 leading principal minors > 0 (exact): True; float eigenvalues min 1.366e-04, max 2.268e-01, cond 1.66e+03 (0.0s)
M44_11-xx-yy.json block 5 (P=Q=y, r=6): all 6 leading principal minors > 0 (exact): True; float eigenvalues min 1.367e-04, max 4.512e-01, cond 3.30e+03 (0.0s)
F34m_11-xx-yy.json block 0 (P=Q=1, r=44): all 44 leading principal minors > 0 (exact): True; float eigenvalues min 1.496e-03, max 4.691e+00, cond 3.14e+03 (0.7s)
F34m_11-xx-yy.json block 1 (P=Q=1, r=38): all 38 leading principal minors > 0 (exact): True; float eigenvalues min 1.497e-03, max 8.980e-01, cond 6.00e+02 (0.4s)
F34m_11-xx-yy.json block 2 (P=Q=x, r=31): all 31 leading principal minors > 0 (exact): True; float eigenvalues min 1.496e-03, max 4.566e-01, cond 3.05e+02 (0.2s)
F34m_11-xx-yy.json block 3 (P=Q=x, r=27): all 27 leading principal minors > 0 (exact): True; float eigenvalues min 1.498e-03, max 6.509e+00, cond 4.35e+03 (0.1s)
F34m_11-xx-yy.json block 4 (P=Q=y, r=15): all 15 leading principal minors > 0 (exact): True; float eigenvalues min 1.496e-03, max 2.075e-01, cond 1.39e+02 (0.0s)
F34m_11-xx-yy.json block 5 (P=Q=y, r=13): all 13 leading principal minors > 0 (exact): True; float eigenvalues min 1.499e-03, max 6.895e-01, cond 4.60e+02 (0.0s)
D34m_11-xx-yy.json block 0 (P=Q=1, r=44): all 44 leading principal minors > 0 (exact): True; float eigenvalues min 2.351e-04, max 4.955e+00, cond 2.11e+04 (0.7s)
D34m_11-xx-yy.json block 1 (P=Q=1, r=38): all 38 leading principal minors > 0 (exact): True; float eigenvalues min 3.040e-04, max 3.380e+00, cond 1.11e+04 (0.4s)
D34m_11-xx-yy.json block 2 (P=Q=x, r=31): all 31 leading principal minors > 0 (exact): True; float eigenvalues min 2.787e-04, max 3.006e+00, cond 1.08e+04 (0.2s)
D34m_11-xx-yy.json block 3 (P=Q=x, r=27): all 27 leading principal minors > 0 (exact): True; float eigenvalues min 3.482e-04, max 6.530e+00, cond 1.88e+04 (0.1s)
D34m_11-xx-yy.json block 4 (P=Q=y, r=15): all 15 leading principal minors > 0 (exact): True; float eigenvalues min 3.338e-04, max 1.781e-01, cond 5.34e+02 (0.0s)
D34m_11-xx-yy.json block 5 (P=Q=y, r=13): all 13 leading principal minors > 0 (exact): True; float eigenvalues min 1.475e-03, max 1.676e+00, cond 1.14e+03 (0.0s)
M34m_11-xx-yy.json block 0 (P=Q=1, r=44): all 44 leading principal minors > 0 (exact): True; float eigenvalues min 3.706e-04, max 2.312e+00, cond 6.24e+03 (0.7s)
M34m_11-xx-yy.json block 1 (P=Q=1, r=38): all 38 leading principal minors > 0 (exact): True; float eigenvalues min 3.709e-04, max 6.194e-01, cond 1.67e+03 (0.4s)
M34m_11-xx-yy.json block 2 (P=Q=x, r=31): all 31 leading principal minors > 0 (exact): True; float eigenvalues min 3.706e-04, max 9.247e-02, cond 2.49e+02 (0.3s)
M34m_11-xx-yy.json block 3 (P=Q=x, r=27): all 27 leading principal minors > 0 (exact): True; float eigenvalues min 3.717e-04, max 3.166e+00, cond 8.52e+03 (0.2s)
M34m_11-xx-yy.json block 4 (P=Q=y, r=15): all 15 leading principal minors > 0 (exact): True; float eigenvalues min 3.707e-04, max 7.225e-02, cond 1.95e+02 (0.0s)
M34m_11-xx-yy.json block 5 (P=Q=y, r=13): all 13 leading principal minors > 0 (exact): True; float eigenvalues min 3.724e-04, max 3.208e-01, cond 8.61e+02 (0.0s)
F64_11-xx-yy.json block 0 (P=Q=1, r=44): all 44 leading principal minors > 0 (exact): True; float eigenvalues min 9.755e-04, max 9.628e-01, cond 9.87e+02 (5.5s)
F64_11-xx-yy.json block 1 (P=Q=1, r=38): all 38 leading principal minors > 0 (exact): True; float eigenvalues min 9.756e-04, max 1.022e+00, cond 1.05e+03 (3.4s)
F64_11-xx-yy.json block 2 (P=Q=x, r=31): all 31 leading principal minors > 0 (exact): True; float eigenvalues min 9.756e-04, max 1.277e-01, cond 1.31e+02 (1.8s)
F64_11-xx-yy.json block 3 (P=Q=x, r=27): all 27 leading principal minors > 0 (exact): True; float eigenvalues min 9.756e-04, max 1.239e+00, cond 1.27e+03 (1.3s)
F64_11-xx-yy.json block 4 (P=Q=y, r=15): all 15 leading principal minors > 0 (exact): True; float eigenvalues min 9.755e-04, max 9.476e-01, cond 9.71e+02 (0.1s)
F64_11-xx-yy.json block 5 (P=Q=y, r=13): all 13 leading principal minors > 0 (exact): True; float eigenvalues min 9.756e-04, max 1.503e+00, cond 1.54e+03 (0.0s)
ALL GRAM BLOCKS PD BY SYLVESTER (exact): True
