-- lake env lean OQP40/Axioms.lean, after check.sh, 2026-10-08
'OpenQuantumProblem40.refinedBMV' depends on axioms: [propext, Classical.choice, Quot.sound]
'OpenQuantumProblem40.not_refinedBMV' depends on axioms: [propext, Classical.choice, Quot.sound]
'OpenQuantumProblem40.not_upperHalf' depends on axioms: [propext, Classical.choice, Quot.sound]
'OpenQuantumProblem40.chaLee_counterexample' depends on axioms: [propext, Classical.choice, Quot.sound]
'OpenQuantumProblem40.chaLee_perturbed_counterexample' depends on axioms: [propext, Classical.choice, Quot.sound]
'OpenQuantumProblem40.chaLee_trace' depends on axioms: [propext, Classical.choice, Quot.sound]
'OpenQuantumProblem40.chaLee_wordAverage' depends on axioms: [propext, Classical.choice, Quot.sound]
'OpenQuantumProblem40.wordSum_succ_succ' depends on axioms: [propext, Classical.choice, Quot.sound]
'OpenQuantumProblem40.wordAverage_of_commute' depends on axioms: [propext, Classical.choice, Quot.sound]
'OpenQuantumProblem40.wordAverage_one_one' depends on axioms: [propext, Classical.choice, Quot.sound]
'OpenQuantumProblem40.wordAverage_im' depends on axioms: [propext, Classical.choice, Quot.sound]
'OpenQuantumProblem40.trace_pow_mul_pow_im' depends on axioms: [propext, Classical.choice, Quot.sound]
'OpenQuantumProblem40.trace_exp_log_im' depends on axioms: [propext, Classical.choice, Quot.sound]
'OpenQuantumProblem40.chaLeeA_add_posDef' depends on axioms: [propext, Classical.choice, Quot.sound]
'OpenQuantumProblem40.chaLeeB_add_posDef' depends on axioms: [propext, Classical.choice, Quot.sound]
'OpenQuantumProblem40.pinchingInequality' depends on axioms: [propext, Classical.choice, Quot.sound]
'OpenQuantumProblem40.trace_pinching_le_wordAverage' depends on axioms: [propext, Classical.choice, Quot.sound]
'OpenQuantumProblem40.wordAverage_eq_trace_pinching_add' depends on axioms: [propext, Classical.choice, Quot.sound]
'OpenQuantumProblem40.gap_identity' depends on axioms: [propext, Classical.choice, Quot.sound]
'OpenQuantumProblem40.coeff_identity' depends on axioms: [propext, Classical.choice, Quot.sound]
'OpenQuantumProblem40.moment_identity' depends on axioms: [propext, Classical.choice, Quot.sound]
'OpenQuantumProblem40.pinchH_smul' depends on axioms: [propext, Classical.choice, Quot.sound]
'OpenQuantumProblem40.pinching_eq_self_of_commute' depends on axioms: [propext, Classical.choice, Quot.sound]
