'OpenQuantumProblem40.three_mul_trace_mul_cube_le' depends on axioms: [propext, Classical.choice, Quot.sound]
'OpenQuantumProblem40.trace_mul_cube_le_wordAverage' depends on axioms: [propext, Classical.choice, Quot.sound]
'OpenQuantumProblem40.wordAverage_three_three' depends on axioms: [propext, Classical.choice, Quot.sound]
'OpenQuantumProblem40.trace_sq_sq_mul_re' depends on axioms: [propext, Classical.choice, Quot.sound]
'OpenQuantumProblem40.Thm33.core_diag' depends on axioms: [propext, Classical.choice, Quot.sound]
'OpenQuantumProblem40.Thm33.sum_kappa_eq' depends on axioms: [propext, Classical.choice, Quot.sound]
'OpenQuantumProblem40.Thm33.kernel_sum_nonneg' depends on axioms: [propext, Classical.choice, Quot.sound]
'OpenQuantumProblem40.Thm33.kernel_sum_nonneg_of_pos' depends on axioms: [propext, Classical.choice, Quot.sound]
'OpenQuantumProblem40.Thm33.share_add_share_add_share' depends on axioms: [propext, Classical.choice, Quot.sound]
'OpenQuantumProblem40.Thm33.sum_kappa_eq_three_mul_sum_share' depends on axioms: [propext, Classical.choice, Quot.sound]
'OpenQuantumProblem40.Thm33.psdForm_reT' depends on axioms: [propext, Classical.choice, Quot.sound]
'OpenQuantumProblem40.Thm33.sum_mul_share_nonneg' depends on axioms: [propext, Classical.choice, Quot.sound]
'OpenQuantumProblem40.Thm33.above_eq' depends on axioms: [propext, Classical.choice, Quot.sound]
'OpenQuantumProblem40.Thm33.kerE_psd' depends on axioms: [propext, Classical.choice, Quot.sound]
'OpenQuantumProblem40.Thm33.intervalHyp_kerF' depends on axioms: [propext, Classical.choice, Quot.sound]
'OpenQuantumProblem40.Thm33.kerE_nonneg' depends on axioms: [propext, Classical.choice, Quot.sound]
'OpenQuantumProblem40.Thm33.cond1' depends on axioms: [propext, Classical.choice, Quot.sound]
'OpenQuantumProblem40.Thm33.cond2' depends on axioms: [propext, Classical.choice, Quot.sound]
'OpenQuantumProblem40.Thm33.cond3' depends on axioms: [propext, Classical.choice, Quot.sound]
'OpenQuantumProblem40.Thm33.interval_mixture' depends on axioms: [propext, Classical.choice, Quot.sound]
