n=20 qd=2 m=21 nv=825 D=40
   endpoint 0 kernel eigenvalues [-0. -0. -0. -0. -0. -0. -0.  0.  0.] rational kernel basis [['0', '1', '0', '0', '0', '0', '0', '0', '0', '0', '0', '0', '0', '0', '0', '0', '0', '0', '0', '0', '0'], ['-1', '0', '1', '0', '0', '0', '0', '0', '0', '0', '0', '0', '0', '0', '0', '0', '0', '0', '0', '0', '0'], ['0', '0', '0', '1', '0', '0', '0', '0', '0', '0', '0', '0', '0', '0', '0', '0', '0', '0', '0', '0', '0'], ['-1', '0', '0', '0', '1', '0', '0', '0', '0', '0', '0', '0', '0', '0', '0', '0', '0', '0', '0', '0', '0'], ['0', '0', '0', '0', '0', '1', '0', '0', '0', '0', '0', '0', '0', '0', '0', '0', '0', '0', '0', '0', '0'], ['-1', '0', '0', '0', '0', '0', '1', '0', '0', '0', '0', '0', '0', '0', '0', '0', '0', '0', '0', '0', '0'], ['0', '0', '0', '0', '0', '0', '0', '1', '0', '0', '0', '0', '0', '0', '0', '0', '0', '0', '0', '0', '0'], ['-1', '0', '0', '0', '0', '0', '0', '0', '1', '0', '0', '0', '0', '0', '0', '0', '0', '0', '0', '0', '0'], ['0', '0', '0', '0', '0', '0', '0', '0', '0', '1', '0', '0', '0', '0', '0', '0', '0', '0', '0', '0', '0']]
     w^T C_k w for k=0..3: [0.0, 0.0, 0.0, 0.0]
     w^T C_k w for k=0..3: [0.0, 0.0, 0.0, 0.0]
     w^T C_k w for k=0..3: [0.0, 0.0, 0.0, 0.0]
     w^T C_k w for k=0..3: [0.0, 0.0, 0.0, 0.0]
     w^T C_k w for k=0..3: [0.0, 0.0, 0.0, 0.0]
     w^T C_k w for k=0..3: [0.0, 0.0, 0.0, 0.0]
     w^T C_k w for k=0..3: [0.0, 0.0, 0.0, 0.0]
     w^T C_k w for k=0..3: [0.0, 0.0, 0.0, 0.0]
     w^T C_k w for k=0..3: [0.0, 0.0, 0.009538882119479175, 0.004138997245391185]
   endpoint 1 kernel eigenvalues [-0.  0.] rational kernel basis [['1', '0', '1', '0', '1', '0', '1', '0', '1', '0', '1', '0', '1', '0', '1', '0', '1', '0', '1', '0', '1'], ['0', '1', '0', '1', '0', '1', '0', '1', '0', '1', '0', '1', '0', '1', '0', '1', '0', '1', '0', '1', '0']]
     w^T C_k w for k=0..3: [1.0351962342891596e-15, -1.1879386363489175e-14, 61.417939416544165, -726.2904961152288]
     w^T C_k w for k=0..3: [-9.45857975276354e-16, 3.982925100842749e-15, 10.582060583455966, -97.70950388477222]
s=0: kernel dim 9, orders [18, 16, 14, 12, 10, 8, 6, 4, 2, 0, 0, 0, 0, 0, 0, 0, 0, 0, 0, 0, 0], 990 coefficient conditions
s=1: kernel dim 2, orders [2, 2, 0, 0, 0, 0, 0, 0, 0, 0, 0, 0, 0, 0, 0, 0, 0, 0, 0, 0, 0], 42 coefficient conditions
753 nontrivial exact linear constraints
max residual of rounded z in the constraints: 1.75e-14
RREF projection: 500 pivot variables solved exactly; max |change| = 1.26e-14
identically zero rows (exponents []) removed; size 21
C(s) is exactly block diagonal (even/odd exponents): block sizes [11, 10]
minors computed in 39.1 s; degrees [40, 60, 80, 100, 120, 140, 156, 168, 176, 180, 180, 20, 40, 60, 80, 100, 118, 132, 142, 148, 150]
  Delta_1: positive on (0,1): True  {'s_order': 0, 'one_minus_s_order': 0, 'degree': 40, 'intervals': 1}
  Delta_2: positive on (0,1): True  {'s_order': 16, 'one_minus_s_order': 0, 'degree': 44, 'intervals': 1}
  Delta_3: positive on (0,1): True  {'s_order': 28, 'one_minus_s_order': 0, 'degree': 52, 'intervals': 1}
  Delta_4: positive on (0,1): True  {'s_order': 36, 'one_minus_s_order': 0, 'degree': 64, 'intervals': 1}
  Delta_5: positive on (0,1): True  {'s_order': 40, 'one_minus_s_order': 0, 'degree': 80, 'intervals': 1}
  Delta_6: positive on (0,1): True  {'s_order': 40, 'one_minus_s_order': 0, 'degree': 100, 'intervals': 1}
  Delta_7: positive on (0,1): True  {'s_order': 40, 'one_minus_s_order': 0, 'degree': 116, 'intervals': 1}
  Delta_8: positive on (0,1): True  {'s_order': 40, 'one_minus_s_order': 0, 'degree': 128, 'intervals': 1}
  Delta_9: positive on (0,1): True  {'s_order': 40, 'one_minus_s_order': 0, 'degree': 136, 'intervals': 1}
  Delta_10: positive on (0,1): True  {'s_order': 40, 'one_minus_s_order': 0, 'degree': 140, 'intervals': 1}
  Delta_11: positive on (0,1): True  {'s_order': 40, 'one_minus_s_order': 2, 'degree': 138, 'intervals': 1}
  Delta_12: positive on (0,1): True  {'s_order': 18, 'one_minus_s_order': 0, 'degree': 2, 'intervals': 1}
  Delta_13: positive on (0,1): True  {'s_order': 32, 'one_minus_s_order': 0, 'degree': 8, 'intervals': 1}
  Delta_14: positive on (0,1): True  {'s_order': 42, 'one_minus_s_order': 0, 'degree': 18, 'intervals': 1}
  Delta_15: positive on (0,1): True  {'s_order': 48, 'one_minus_s_order': 0, 'degree': 32, 'intervals': 1}
  Delta_16: positive on (0,1): True  {'s_order': 50, 'one_minus_s_order': 0, 'degree': 50, 'intervals': 1}
  Delta_17: positive on (0,1): True  {'s_order': 50, 'one_minus_s_order': 0, 'degree': 68, 'intervals': 1}
  Delta_18: positive on (0,1): True  {'s_order': 50, 'one_minus_s_order': 0, 'degree': 82, 'intervals': 1}
  Delta_19: positive on (0,1): True  {'s_order': 50, 'one_minus_s_order': 0, 'degree': 92, 'intervals': 1}
  Delta_20: positive on (0,1): True  {'s_order': 50, 'one_minus_s_order': 0, 'degree': 98, 'intervals': 1}
  Delta_21: positive on (0,1): True  {'s_order': 50, 'one_minus_s_order': 2, 'degree': 98, 'intervals': 3}
RESULT: C(s) positive definite on (0,1): PROVED
saved rules/n20.json
