n=16 qd=2 m=17 nv=444 D=32
   endpoint 0 kernel eigenvalues [-0. -0. -0. -0.  0.  0.  0.] rational kernel basis [['0', '1', '0', '0', '0', '0', '0', '0', '0', '0', '0', '0', '0', '0', '0', '0', '0'], ['-1', '0', '1', '0', '0', '0', '0', '0', '0', '0', '0', '0', '0', '0', '0', '0', '0'], ['0', '0', '0', '1', '0', '0', '0', '0', '0', '0', '0', '0', '0', '0', '0', '0', '0'], ['-1', '0', '0', '0', '1', '0', '0', '0', '0', '0', '0', '0', '0', '0', '0', '0', '0'], ['0', '0', '0', '0', '0', '1', '0', '0', '0', '0', '0', '0', '0', '0', '0', '0', '0'], ['-1', '0', '0', '0', '0', '0', '1', '0', '0', '0', '0', '0', '0', '0', '0', '0', '0'], ['0', '0', '0', '0', '0', '0', '0', '1', '0', '0', '0', '0', '0', '0', '0', '0', '0']]
     w^T C_k w for k=0..3: [0.0, 0.0, 0.0, 0.0]
     w^T C_k w for k=0..3: [0.0, 0.0, 0.0, 0.0]
     w^T C_k w for k=0..3: [0.0, 0.0, 0.0, 0.0]
     w^T C_k w for k=0..3: [0.0, 0.0, 0.0, 0.0]
     w^T C_k w for k=0..3: [0.0, 0.0, 0.0, 0.0]
     w^T C_k w for k=0..3: [0.0, 0.0, 0.0, 0.0]
     w^T C_k w for k=0..3: [0.0, 0.0, 0.028810219271706967, 0.029905785225079303]
   WARNING endpoint 1: numerical kernel dim 3 != forced 2
   endpoint 1 kernel eigenvalues [-0.0000000e+00  0.0000000e+00  1.3129409e-05] rational kernel basis [['1', '0', '1', '0', '1', '0', '1', '0', '1', '0', '1', '0', '1', '0', '1', '0', '1'], ['0', '1', '0', '1', '0', '1', '0', '1', '0', '1', '0', '1', '0', '1', '0', '1', '0']]
     w^T C_k w for k=0..3: [3.2118210001319536e-13, -6.778102384918938e-12, 39.7816703240179, -387.2957076477091]
     w^T C_k w for k=0..3: [-4.307387779789451e-13, 6.874500968478969e-13, 8.218329676010455, -44.704292352391846]
s=0: kernel dim 7, orders [14, 12, 10, 8, 6, 4, 2, 0, 0, 0, 0, 0, 0, 0, 0, 0, 0], 504 coefficient conditions
s=1: kernel dim 2, orders [2, 2, 0, 0, 0, 0, 0, 0, 0, 0, 0, 0, 0, 0, 0, 0, 0], 34 coefficient conditions
402 nontrivial exact linear constraints
max residual of rounded z in the constraints: 6.58e-12
RREF projection: 270 pivot variables solved exactly; max |change| = 5.07e-12
identically zero rows (exponents []) removed; size 17
C(s) is exactly block diagonal (even/odd exponents): block sizes [9, 8]
minors computed in 4.1 s; degrees [32, 48, 64, 80, 96, 108, 116, 120, 120, 16, 32, 48, 64, 78, 88, 94, 96]
  Delta_1: positive on (0,1): True  {'s_order': 0, 'one_minus_s_order': 0, 'degree': 32, 'intervals': 1}
  Delta_2: positive on (0,1): True  {'s_order': 12, 'one_minus_s_order': 0, 'degree': 36, 'intervals': 1}
  Delta_3: positive on (0,1): True  {'s_order': 20, 'one_minus_s_order': 0, 'degree': 44, 'intervals': 3}
  Delta_4: positive on (0,1): True  {'s_order': 24, 'one_minus_s_order': 0, 'degree': 56, 'intervals': 3}
  Delta_5: positive on (0,1): True  {'s_order': 24, 'one_minus_s_order': 0, 'degree': 72, 'intervals': 5}
  Delta_6: positive on (0,1): True  {'s_order': 24, 'one_minus_s_order': 0, 'degree': 84, 'intervals': 5}
  Delta_7: positive on (0,1): True  {'s_order': 24, 'one_minus_s_order': 0, 'degree': 92, 'intervals': 5}
  Delta_8: positive on (0,1): True  {'s_order': 24, 'one_minus_s_order': 0, 'degree': 96, 'intervals': 5}
  Delta_9: positive on (0,1): True  {'s_order': 24, 'one_minus_s_order': 2, 'degree': 94, 'intervals': 7}
  Delta_10: positive on (0,1): True  {'s_order': 14, 'one_minus_s_order': 0, 'degree': 2, 'intervals': 1}
  Delta_11: positive on (0,1): True  {'s_order': 24, 'one_minus_s_order': 0, 'degree': 8, 'intervals': 1}
  Delta_12: positive on (0,1): True  {'s_order': 30, 'one_minus_s_order': 0, 'degree': 18, 'intervals': 1}
  Delta_13: positive on (0,1): True  {'s_order': 32, 'one_minus_s_order': 0, 'degree': 32, 'intervals': 5}
  Delta_14: positive on (0,1): True  {'s_order': 32, 'one_minus_s_order': 0, 'degree': 46, 'intervals': 5}
  Delta_15: positive on (0,1): True  {'s_order': 32, 'one_minus_s_order': 0, 'degree': 56, 'intervals': 7}
  Delta_16: positive on (0,1): True  {'s_order': 32, 'one_minus_s_order': 0, 'degree': 62, 'intervals': 11}
  Delta_17: positive on (0,1): True  {'s_order': 32, 'one_minus_s_order': 2, 'degree': 62, 'intervals': 17}
RESULT: C(s) positive definite on (0,1): PROVED
saved rules/n16.json
