n=13 qd=4 m=27 nv=1729 D=52
   endpoint 0 kernel eigenvalues [-0. -0. -0. -0.  0.  0.  0.  0.  0.  0.  0.  0.] rational kernel basis [['0', '1', '0', '0', '0', '0', '0', '0', '0', '0', '0', '0', '0', '0', '0', '0', '0', '0', '0', '0', '0', '0', '0', '0', '0', '0', '0'], ['0', '0', '1', '0', '0', '0', '0', '0', '0', '0', '0', '0', '0', '0', '0', '0', '0', '0', '0', '0', '0', '0', '0', '0', '0', '0', '0'], ['0', '0', '0', '1', '0', '0', '0', '0', '0', '0', '0', '0', '0', '0', '0', '0', '0', '0', '0', '0', '0', '0', '0', '0', '0', '0', '0'], ['-1', '0', '0', '0', '1', '0', '0', '0', '0', '0', '0', '0', '0', '0', '0', '0', '0', '0', '0', '0', '0', '0', '0', '0', '0', '0', '0'], ['0', '0', '0', '0', '0', '1', '0', '0', '0', '0', '0', '0', '0', '0', '0', '0', '0', '0', '0', '0', '0', '0', '0', '0', '0', '0', '0'], ['0', '0', '0', '0', '0', '0', '1', '0', '0', '0', '0', '0', '0', '0', '0', '0', '0', '0', '0', '0', '0', '0', '0', '0', '0', '0', '0'], ['0', '0', '0', '0', '0', '0', '0', '1', '0', '0', '0', '0', '0', '0', '0', '0', '0', '0', '0', '0', '0', '0', '0', '0', '0', '0', '0'], ['-1', '0', '0', '0', '0', '0', '0', '0', '1', '0', '0', '0', '0', '0', '0', '0', '0', '0', '0', '0', '0', '0', '0', '0', '0', '0', '0'], ['0', '0', '0', '0', '0', '0', '0', '0', '0', '1', '0', '0', '0', '0', '0', '0', '0', '0', '0', '0', '0', '0', '0', '0', '0', '0', '0'], ['0', '0', '0', '0', '0', '0', '0', '0', '0', '0', '1', '0', '0', '0', '0', '0', '0', '0', '0', '0', '0', '0', '0', '0', '0', '0', '0'], ['0', '0', '0', '0', '0', '0', '0', '0', '0', '0', '0', '1', '0', '0', '0', '0', '0', '0', '0', '0', '0', '0', '0', '0', '0', '0', '0'], ['-1', '0', '0', '0', '0', '0', '0', '0', '0', '0', '0', '0', '1', '0', '0', '0', '0', '0', '0', '0', '0', '0', '0', '0', '0', '0', '0']]
     w^T C_k w for k=0..3: [0.0, 0.0, 0.0, 0.0]
     w^T C_k w for k=0..3: [0.0, 0.0, 0.0, 0.0]
     w^T C_k w for k=0..3: [0.0, 0.0, 0.0, 0.0]
     w^T C_k w for k=0..3: [0.0, 0.0, 0.0, 0.0]
     w^T C_k w for k=0..3: [0.0, 0.0, 0.0, 0.0]
     w^T C_k w for k=0..3: [0.0, 0.0, 0.0, 0.0]
     w^T C_k w for k=0..3: [0.0, 0.0, 0.0, 0.0]
     w^T C_k w for k=0..3: [0.0, 0.0, 0.0, 0.0]
     w^T C_k w for k=0..3: [0.0, 0.0, 0.0, 0.0]
     w^T C_k w for k=0..3: [0.0, 0.0, 0.0, 0.0]
     w^T C_k w for k=0..3: [0.0, 0.0, 0.0, 0.0]
     w^T C_k w for k=0..3: [0.0, 0.0, 0.006842891013527501, 0.004882805198683722]
   endpoint 1 kernel eigenvalues [-0.  0.] rational kernel basis [['1', '0', '1', '0', '1', '0', '1', '0', '1', '0', '1', '0', '1', '0', '1', '0', '1', '0', '1', '0', '1', '0', '1', '0', '1', '0', '1'], ['0', '1', '0', '1', '0', '1', '0', '1', '0', '1', '0', '1', '0', '1', '0', '1', '0', '1', '0', '1', '0', '1', '0', '1', '0', '1', '0']]
     w^T C_k w for k=0..3: [-4.025642666438678e-16, 1.5182299861749016e-14, 92.71302327842207, -1555.6055075648117]
     w^T C_k w for k=0..3: [3.26182223592264e-16, -8.722189637211386e-15, 39.88697672157785, -477.59449243518833]
s=0: kernel dim 12, orders [24, 22, 20, 18, 16, 14, 12, 10, 8, 6, 4, 2, 0, 0, 0, 0, 0, 0, 0, 0, 0, 0, 0, 0, 0, 0, 0], 2184 coefficient conditions
s=1: kernel dim 2, orders [2, 2, 0, 0, 0, 0, 0, 0, 0, 0, 0, 0, 0, 0, 0, 0, 0, 0, 0, 0, 0, 0, 0, 0, 0, 0, 0], 54 coefficient conditions
1594 nontrivial exact linear constraints
max residual of rounded z in the constraints: 2.84e-15
RREF projection: 1048 pivot variables solved exactly; max |change| = 9.83e-15
identically zero rows (exponents []) removed; size 27
C(s) is exactly block diagonal (even/odd exponents): block sizes [14, 13]
minors computed in 274.8 s; degrees [52, 78, 104, 130, 156, 182, 208, 232, 252, 268, 280, 288, 292, 292, 26, 52, 78, 104, 130, 156, 182, 204, 222, 236, 246, 252, 254]
  Delta_1: positive on (0,1): True  {'s_order': 0, 'one_minus_s_order': 0, 'degree': 52, 'intervals': 1}
  Delta_2: positive on (0,1): True  {'s_order': 22, 'one_minus_s_order': 0, 'degree': 56, 'intervals': 1}
  Delta_3: positive on (0,1): True  {'s_order': 40, 'one_minus_s_order': 0, 'degree': 64, 'intervals': 1}
  Delta_4: positive on (0,1): True  {'s_order': 54, 'one_minus_s_order': 0, 'degree': 76, 'intervals': 1}
  Delta_5: positive on (0,1): True  {'s_order': 64, 'one_minus_s_order': 0, 'degree': 92, 'intervals': 1}
  Delta_6: positive on (0,1): True  {'s_order': 70, 'one_minus_s_order': 0, 'degree': 112, 'intervals': 1}
  Delta_7: positive on (0,1): True  {'s_order': 72, 'one_minus_s_order': 0, 'degree': 136, 'intervals': 1}
  Delta_8: positive on (0,1): True  {'s_order': 72, 'one_minus_s_order': 0, 'degree': 160, 'intervals': 1}
  Delta_9: positive on (0,1): True  {'s_order': 72, 'one_minus_s_order': 0, 'degree': 180, 'intervals': 1}
  Delta_10: positive on (0,1): True  {'s_order': 72, 'one_minus_s_order': 0, 'degree': 196, 'intervals': 1}
  Delta_11: positive on (0,1): True  {'s_order': 72, 'one_minus_s_order': 0, 'degree': 208, 'intervals': 1}
  Delta_12: positive on (0,1): True  {'s_order': 72, 'one_minus_s_order': 0, 'degree': 216, 'intervals': 1}
  Delta_13: positive on (0,1): True  {'s_order': 72, 'one_minus_s_order': 0, 'degree': 220, 'intervals': 3}
  Delta_14: positive on (0,1): True  {'s_order': 72, 'one_minus_s_order': 2, 'degree': 218, 'intervals': 7}
  Delta_15: positive on (0,1): True  {'s_order': 24, 'one_minus_s_order': 0, 'degree': 2, 'intervals': 1}
  Delta_16: positive on (0,1): True  {'s_order': 44, 'one_minus_s_order': 0, 'degree': 8, 'intervals': 1}
  Delta_17: positive on (0,1): True  {'s_order': 60, 'one_minus_s_order': 0, 'degree': 18, 'intervals': 1}
  Delta_18: positive on (0,1): True  {'s_order': 72, 'one_minus_s_order': 0, 'degree': 32, 'intervals': 1}
  Delta_19: positive on (0,1): True  {'s_order': 80, 'one_minus_s_order': 0, 'degree': 50, 'intervals': 1}
  Delta_20: positive on (0,1): True  {'s_order': 84, 'one_minus_s_order': 0, 'degree': 72, 'intervals': 1}
  Delta_21: positive on (0,1): True  {'s_order': 84, 'one_minus_s_order': 0, 'degree': 98, 'intervals': 1}
  Delta_22: positive on (0,1): True  {'s_order': 84, 'one_minus_s_order': 0, 'degree': 120, 'intervals': 1}
  Delta_23: positive on (0,1): True  {'s_order': 84, 'one_minus_s_order': 0, 'degree': 138, 'intervals': 1}
  Delta_24: positive on (0,1): True  {'s_order': 84, 'one_minus_s_order': 0, 'degree': 152, 'intervals': 1}
  Delta_25: positive on (0,1): True  {'s_order': 84, 'one_minus_s_order': 0, 'degree': 162, 'intervals': 1}
  Delta_26: positive on (0,1): True  {'s_order': 84, 'one_minus_s_order': 0, 'degree': 168, 'intervals': 1}
  Delta_27: positive on (0,1): True  {'s_order': 84, 'one_minus_s_order': 2, 'degree': 168, 'intervals': 1}
RESULT: C(s) positive definite on (0,1): PROVED
saved rules/n13.json
EXIT 0
