n=5 qd=4 m=11 nv=125 D=20
   endpoint 0 kernel eigenvalues [-0. -0. -0.  0.] rational kernel basis [['0', '1', '0', '0', '0', '0', '0', '0', '0', '0', '0'], ['0', '0', '1', '0', '0', '0', '0', '0', '0', '0', '0'], ['0', '0', '0', '1', '0', '0', '0', '0', '0', '0', '0'], ['-1', '0', '0', '0', '1', '0', '0', '0', '0', '0', '0']]
     w^T C_k w for k=0..3: [0.0, 0.0, 0.0, 0.0]
     w^T C_k w for k=0..3: [0.0, 0.0, 0.0, 0.0]
     w^T C_k w for k=0..3: [0.0, 0.0, 0.0, 0.0]
     w^T C_k w for k=0..3: [0.0, 0.0, 0.023142971644615012, 0.04322902012398773]
   endpoint 1 kernel eigenvalues [-0.  0.] rational kernel basis [['1', '0', '1', '0', '1', '0', '1', '0', '1', '0', '1'], ['0', '1', '0', '1', '0', '1', '0', '1', '0', '1', '0']]
     w^T C_k w for k=0..3: [7.209077085290616e-15, 2.1094237467877974e-14, 23.053846922661233, -118.80404587223184]
     w^T C_k w for k=0..3: [-1.2198575483068907e-14, -3.5083047578154947e-14, 3.946153077338825, -31.19595412776769]
s=0: kernel dim 4, orders [8, 6, 4, 2, 0, 0, 0, 0, 0, 0, 0], 120 coefficient conditions
s=1: kernel dim 2, orders [2, 2, 0, 0, 0, 0, 0, 0, 0, 0, 0], 22 coefficient conditions
113 nontrivial exact linear constraints
max residual of rounded z in the constraints: 2.76e-14
RREF projection: 78 pivot variables solved exactly; max |change| = 2.38e-14
identically zero rows (exponents []) removed; size 11
C(s) is exactly block diagonal (even/odd exponents): block sizes [6, 5]
minors computed in 0.1 s; degrees [20, 30, 40, 48, 52, 52, 10, 20, 30, 36, 38]
  Delta_1: positive on (0,1): True  {'s_order': 0, 'one_minus_s_order': 0, 'degree': 20, 'intervals': 1}
  Delta_2: positive on (0,1): True  {'s_order': 6, 'one_minus_s_order': 0, 'degree': 24, 'intervals': 1}
  Delta_3: positive on (0,1): True  {'s_order': 8, 'one_minus_s_order': 0, 'degree': 32, 'intervals': 3}
  Delta_4: positive on (0,1): True  {'s_order': 8, 'one_minus_s_order': 0, 'degree': 40, 'intervals': 3}
  Delta_5: positive on (0,1): True  {'s_order': 8, 'one_minus_s_order': 0, 'degree': 44, 'intervals': 3}
  Delta_6: positive on (0,1): True  {'s_order': 8, 'one_minus_s_order': 2, 'degree': 42, 'intervals': 5}
  Delta_7: positive on (0,1): True  {'s_order': 8, 'one_minus_s_order': 0, 'degree': 2, 'intervals': 1}
  Delta_8: positive on (0,1): True  {'s_order': 12, 'one_minus_s_order': 0, 'degree': 8, 'intervals': 5}
  Delta_9: positive on (0,1): True  {'s_order': 12, 'one_minus_s_order': 0, 'degree': 18, 'intervals': 3}
  Delta_10: positive on (0,1): True  {'s_order': 12, 'one_minus_s_order': 0, 'degree': 24, 'intervals': 3}
  Delta_11: positive on (0,1): True  {'s_order': 12, 'one_minus_s_order': 2, 'degree': 24, 'intervals': 5}
RESULT: C(s) positive definite on (0,1): PROVED
saved rules/n5.json
