n=4 qd=2 m=5 nv=13 D=8
   endpoint 0 kernel eigenvalues [0.] rational kernel basis [['0', '1', '0', '0', '0']]
     w^T C_k w for k=0..3: [0.0, 0.0, 0.1903579838183449, -0.06930301934083614]
   endpoint 1 kernel eigenvalues [-0.  0.] rational kernel basis [['1', '0', '1', '0', '1'], ['0', '1', '0', '1', '0']]
     w^T C_k w for k=0..3: [6.467049118441537e-15, -1.5265566588595902e-14, 4.177174103408304, -7.307871084067461]
     w^T C_k w for k=0..3: [-6.5503158452884236e-15, 1.3378187446733136e-14, 0.6228258965916916, -0.6921289159325343]
s=0: kernel dim 1, orders [2, 0, 0, 0, 0], 6 coefficient conditions
s=1: kernel dim 2, orders [2, 2, 0, 0, 0], 10 coefficient conditions
15 nontrivial exact linear constraints
max residual of rounded z in the constraints: 2.05e-15
RREF projection: 10 pivot variables solved exactly; max |change| = 5.69e-16
identically zero rows (exponents []) removed; size 5
C(s) is exactly block diagonal (even/odd exponents): block sizes [3, 2]
minors computed in 0.0 s; degrees [8, 12, 12, 4, 6]
  Delta_1: positive on (0,1): True  {'s_order': 0, 'one_minus_s_order': 0, 'degree': 8, 'intervals': 1}
  Delta_2: positive on (0,1): True  {'s_order': 0, 'one_minus_s_order': 0, 'degree': 12, 'intervals': 1}
  Delta_3: positive on (0,1): True  {'s_order': 0, 'one_minus_s_order': 2, 'degree': 10, 'intervals': 1}
  Delta_4: positive on (0,1): True  {'s_order': 2, 'one_minus_s_order': 0, 'degree': 2, 'intervals': 1}
  Delta_5: positive on (0,1): True  {'s_order': 2, 'one_minus_s_order': 2, 'degree': 2, 'intervals': 1}
RESULT: C(s) positive definite on (0,1): PROVED
saved rules/n4.json
