n=10 qd=2 m=11 nv=125 D=20
   endpoint 0 kernel eigenvalues [-0. -0. -0.  0.] rational kernel basis [['0', '1', '0', '0', '0', '0', '0', '0', '0', '0', '0'], ['-1', '0', '1', '0', '0', '0', '0', '0', '0', '0', '0'], ['0', '0', '0', '1', '0', '0', '0', '0', '0', '0', '0'], ['-1', '0', '0', '0', '1', '0', '0', '0', '0', '0', '0']]
     w^T C_k w for k=0..3: [0.0, 0.0, 0.0, 0.0]
     w^T C_k w for k=0..3: [0.0, 0.0, 0.0, 0.0]
     w^T C_k w for k=0..3: [0.0, 0.0, 0.0, 0.0]
     w^T C_k w for k=0..3: [0.0, 0.0, 0.023984488146318393, -0.3350425491244531]
   endpoint 1 kernel eigenvalues [-0.  0.] rational kernel basis [['1', '0', '1', '0', '1', '0', '1', '0', '1', '0', '1'], ['0', '1', '0', '1', '0', '1', '0', '1', '0', '1', '0']]
     w^T C_k w for k=0..3: [-2.2089535062219667e-14, -2.0469737016526324e-15, 17.884408583293446, -93.86321628882106]
     w^T C_k w for k=0..3: [1.627170620466245e-14, -6.572520305780927e-14, 3.115591416706631, -18.136783711179227]
s=0: kernel dim 4, orders [8, 6, 4, 2, 0, 0, 0, 0, 0, 0, 0], 120 coefficient conditions
s=1: kernel dim 2, orders [2, 2, 0, 0, 0, 0, 0, 0, 0, 0, 0], 22 coefficient conditions
114 nontrivial exact linear constraints
max residual of rounded z in the constraints: 2.28e-14
RREF projection: 78 pivot variables solved exactly; max |change| = 1.87e-14
identically zero rows (exponents []) removed; size 11
C(s) is exactly block diagonal (even/odd exponents): block sizes [6, 5]
minors computed in 0.1 s; degrees [20, 30, 40, 48, 52, 52, 10, 20, 30, 36, 38]
  Delta_1: positive on (0,1): True  {'s_order': 0, 'one_minus_s_order': 0, 'degree': 20, 'intervals': 1}
  Delta_2: positive on (0,1): True  {'s_order': 6, 'one_minus_s_order': 0, 'degree': 24, 'intervals': 5}
  Delta_3: positive on (0,1): True  {'s_order': 8, 'one_minus_s_order': 0, 'degree': 32, 'intervals': 3}
  Delta_4: positive on (0,1): True  {'s_order': 8, 'one_minus_s_order': 0, 'degree': 40, 'intervals': 3}
  Delta_5: positive on (0,1): True  {'s_order': 8, 'one_minus_s_order': 0, 'degree': 44, 'intervals': 5}
  Delta_6: positive on (0,1): True  {'s_order': 8, 'one_minus_s_order': 2, 'degree': 42, 'intervals': 5}
  Delta_7: positive on (0,1): True  {'s_order': 8, 'one_minus_s_order': 0, 'degree': 2, 'intervals': 1}
  Delta_8: positive on (0,1): True  {'s_order': 12, 'one_minus_s_order': 0, 'degree': 8, 'intervals': 7}
  Delta_9: positive on (0,1): True  {'s_order': 12, 'one_minus_s_order': 0, 'degree': 18, 'intervals': 5}
  Delta_10: positive on (0,1): True  {'s_order': 12, 'one_minus_s_order': 0, 'degree': 24, 'intervals': 5}
  Delta_11: positive on (0,1): True  {'s_order': 12, 'one_minus_s_order': 2, 'degree': 24, 'intervals': 5}
RESULT: C(s) positive definite on (0,1): PROVED
saved rules/n10.json
