n=7 qd=4 m=15 nv=308 D=28
   endpoint 0 kernel eigenvalues [-0. -0. -0. -0.  0.  0.] rational kernel basis [['0', '1', '0', '0', '0', '0', '0', '0', '0', '0', '0', '0', '0', '0', '0'], ['0', '0', '1', '0', '0', '0', '0', '0', '0', '0', '0', '0', '0', '0', '0'], ['0', '0', '0', '1', '0', '0', '0', '0', '0', '0', '0', '0', '0', '0', '0'], ['-1', '0', '0', '0', '1', '0', '0', '0', '0', '0', '0', '0', '0', '0', '0'], ['0', '0', '0', '0', '0', '1', '0', '0', '0', '0', '0', '0', '0', '0', '0'], ['0', '0', '0', '0', '0', '0', '1', '0', '0', '0', '0', '0', '0', '0', '0']]
     w^T C_k w for k=0..3: [0.0, 0.0, 0.0, 0.0]
     w^T C_k w for k=0..3: [0.0, 0.0, 0.0, 0.0]
     w^T C_k w for k=0..3: [0.0, 0.0, 0.0, 0.0]
     w^T C_k w for k=0..3: [0.0, 0.0, 0.0, 0.0]
     w^T C_k w for k=0..3: [0.0, 0.0, 0.0, 0.0]
     w^T C_k w for k=0..3: [0.0, 0.0, 0.004901241968962253, 2.927887183839111]
   endpoint 1 kernel eigenvalues [-0.  0.] rational kernel basis [['1', '0', '1', '0', '1', '0', '1', '0', '1', '0', '1', '0', '1', '0', '1'], ['0', '1', '0', '1', '0', '1', '0', '1', '0', '1', '0', '1', '0', '1', '0']]
     w^T C_k w for k=0..3: [-1.0896036677088272e-13, -2.0284052215657766e-12, 32.598117697004476, -292.4733783522134]
     w^T C_k w for k=0..3: [1.2045919817182948e-14, -2.531308496145357e-13, 13.601882303020474, -77.1266216478913]
s=0: kernel dim 6, orders [12, 10, 8, 6, 4, 2, 0, 0, 0, 0, 0, 0, 0, 0, 0], 336 coefficient conditions
s=1: kernel dim 2, orders [2, 2, 0, 0, 0, 0, 0, 0, 0, 0, 0, 0, 0, 0, 0], 30 coefficient conditions
277 nontrivial exact linear constraints
max residual of rounded z in the constraints: 6.60e-13
RREF projection: 188 pivot variables solved exactly; max |change| = 1.02e-12
identically zero rows (exponents []) removed; size 15
C(s) is exactly block diagonal (even/odd exponents): block sizes [8, 7]
minors computed in 1.4 s; degrees [28, 42, 56, 70, 82, 90, 94, 94, 14, 28, 42, 56, 66, 72, 74]
  Delta_1: positive on (0,1): True  {'s_order': 0, 'one_minus_s_order': 0, 'degree': 28, 'intervals': 1}
  Delta_2: positive on (0,1): True  {'s_order': 10, 'one_minus_s_order': 0, 'degree': 32, 'intervals': 1}
  Delta_3: positive on (0,1): True  {'s_order': 16, 'one_minus_s_order': 0, 'degree': 40, 'intervals': 1}
  Delta_4: positive on (0,1): True  {'s_order': 18, 'one_minus_s_order': 0, 'degree': 52, 'intervals': 3}
  Delta_5: positive on (0,1): True  {'s_order': 18, 'one_minus_s_order': 0, 'degree': 64, 'intervals': 3}
  Delta_6: positive on (0,1): True  {'s_order': 18, 'one_minus_s_order': 0, 'degree': 72, 'intervals': 5}
  Delta_7: positive on (0,1): True  {'s_order': 18, 'one_minus_s_order': 0, 'degree': 76, 'intervals': 9}
  Delta_8: positive on (0,1): True  {'s_order': 18, 'one_minus_s_order': 2, 'degree': 74, 'intervals': 11}
  Delta_9: positive on (0,1): True  {'s_order': 12, 'one_minus_s_order': 0, 'degree': 2, 'intervals': 1}
  Delta_10: positive on (0,1): True  {'s_order': 20, 'one_minus_s_order': 0, 'degree': 8, 'intervals': 1}
  Delta_11: positive on (0,1): True  {'s_order': 24, 'one_minus_s_order': 0, 'degree': 18, 'intervals': 9}
  Delta_12: positive on (0,1): True  {'s_order': 24, 'one_minus_s_order': 0, 'degree': 32, 'intervals': 9}
  Delta_13: positive on (0,1): True  {'s_order': 24, 'one_minus_s_order': 0, 'degree': 42, 'intervals': 9}
  Delta_14: positive on (0,1): True  {'s_order': 24, 'one_minus_s_order': 0, 'degree': 48, 'intervals': 9}
  Delta_15: positive on (0,1): True  {'s_order': 24, 'one_minus_s_order': 2, 'degree': 48, 'intervals': 13}
RESULT: C(s) positive definite on (0,1): PROVED
saved rules/n7.json
