n=20 qd=2: share identity holds exactly: True
nonzero rows (exponents in units 1/2): [0, 1, 2, 3, 4, 5, 6, 7, 8, 9, 10, 11, 12, 13, 14, 15, 16, 17, 18, 19, 20]
parity block structure: True; blocks [11, 10]
  minor 1: degree 40 = (scaled) s^0 (1-s)^0 Q, real roots of Q in [0,1]: 0, Q(1/2) > 0: True -> OK
  minor 2: degree 60 = (scaled) s^16 (1-s)^0 Q, real roots of Q in [0,1]: 0, Q(1/2) > 0: True -> OK
  minor 3: degree 80 = (scaled) s^28 (1-s)^0 Q, real roots of Q in [0,1]: 0, Q(1/2) > 0: True -> OK
  minor 4: degree 100 = (scaled) s^36 (1-s)^0 Q, real roots of Q in [0,1]: 0, Q(1/2) > 0: True -> OK
  minor 5: degree 120 = (scaled) s^40 (1-s)^0 Q, real roots of Q in [0,1]: 0, Q(1/2) > 0: True -> OK
  minor 6: degree 140 = (scaled) s^40 (1-s)^0 Q, real roots of Q in [0,1]: 0, Q(1/2) > 0: True -> OK
  minor 7: degree 156 = (scaled) s^40 (1-s)^0 Q, real roots of Q in [0,1]: 0, Q(1/2) > 0: True -> OK
  minor 8: degree 168 = (scaled) s^40 (1-s)^0 Q, real roots of Q in [0,1]: 0, Q(1/2) > 0: True -> OK
  minor 9: degree 176 = (scaled) s^40 (1-s)^0 Q, real roots of Q in [0,1]: 0, Q(1/2) > 0: True -> OK
  minor 10: degree 180 = (scaled) s^40 (1-s)^0 Q, real roots of Q in [0,1]: 0, Q(1/2) > 0: True -> OK
  minor 11: degree 180 = (scaled) s^40 (1-s)^2 Q, real roots of Q in [0,1]: 0, Q(1/2) > 0: True -> OK
  minor 12: degree 20 = (scaled) s^18 (1-s)^0 Q, real roots of Q in [0,1]: 0, Q(1/2) > 0: True -> OK
  minor 13: degree 40 = (scaled) s^32 (1-s)^0 Q, real roots of Q in [0,1]: 0, Q(1/2) > 0: True -> OK
  minor 14: degree 60 = (scaled) s^42 (1-s)^0 Q, real roots of Q in [0,1]: 0, Q(1/2) > 0: True -> OK
  minor 15: degree 80 = (scaled) s^48 (1-s)^0 Q, real roots of Q in [0,1]: 0, Q(1/2) > 0: True -> OK
  minor 16: degree 100 = (scaled) s^50 (1-s)^0 Q, real roots of Q in [0,1]: 0, Q(1/2) > 0: True -> OK
  minor 17: degree 118 = (scaled) s^50 (1-s)^0 Q, real roots of Q in [0,1]: 0, Q(1/2) > 0: True -> OK
  minor 18: degree 132 = (scaled) s^50 (1-s)^0 Q, real roots of Q in [0,1]: 0, Q(1/2) > 0: True -> OK
  minor 19: degree 142 = (scaled) s^50 (1-s)^0 Q, real roots of Q in [0,1]: 0, Q(1/2) > 0: True -> OK
  minor 20: degree 148 = (scaled) s^50 (1-s)^0 Q, real roots of Q in [0,1]: 0, Q(1/2) > 0: True -> OK
  minor 21: degree 150 = (scaled) s^50 (1-s)^2 Q, real roots of Q in [0,1]: 0, Q(1/2) > 0: True -> OK
INDEPENDENT VERIFICATION (fast variant): PASSED
