n=8 qd=2 m=9 nv=70 D=16
   endpoint 0 kernel eigenvalues [-0.  0.  0.] rational kernel basis [['0', '1', '0', '0', '0', '0', '0', '0', '0'], ['-1', '0', '1', '0', '0', '0', '0', '0', '0'], ['0', '0', '0', '1', '0', '0', '0', '0', '0']]
     w^T C_k w for k=0..3: [0.0, 0.0, 0.0, 0.0]
     w^T C_k w for k=0..3: [0.0, 0.0, 0.0, 0.0]
     w^T C_k w for k=0..3: [0.0, 0.0, 0.014962958628710448, 0.5359493936995494]
   endpoint 1 kernel eigenvalues [-0.  0.] rational kernel basis [['1', '0', '1', '0', '1', '0', '1', '0', '1'], ['0', '1', '0', '1', '0', '1', '0', '1', '0']]
     w^T C_k w for k=0..3: [-4.717580492918927e-15, 2.924743780496897e-14, 11.48575138517271, -47.406361774217345]
     w^T C_k w for k=0..3: [5.88418203051333e-15, -1.3988810110276972e-14, 2.914248614827275, -11.793638225782667]
s=0: kernel dim 3, orders [6, 4, 2, 0, 0, 0, 0, 0, 0], 60 coefficient conditions
s=1: kernel dim 2, orders [2, 2, 0, 0, 0, 0, 0, 0, 0], 18 coefficient conditions
65 nontrivial exact linear constraints
max residual of rounded z in the constraints: 4.03e-15
RREF projection: 45 pivot variables solved exactly; max |change| = 5.65e-15
identically zero rows (exponents []) removed; size 9
C(s) is exactly block diagonal (even/odd exponents): block sizes [5, 4]
minors computed in 0.0 s; degrees [16, 24, 32, 36, 36, 8, 16, 22, 24]
  Delta_1: positive on (0,1): True  {'s_order': 0, 'one_minus_s_order': 0, 'degree': 16, 'intervals': 1}
  Delta_2: positive on (0,1): True  {'s_order': 4, 'one_minus_s_order': 0, 'degree': 20, 'intervals': 1}
  Delta_3: positive on (0,1): True  {'s_order': 4, 'one_minus_s_order': 0, 'degree': 28, 'intervals': 1}
  Delta_4: positive on (0,1): True  {'s_order': 4, 'one_minus_s_order': 0, 'degree': 32, 'intervals': 1}
  Delta_5: positive on (0,1): True  {'s_order': 4, 'one_minus_s_order': 2, 'degree': 30, 'intervals': 1}
  Delta_6: positive on (0,1): True  {'s_order': 6, 'one_minus_s_order': 0, 'degree': 2, 'intervals': 1}
  Delta_7: positive on (0,1): True  {'s_order': 8, 'one_minus_s_order': 0, 'degree': 8, 'intervals': 1}
  Delta_8: positive on (0,1): True  {'s_order': 8, 'one_minus_s_order': 0, 'degree': 14, 'intervals': 1}
  Delta_9: positive on (0,1): True  {'s_order': 8, 'one_minus_s_order': 2, 'degree': 14, 'intervals': 1}
RESULT: C(s) positive definite on (0,1): PROVED
saved rules/n8.json
