n=6 qd=2 m=7 nv=34 D=12
   endpoint 0 kernel eigenvalues [-0.  0.] rational kernel basis [['0', '1', '0', '0', '0', '0', '0'], ['-1', '0', '1', '0', '0', '0', '0']]
     w^T C_k w for k=0..3: [0.0, 0.0, 0.0, 0.0]
     w^T C_k w for k=0..3: [0.0, 0.0, 0.059205864388212404, -0.40877926179623497]
   endpoint 1 kernel eigenvalues [-0.  0.] rational kernel basis [['1', '0', '1', '0', '1', '0', '1'], ['0', '1', '0', '1', '0', '1', '0']]
     w^T C_k w for k=0..3: [8.760353553682876e-16, 2.0539125955565396e-15, 7.475480524260104, -21.397732797539632]
     w^T C_k w for k=0..3: [-6.7914424084492e-16, 7.382983113757291e-15, 1.524519475739878, -4.602267202460352]
s=0: kernel dim 2, orders [4, 2, 0, 0, 0, 0, 0], 24 coefficient conditions
s=1: kernel dim 2, orders [2, 2, 0, 0, 0, 0, 0], 14 coefficient conditions
33 nontrivial exact linear constraints
max residual of rounded z in the constraints: 3.57e-15
RREF projection: 23 pivot variables solved exactly; max |change| = 1.87e-15
identically zero rows (exponents []) removed; size 7
C(s) is exactly block diagonal (even/odd exponents): block sizes [4, 3]
minors computed in 0.0 s; degrees [12, 18, 22, 22, 6, 12, 14]
  Delta_1: positive on (0,1): True  {'s_order': 0, 'one_minus_s_order': 0, 'degree': 12, 'intervals': 1}
  Delta_2: positive on (0,1): True  {'s_order': 2, 'one_minus_s_order': 0, 'degree': 16, 'intervals': 1}
  Delta_3: positive on (0,1): True  {'s_order': 2, 'one_minus_s_order': 0, 'degree': 20, 'intervals': 1}
  Delta_4: positive on (0,1): True  {'s_order': 2, 'one_minus_s_order': 2, 'degree': 18, 'intervals': 1}
  Delta_5: positive on (0,1): True  {'s_order': 4, 'one_minus_s_order': 0, 'degree': 2, 'intervals': 1}
  Delta_6: positive on (0,1): True  {'s_order': 4, 'one_minus_s_order': 0, 'degree': 8, 'intervals': 1}
  Delta_7: positive on (0,1): True  {'s_order': 4, 'one_minus_s_order': 2, 'degree': 8, 'intervals': 1}
RESULT: C(s) positive definite on (0,1): PROVED
saved rules/n6.json
