n=18 qd=2 m=19 nv=615 D=36
   endpoint 0 kernel eigenvalues [-0. -0. -0. -0.  0.  0.  0.  0.] rational kernel basis [['0', '1', '0', '0', '0', '0', '0', '0', '0', '0', '0', '0', '0', '0', '0', '0', '0', '0', '0'], ['-1', '0', '1', '0', '0', '0', '0', '0', '0', '0', '0', '0', '0', '0', '0', '0', '0', '0', '0'], ['0', '0', '0', '1', '0', '0', '0', '0', '0', '0', '0', '0', '0', '0', '0', '0', '0', '0', '0'], ['-1', '0', '0', '0', '1', '0', '0', '0', '0', '0', '0', '0', '0', '0', '0', '0', '0', '0', '0'], ['0', '0', '0', '0', '0', '1', '0', '0', '0', '0', '0', '0', '0', '0', '0', '0', '0', '0', '0'], ['-1', '0', '0', '0', '0', '0', '1', '0', '0', '0', '0', '0', '0', '0', '0', '0', '0', '0', '0'], ['0', '0', '0', '0', '0', '0', '0', '1', '0', '0', '0', '0', '0', '0', '0', '0', '0', '0', '0'], ['-1', '0', '0', '0', '0', '0', '0', '0', '1', '0', '0', '0', '0', '0', '0', '0', '0', '0', '0']]
     w^T C_k w for k=0..3: [0.0, 0.0, 0.0, 0.0]
     w^T C_k w for k=0..3: [0.0, 0.0, 0.0, 0.0]
     w^T C_k w for k=0..3: [0.0, 0.0, 0.0, 0.0]
     w^T C_k w for k=0..3: [0.0, 0.0, 0.0, 0.0]
     w^T C_k w for k=0..3: [0.0, 0.0, 0.0, 0.0]
     w^T C_k w for k=0..3: [0.0, 0.0, 0.0, 0.0]
     w^T C_k w for k=0..3: [0.0, 0.0, 0.0, 0.0]
     w^T C_k w for k=0..3: [0.0, 0.0, 0.019230208143412555, -0.1652011233395971]
   WARNING endpoint 1: numerical kernel dim 4 != forced 2
   endpoint 1 kernel eigenvalues [-0.0000000e+00  0.0000000e+00  1.3240356e-05  5.1154553e-05] rational kernel basis [['1', '0', '1', '0', '1', '0', '1', '0', '1', '0', '1', '0', '1', '0', '1', '0', '1', '0', '1'], ['0', '1', '0', '1', '0', '1', '0', '1', '0', '1', '0', '1', '0', '1', '0', '1', '0', '1', '0']]
     w^T C_k w for k=0..3: [-1.5368754446160038e-12, 2.270389778957771e-11, 46.725760806985946, -502.0637635980674]
     w^T C_k w for k=0..3: [1.592163900721033e-12, -2.2087554008010102e-11, 12.674239193018044, -105.13623640182516]
s=0: kernel dim 8, orders [16, 14, 12, 10, 8, 6, 4, 2, 0, 0, 0, 0, 0, 0, 0, 0, 0, 0, 0], 720 coefficient conditions
s=1: kernel dim 2, orders [2, 2, 0, 0, 0, 0, 0, 0, 0, 0, 0, 0, 0, 0, 0, 0, 0, 0, 0], 38 coefficient conditions
559 nontrivial exact linear constraints
max residual of rounded z in the constraints: 2.28e-12
RREF projection: 373 pivot variables solved exactly; max |change| = 3.76e-12
identically zero rows (exponents []) removed; size 19
C(s) is exactly block diagonal (even/odd exponents): block sizes [10, 9]
minors computed in 11.9 s; degrees [36, 54, 72, 90, 108, 124, 136, 144, 148, 148, 18, 36, 54, 72, 90, 104, 114, 120, 122]
  Delta_1: positive on (0,1): True  {'s_order': 0, 'one_minus_s_order': 0, 'degree': 36, 'intervals': 1}
  Delta_2: positive on (0,1): True  {'s_order': 14, 'one_minus_s_order': 0, 'degree': 40, 'intervals': 1}
  Delta_3: positive on (0,1): True  {'s_order': 24, 'one_minus_s_order': 0, 'degree': 48, 'intervals': 1}
  Delta_4: positive on (0,1): True  {'s_order': 30, 'one_minus_s_order': 0, 'degree': 60, 'intervals': 3}
  Delta_5: positive on (0,1): True  {'s_order': 32, 'one_minus_s_order': 0, 'degree': 76, 'intervals': 5}
  Delta_6: positive on (0,1): True  {'s_order': 32, 'one_minus_s_order': 0, 'degree': 92, 'intervals': 5}
  Delta_7: positive on (0,1): True  {'s_order': 32, 'one_minus_s_order': 0, 'degree': 104, 'intervals': 3}
  Delta_8: positive on (0,1): True  {'s_order': 32, 'one_minus_s_order': 0, 'degree': 112, 'intervals': 5}
  Delta_9: positive on (0,1): True  {'s_order': 32, 'one_minus_s_order': 0, 'degree': 116, 'intervals': 5}
  Delta_10: positive on (0,1): True  {'s_order': 32, 'one_minus_s_order': 2, 'degree': 114, 'intervals': 17}
  Delta_11: positive on (0,1): True  {'s_order': 16, 'one_minus_s_order': 0, 'degree': 2, 'intervals': 1}
  Delta_12: positive on (0,1): True  {'s_order': 28, 'one_minus_s_order': 0, 'degree': 8, 'intervals': 1}
  Delta_13: positive on (0,1): True  {'s_order': 36, 'one_minus_s_order': 0, 'degree': 18, 'intervals': 1}
  Delta_14: positive on (0,1): True  {'s_order': 40, 'one_minus_s_order': 0, 'degree': 32, 'intervals': 3}
  Delta_15: positive on (0,1): True  {'s_order': 40, 'one_minus_s_order': 0, 'degree': 50, 'intervals': 5}
  Delta_16: positive on (0,1): True  {'s_order': 40, 'one_minus_s_order': 0, 'degree': 64, 'intervals': 7}
  Delta_17: positive on (0,1): True  {'s_order': 40, 'one_minus_s_order': 0, 'degree': 74, 'intervals': 7}
  Delta_18: positive on (0,1): True  {'s_order': 40, 'one_minus_s_order': 0, 'degree': 80, 'intervals': 7}
  Delta_19: positive on (0,1): True  {'s_order': 40, 'one_minus_s_order': 2, 'degree': 80, 'intervals': 11}
RESULT: C(s) positive definite on (0,1): PROVED
saved rules/n18.json
