n=11 qd=4: share identity holds exactly: True
nonzero rows (exponents in units 1/4): [0, 1, 2, 3, 4, 5, 6, 7, 8, 9, 10, 11, 12, 13, 14, 15, 16, 17, 18, 19, 20, 21, 22]
parity block structure: True; blocks [12, 11]
  minor 1: degree 44 = (scaled) s^0 (1-s)^0 Q, real roots of Q in [0,1]: 0, Q(1/2) > 0: True -> OK
  minor 2: degree 66 = (scaled) s^18 (1-s)^0 Q, real roots of Q in [0,1]: 0, Q(1/2) > 0: True -> OK
  minor 3: degree 88 = (scaled) s^32 (1-s)^0 Q, real roots of Q in [0,1]: 0, Q(1/2) > 0: True -> OK
  minor 4: degree 110 = (scaled) s^42 (1-s)^0 Q, real roots of Q in [0,1]: 0, Q(1/2) > 0: True -> OK
  minor 5: degree 132 = (scaled) s^48 (1-s)^0 Q, real roots of Q in [0,1]: 0, Q(1/2) > 0: True -> OK
  minor 6: degree 154 = (scaled) s^50 (1-s)^0 Q, real roots of Q in [0,1]: 0, Q(1/2) > 0: True -> OK
  minor 7: degree 174 = (scaled) s^50 (1-s)^0 Q, real roots of Q in [0,1]: 0, Q(1/2) > 0: True -> OK
  minor 8: degree 190 = (scaled) s^50 (1-s)^0 Q, real roots of Q in [0,1]: 0, Q(1/2) > 0: True -> OK
  minor 9: degree 202 = (scaled) s^50 (1-s)^0 Q, real roots of Q in [0,1]: 0, Q(1/2) > 0: True -> OK
  minor 10: degree 210 = (scaled) s^50 (1-s)^0 Q, real roots of Q in [0,1]: 0, Q(1/2) > 0: True -> OK
  minor 11: degree 214 = (scaled) s^50 (1-s)^0 Q, real roots of Q in [0,1]: 0, Q(1/2) > 0: True -> OK
  minor 12: degree 214 = (scaled) s^50 (1-s)^2 Q, real roots of Q in [0,1]: 0, Q(1/2) > 0: True -> OK
  minor 13: degree 22 = (scaled) s^20 (1-s)^0 Q, real roots of Q in [0,1]: 0, Q(1/2) > 0: True -> OK
  minor 14: degree 44 = (scaled) s^36 (1-s)^0 Q, real roots of Q in [0,1]: 0, Q(1/2) > 0: True -> OK
  minor 15: degree 66 = (scaled) s^48 (1-s)^0 Q, real roots of Q in [0,1]: 0, Q(1/2) > 0: True -> OK
  minor 16: degree 88 = (scaled) s^56 (1-s)^0 Q, real roots of Q in [0,1]: 0, Q(1/2) > 0: True -> OK
  minor 17: degree 110 = (scaled) s^60 (1-s)^0 Q, real roots of Q in [0,1]: 0, Q(1/2) > 0: True -> OK
  minor 18: degree 132 = (scaled) s^60 (1-s)^0 Q, real roots of Q in [0,1]: 0, Q(1/2) > 0: True -> OK
  minor 19: degree 150 = (scaled) s^60 (1-s)^0 Q, real roots of Q in [0,1]: 0, Q(1/2) > 0: True -> OK
  minor 20: degree 164 = (scaled) s^60 (1-s)^0 Q, real roots of Q in [0,1]: 0, Q(1/2) > 0: True -> OK
  minor 21: degree 174 = (scaled) s^60 (1-s)^0 Q, real roots of Q in [0,1]: 0, Q(1/2) > 0: True -> OK
  minor 22: degree 180 = (scaled) s^60 (1-s)^0 Q, real roots of Q in [0,1]: 0, Q(1/2) > 0: True -> OK
  minor 23: degree 182 = (scaled) s^60 (1-s)^2 Q, real roots of Q in [0,1]: 0, Q(1/2) > 0: True -> OK
INDEPENDENT VERIFICATION (fast variant): PASSED
