n=12 qd=2 m=13 nv=203 D=24
   endpoint 0 kernel eigenvalues [-0. -0.  0.  0.  0.] rational kernel basis [['0', '1', '0', '0', '0', '0', '0', '0', '0', '0', '0', '0', '0'], ['-1', '0', '1', '0', '0', '0', '0', '0', '0', '0', '0', '0', '0'], ['0', '0', '0', '1', '0', '0', '0', '0', '0', '0', '0', '0', '0'], ['-1', '0', '0', '0', '1', '0', '0', '0', '0', '0', '0', '0', '0'], ['0', '0', '0', '0', '0', '1', '0', '0', '0', '0', '0', '0', '0']]
     w^T C_k w for k=0..3: [0.0, 0.0, 0.0, 0.0]
     w^T C_k w for k=0..3: [0.0, 0.0, 0.0, 0.0]
     w^T C_k w for k=0..3: [0.0, 0.0, 0.0, 0.0]
     w^T C_k w for k=0..3: [0.0, 0.0, 0.0, 0.0]
     w^T C_k w for k=0..3: [0.0, 0.0, 0.0659954562551172, -0.003698048799779508]
   endpoint 1 kernel eigenvalues [-0.  0.] rational kernel basis [['1', '0', '1', '0', '1', '0', '1', '0', '1', '0', '1', '0', '1'], ['0', '1', '0', '1', '0', '1', '0', '1', '0', '1', '0', '1', '0']]
     w^T C_k w for k=0..3: [-3.564076117568149e-14, -9.934414402223979e-14, 25.172465846486066, -171.40703670876553]
     w^T C_k w for k=0..3: [3.441691376337985e-14, 6.687983500341943e-13, 3.6275341535130177, -17.392963291229687]
s=0: kernel dim 5, orders [10, 8, 6, 4, 2, 0, 0, 0, 0, 0, 0, 0, 0], 210 coefficient conditions
s=1: kernel dim 2, orders [2, 2, 0, 0, 0, 0, 0, 0, 0, 0, 0, 0, 0], 26 coefficient conditions
184 nontrivial exact linear constraints
max residual of rounded z in the constraints: 1.31e-13
RREF projection: 125 pivot variables solved exactly; max |change| = 1.82e-13
identically zero rows (exponents []) removed; size 13
C(s) is exactly block diagonal (even/odd exponents): block sizes [7, 6]
minors computed in 0.4 s; degrees [24, 36, 48, 60, 68, 72, 72, 12, 24, 36, 46, 52, 54]
  Delta_1: positive on (0,1): True  {'s_order': 0, 'one_minus_s_order': 0, 'degree': 24, 'intervals': 1}
  Delta_2: positive on (0,1): True  {'s_order': 8, 'one_minus_s_order': 0, 'degree': 28, 'intervals': 1}
  Delta_3: positive on (0,1): True  {'s_order': 12, 'one_minus_s_order': 0, 'degree': 36, 'intervals': 5}
  Delta_4: positive on (0,1): True  {'s_order': 12, 'one_minus_s_order': 0, 'degree': 48, 'intervals': 5}
  Delta_5: positive on (0,1): True  {'s_order': 12, 'one_minus_s_order': 0, 'degree': 56, 'intervals': 5}
  Delta_6: positive on (0,1): True  {'s_order': 12, 'one_minus_s_order': 0, 'degree': 60, 'intervals': 5}
  Delta_7: positive on (0,1): True  {'s_order': 12, 'one_minus_s_order': 2, 'degree': 58, 'intervals': 5}
  Delta_8: positive on (0,1): True  {'s_order': 10, 'one_minus_s_order': 0, 'degree': 2, 'intervals': 1}
  Delta_9: positive on (0,1): True  {'s_order': 16, 'one_minus_s_order': 0, 'degree': 8, 'intervals': 3}
  Delta_10: positive on (0,1): True  {'s_order': 18, 'one_minus_s_order': 0, 'degree': 18, 'intervals': 7}
  Delta_11: positive on (0,1): True  {'s_order': 18, 'one_minus_s_order': 0, 'degree': 28, 'intervals': 5}
  Delta_12: positive on (0,1): True  {'s_order': 18, 'one_minus_s_order': 0, 'degree': 34, 'intervals': 5}
  Delta_13: positive on (0,1): True  {'s_order': 18, 'one_minus_s_order': 2, 'degree': 34, 'intervals': 7}
RESULT: C(s) positive definite on (0,1): PROVED
saved rules/n12.json
