n=14 qd=2 m=15 nv=308 D=28
   endpoint 0 kernel eigenvalues [-0.  0.  0.  0.  0.  0.] rational kernel basis [['0', '1', '0', '0', '0', '0', '0', '0', '0', '0', '0', '0', '0', '0', '0'], ['-1', '0', '1', '0', '0', '0', '0', '0', '0', '0', '0', '0', '0', '0', '0'], ['0', '0', '0', '1', '0', '0', '0', '0', '0', '0', '0', '0', '0', '0', '0'], ['-1', '0', '0', '0', '1', '0', '0', '0', '0', '0', '0', '0', '0', '0', '0'], ['0', '0', '0', '0', '0', '1', '0', '0', '0', '0', '0', '0', '0', '0', '0'], ['-1', '0', '0', '0', '0', '0', '1', '0', '0', '0', '0', '0', '0', '0', '0']]
     w^T C_k w for k=0..3: [0.0, 0.0, 0.0, 0.0]
     w^T C_k w for k=0..3: [0.0, 0.0, 0.0, 0.0]
     w^T C_k w for k=0..3: [0.0, 0.0, 0.0, 0.0]
     w^T C_k w for k=0..3: [0.0, 0.0, 0.0, 0.0]
     w^T C_k w for k=0..3: [0.0, 0.0, 0.0, 0.0]
     w^T C_k w for k=0..3: [0.0, 0.0, 0.02231670464521418, 1.5865159633278476]
   endpoint 1 kernel eigenvalues [-0.  0.] rational kernel basis [['1', '0', '1', '0', '1', '0', '1', '0', '1', '0', '1', '0', '1', '0', '1'], ['0', '1', '0', '1', '0', '1', '0', '1', '0', '1', '0', '1', '0', '1', '0']]
     w^T C_k w for k=0..3: [1.3349564509379519e-14, -8.222519887191027e-13, 28.973874543279358, -247.45584356818765]
     w^T C_k w for k=0..3: [-8.568146192544646e-14, 4.552358490172992e-12, 8.826125456682675, -46.54415643165742]
s=0: kernel dim 6, orders [12, 10, 8, 6, 4, 2, 0, 0, 0, 0, 0, 0, 0, 0, 0], 336 coefficient conditions
s=1: kernel dim 2, orders [2, 2, 0, 0, 0, 0, 0, 0, 0, 0, 0, 0, 0, 0, 0], 30 coefficient conditions
278 nontrivial exact linear constraints
max residual of rounded z in the constraints: 4.46e-13
RREF projection: 188 pivot variables solved exactly; max |change| = 2.27e-12
identically zero rows (exponents []) removed; size 15
C(s) is exactly block diagonal (even/odd exponents): block sizes [8, 7]
minors computed in 1.4 s; degrees [28, 42, 56, 70, 82, 90, 94, 94, 14, 28, 42, 56, 66, 72, 74]
  Delta_1: positive on (0,1): True  {'s_order': 0, 'one_minus_s_order': 0, 'degree': 28, 'intervals': 1}
  Delta_2: positive on (0,1): True  {'s_order': 10, 'one_minus_s_order': 0, 'degree': 32, 'intervals': 1}
  Delta_3: positive on (0,1): True  {'s_order': 16, 'one_minus_s_order': 0, 'degree': 40, 'intervals': 1}
  Delta_4: positive on (0,1): True  {'s_order': 18, 'one_minus_s_order': 0, 'degree': 52, 'intervals': 5}
  Delta_5: positive on (0,1): True  {'s_order': 18, 'one_minus_s_order': 0, 'degree': 64, 'intervals': 5}
  Delta_6: positive on (0,1): True  {'s_order': 18, 'one_minus_s_order': 0, 'degree': 72, 'intervals': 7}
  Delta_7: positive on (0,1): True  {'s_order': 18, 'one_minus_s_order': 0, 'degree': 76, 'intervals': 7}
  Delta_8: positive on (0,1): True  {'s_order': 18, 'one_minus_s_order': 2, 'degree': 74, 'intervals': 7}
  Delta_9: positive on (0,1): True  {'s_order': 12, 'one_minus_s_order': 0, 'degree': 2, 'intervals': 1}
  Delta_10: positive on (0,1): True  {'s_order': 20, 'one_minus_s_order': 0, 'degree': 8, 'intervals': 1}
  Delta_11: positive on (0,1): True  {'s_order': 24, 'one_minus_s_order': 0, 'degree': 18, 'intervals': 9}
  Delta_12: positive on (0,1): True  {'s_order': 24, 'one_minus_s_order': 0, 'degree': 32, 'intervals': 9}
  Delta_13: positive on (0,1): True  {'s_order': 24, 'one_minus_s_order': 0, 'degree': 42, 'intervals': 9}
  Delta_14: positive on (0,1): True  {'s_order': 24, 'one_minus_s_order': 0, 'degree': 48, 'intervals': 9}
  Delta_15: positive on (0,1): True  {'s_order': 24, 'one_minus_s_order': 2, 'degree': 48, 'intervals': 11}
RESULT: C(s) positive definite on (0,1): PROVED
saved rules/n14.json
