n=20 qd=2: share identity checked on 12341 monomials, mismatches: 0
nonzero rows: [0, 1, 2, 3, 4, 5, 6, 7, 8, 9, 10, 11, 12, 13, 14, 15, 16, 17, 18, 19, 20]
parity splitting: True; blocks of sizes [11, 10]
  block 0 minor 1: degree 40, no root in (0,1): True [descartes], value at 1/2 > 0: True -> OK
  block 0 minor 2: degree 60, no root in (0,1): True [descartes], value at 1/2 > 0: True -> OK
  block 0 minor 3: degree 80, no root in (0,1): True [descartes], value at 1/2 > 0: True -> OK
  block 0 minor 4: degree 100, no root in (0,1): True [descartes], value at 1/2 > 0: True -> OK
  block 0 minor 5: degree 120, no root in (0,1): True [descartes], value at 1/2 > 0: True -> OK
  block 0 minor 6: degree 140, no root in (0,1): True [descartes], value at 1/2 > 0: True -> OK
  block 0 minor 7: degree 156, no root in (0,1): True [descartes], value at 1/2 > 0: True -> OK
  block 0 minor 8: degree 168, no root in (0,1): True [descartes], value at 1/2 > 0: True -> OK
  block 0 minor 9: degree 176, no root in (0,1): True [descartes], value at 1/2 > 0: True -> OK
  block 0 minor 10: degree 180, no root in (0,1): True [descartes], value at 1/2 > 0: True -> OK
  block 0 minor 11: degree 180, no root in (0,1): True [descartes], value at 1/2 > 0: True -> OK
  block 1 minor 1: degree 20, no root in (0,1): True [descartes], value at 1/2 > 0: True -> OK
  block 1 minor 2: degree 40, no root in (0,1): True [descartes], value at 1/2 > 0: True -> OK
  block 1 minor 3: degree 60, no root in (0,1): True [descartes], value at 1/2 > 0: True -> OK
  block 1 minor 4: degree 80, no root in (0,1): True [descartes], value at 1/2 > 0: True -> OK
  block 1 minor 5: degree 100, no root in (0,1): True [descartes], value at 1/2 > 0: True -> OK
  block 1 minor 6: degree 118, no root in (0,1): True [descartes], value at 1/2 > 0: True -> OK
  block 1 minor 7: degree 132, no root in (0,1): True [descartes], value at 1/2 > 0: True -> OK
  block 1 minor 8: degree 142, no root in (0,1): True [descartes], value at 1/2 > 0: True -> OK
  block 1 minor 9: degree 148, no root in (0,1): True [descartes], value at 1/2 > 0: True -> OK
  block 1 minor 10: degree 150, no root in (0,1): True [arb], value at 1/2 > 0: True -> OK
KERNEL CONDITION (P): PROVED
  trial 0: d=3, direct sum = 3.03137568855e+32, certificate sum = 3.03137568855e+32
  trial 1: d=3, direct sum = 1.83211192534e+35, certificate sum = 1.83211192534e+35
  trial 2: d=4, direct sum = 6.88824966073e+27, certificate sum = 6.88824966073e+27
  trial 3: d=4, direct sum = 1.00533470952e+37, certificate sum = 1.00533470952e+37
end-to-end: max relative identity error 1.1262e-58; min normalised eigenvalue of G^ab -1.2814e-58
RESULT: ALL CHECKS PASSED
exit 0 time 145s
