n=5 qd=4: share identity checked on 1771 monomials, mismatches: 0
nonzero rows: [0, 1, 2, 3, 4, 5, 6, 7, 8, 9, 10]
  minor 1: degree 20, no root in (0,1): True [descartes], value at 1/2 > 0: True -> OK
  minor 2: degree 30, no root in (0,1): True [descartes], value at 1/2 > 0: True -> OK
  minor 3: degree 40, no root in (0,1): True [descartes], value at 1/2 > 0: True -> OK
  minor 4: degree 50, no root in (0,1): True [descartes], value at 1/2 > 0: True -> OK
  minor 5: degree 60, no root in (0,1): True [arb], value at 1/2 > 0: True -> OK
  minor 6: degree 70, no root in (0,1): True [arb], value at 1/2 > 0: True -> OK
  minor 7: degree 78, no root in (0,1): True [arb], value at 1/2 > 0: True -> OK
  minor 8: degree 84, no root in (0,1): True [arb], value at 1/2 > 0: True -> OK
  minor 9: degree 88, no root in (0,1): True [arb], value at 1/2 > 0: True -> OK
  minor 10: degree 90, no root in (0,1): True [arb], value at 1/2 > 0: True -> OK
  minor 11: degree 90, no root in (0,1): True [arb], value at 1/2 > 0: True -> OK
KERNEL CONDITION (P): PROVED
  trial 0: d=3, direct sum = 69748436535.7, certificate sum = 69748436535.7
  trial 1: d=3, direct sum = 177666502157.0, certificate sum = 177666502157.0
  trial 2: d=4, direct sum = 4177705267.24, certificate sum = 4177705267.24
  trial 3: d=4, direct sum = 1.31552739686e+12, certificate sum = 1.31552739686e+12
end-to-end: max relative identity error 8.1239e-60; min normalised eigenvalue of G^ab -6.4734e-59
RESULT: ALL CHECKS PASSED
exit 0 time 8s
