n=13 qd=4: share identity checked on 26235 monomials, mismatches: 0
nonzero rows: [0, 1, 2, 3, 4, 5, 6, 7, 8, 9, 10, 11, 12, 13, 14, 15, 16, 17, 18, 19, 20, 21, 22, 23, 24, 25, 26]
parity splitting: True; blocks of sizes [14, 13]
  block 0 minor 1: degree 52, no root in (0,1): True [descartes], value at 1/2 > 0: True -> OK
  block 0 minor 2: degree 78, no root in (0,1): True [descartes], value at 1/2 > 0: True -> OK
  block 0 minor 3: degree 104, no root in (0,1): True [descartes], value at 1/2 > 0: True -> OK
  block 0 minor 4: degree 130, no root in (0,1): True [descartes], value at 1/2 > 0: True -> OK
  block 0 minor 5: degree 156, no root in (0,1): True [descartes], value at 1/2 > 0: True -> OK
  block 0 minor 6: degree 182, no root in (0,1): True [descartes], value at 1/2 > 0: True -> OK
  block 0 minor 7: degree 208, no root in (0,1): True [descartes], value at 1/2 > 0: True -> OK
  block 0 minor 8: degree 232, no root in (0,1): True [descartes], value at 1/2 > 0: True -> OK
  block 0 minor 9: degree 252, no root in (0,1): True [descartes], value at 1/2 > 0: True -> OK
  block 0 minor 10: degree 268, no root in (0,1): True [descartes], value at 1/2 > 0: True -> OK
  block 0 minor 11: degree 280, no root in (0,1): True [descartes], value at 1/2 > 0: True -> OK
  block 0 minor 12: degree 288, no root in (0,1): True [descartes], value at 1/2 > 0: True -> OK
  block 0 minor 13: degree 292, no root in (0,1): True [arb], value at 1/2 > 0: True -> OK
  block 0 minor 14: degree 292, no root in (0,1): True [arb], value at 1/2 > 0: True -> OK
  block 1 minor 1: degree 26, no root in (0,1): True [descartes], value at 1/2 > 0: True -> OK
  block 1 minor 2: degree 52, no root in (0,1): True [descartes], value at 1/2 > 0: True -> OK
  block 1 minor 3: degree 78, no root in (0,1): True [descartes], value at 1/2 > 0: True -> OK
  block 1 minor 4: degree 104, no root in (0,1): True [descartes], value at 1/2 > 0: True -> OK
  block 1 minor 5: degree 130, no root in (0,1): True [descartes], value at 1/2 > 0: True -> OK
  block 1 minor 6: degree 156, no root in (0,1): True [descartes], value at 1/2 > 0: True -> OK
  block 1 minor 7: degree 182, no root in (0,1): True [descartes], value at 1/2 > 0: True -> OK
  block 1 minor 8: degree 204, no root in (0,1): True [descartes], value at 1/2 > 0: True -> OK
  block 1 minor 9: degree 222, no root in (0,1): True [descartes], value at 1/2 > 0: True -> OK
  block 1 minor 10: degree 236, no root in (0,1): True [descartes], value at 1/2 > 0: True -> OK
  block 1 minor 11: degree 246, no root in (0,1): True [descartes], value at 1/2 > 0: True -> OK
  block 1 minor 12: degree 252, no root in (0,1): True [descartes], value at 1/2 > 0: True -> OK
  block 1 minor 13: degree 254, no root in (0,1): True [descartes], value at 1/2 > 0: True -> OK
KERNEL CONDITION (P): PROVED
  trial 0: d=3, direct sum = 1.99269072342e+22, certificate sum = 1.99269072342e+22
  trial 1: d=3, direct sum = 1.03031641705e+24, certificate sum = 1.03031641705e+24
  trial 2: d=4, direct sum = 1.87604201644e+19, certificate sum = 1.87604201644e+19
  trial 3: d=4, direct sum = 1.93287155724e+25, certificate sum = 1.93287155724e+25
end-to-end: max relative identity error 1.8051e-59; min normalised eigenvalue of G^ab -5.9181e-59
RESULT: ALL CHECKS PASSED
exit 0 time 756s
