n=11 qd=4: share identity checked on 16215 monomials, mismatches: 0
nonzero rows: [0, 1, 2, 3, 4, 5, 6, 7, 8, 9, 10, 11, 12, 13, 14, 15, 16, 17, 18, 19, 20, 21, 22]
parity splitting: True; blocks of sizes [12, 11]
  block 0 minor 1: degree 44, no root in (0,1): True [descartes], value at 1/2 > 0: True -> OK
  block 0 minor 2: degree 66, no root in (0,1): True [descartes], value at 1/2 > 0: True -> OK
  block 0 minor 3: degree 88, no root in (0,1): True [descartes], value at 1/2 > 0: True -> OK
  block 0 minor 4: degree 110, no root in (0,1): True [descartes], value at 1/2 > 0: True -> OK
  block 0 minor 5: degree 132, no root in (0,1): True [descartes], value at 1/2 > 0: True -> OK
  block 0 minor 6: degree 154, no root in (0,1): True [descartes], value at 1/2 > 0: True -> OK
  block 0 minor 7: degree 174, no root in (0,1): True [descartes], value at 1/2 > 0: True -> OK
  block 0 minor 8: degree 190, no root in (0,1): True [descartes], value at 1/2 > 0: True -> OK
  block 0 minor 9: degree 202, no root in (0,1): True [descartes], value at 1/2 > 0: True -> OK
  block 0 minor 10: degree 210, no root in (0,1): True [descartes], value at 1/2 > 0: True -> OK
  block 0 minor 11: degree 214, no root in (0,1): True [descartes], value at 1/2 > 0: True -> OK
  block 0 minor 12: degree 214, no root in (0,1): True [arb], value at 1/2 > 0: True -> OK
  block 1 minor 1: degree 22, no root in (0,1): True [descartes], value at 1/2 > 0: True -> OK
  block 1 minor 2: degree 44, no root in (0,1): True [descartes], value at 1/2 > 0: True -> OK
  block 1 minor 3: degree 66, no root in (0,1): True [descartes], value at 1/2 > 0: True -> OK
  block 1 minor 4: degree 88, no root in (0,1): True [descartes], value at 1/2 > 0: True -> OK
  block 1 minor 5: degree 110, no root in (0,1): True [descartes], value at 1/2 > 0: True -> OK
  block 1 minor 6: degree 132, no root in (0,1): True [descartes], value at 1/2 > 0: True -> OK
  block 1 minor 7: degree 150, no root in (0,1): True [descartes], value at 1/2 > 0: True -> OK
  block 1 minor 8: degree 164, no root in (0,1): True [arb], value at 1/2 > 0: True -> OK
  block 1 minor 9: degree 174, no root in (0,1): True [descartes], value at 1/2 > 0: True -> OK
  block 1 minor 10: degree 180, no root in (0,1): True [arb], value at 1/2 > 0: True -> OK
  block 1 minor 11: degree 182, no root in (0,1): True [arb], value at 1/2 > 0: True -> OK
KERNEL CONDITION (P): PROVED
  trial 0: d=3, direct sum = 2.54411066769e+19, certificate sum = 2.54411066769e+19
  trial 1: d=3, direct sum = 6.487208462e+20, certificate sum = 6.487208462e+20
  trial 2: d=4, direct sum = 6.98401966803e+16, certificate sum = 6.98401966803e+16
  trial 3: d=4, direct sum = 9.16333714209e+21, certificate sum = 9.16333714209e+21
end-to-end: max relative identity error 2.0385e-59; min normalised eigenvalue of G^ab -7.4605e-60
RESULT: ALL CHECKS PASSED
exit 0 time 160s
