n=9 qd=4: share identity checked on 9139 monomials, mismatches: 0
nonzero rows: [0, 1, 2, 3, 4, 5, 6, 7, 8, 9, 10, 11, 12, 13, 14, 15, 16, 17, 18]
  minor 1: degree 36, no root in (0,1): True [descartes], value at 1/2 > 0: True -> OK
  minor 2: degree 54, no root in (0,1): True [descartes], value at 1/2 > 0: True -> OK
  minor 3: degree 72, no root in (0,1): True [descartes], value at 1/2 > 0: True -> OK
  minor 4: degree 90, no root in (0,1): True [descartes], value at 1/2 > 0: True -> OK
  minor 5: degree 108, no root in (0,1): True [descartes], value at 1/2 > 0: True -> OK
  minor 6: degree 126, no root in (0,1): True [descartes], value at 1/2 > 0: True -> OK
  minor 7: degree 144, no root in (0,1): True [descartes], value at 1/2 > 0: True -> OK
  minor 8: degree 162, no root in (0,1): True [descartes], value at 1/2 > 0: True -> OK
  minor 9: degree 180, no root in (0,1): True [arb], value at 1/2 > 0: True -> OK
  minor 10: degree 198, no root in (0,1): True [arb], value at 1/2 > 0: True -> OK
  minor 11: degree 214, no root in (0,1): True [arb], value at 1/2 > 0: True -> OK
  minor 12: degree 228, no root in (0,1): True [arb], value at 1/2 > 0: True -> OK
  minor 13: degree 240, no root in (0,1): True [arb], value at 1/2 > 0: True -> OK
  minor 14: degree 250, no root in (0,1): True [arb], value at 1/2 > 0: True -> OK
  minor 15: degree 258, no root in (0,1): True [arb], value at 1/2 > 0: True -> OK
  minor 16: degree 264, no root in (0,1): True [arb], value at 1/2 > 0: True -> OK
  minor 17: degree 268, no root in (0,1): True [arb], value at 1/2 > 0: True -> OK
  minor 18: degree 270, no root in (0,1): True [arb], value at 1/2 > 0: True -> OK
  minor 19: degree 270, no root in (0,1): True [arb], value at 1/2 > 0: True -> OK
KERNEL CONDITION (P): PROVED
  trial 0: d=3, direct sum = 3.36056864366e+16, certificate sum = 3.36056864366e+16
  trial 1: d=3, direct sum = 4.15546698111e+17, certificate sum = 4.15546698111e+17
  trial 2: d=4, direct sum = 2.65880068137e+14, certificate sum = 2.65880068137e+14
  trial 3: d=4, direct sum = 4.51603058037e+18, certificate sum = 4.51603058037e+18
end-to-end: max relative identity error 1.3435e-57; min normalised eigenvalue of G^ab -7.7324e-58
RESULT: ALL CHECKS PASSED
exit 0 time 161s
