n=15 qd=4: share identity checked on 39711 monomials, mismatches: 0
nonzero rows: [0, 1, 2, 3, 4, 5, 6, 7, 8, 9, 10, 11, 12, 13, 14, 15, 16, 17, 18, 19, 20, 21, 22, 23, 24, 25, 26, 27, 28, 29, 30]
parity splitting: True; blocks of sizes [16, 15]
  block 0 minor 1: degree 60, no root in (0,1): True [descartes], value at 1/2 > 0: True -> OK
  block 0 minor 2: degree 90, no root in (0,1): True [descartes], value at 1/2 > 0: True -> OK
  block 0 minor 3: degree 120, no root in (0,1): True [descartes], value at 1/2 > 0: True -> OK
  block 0 minor 4: degree 150, no root in (0,1): True [descartes], value at 1/2 > 0: True -> OK
  block 0 minor 5: degree 180, no root in (0,1): True [descartes], value at 1/2 > 0: True -> OK
  block 0 minor 6: degree 210, no root in (0,1): True [descartes], value at 1/2 > 0: True -> OK
  block 0 minor 7: degree 240, no root in (0,1): True [descartes], value at 1/2 > 0: True -> OK
  block 0 minor 8: degree 270, no root in (0,1): True [descartes], value at 1/2 > 0: True -> OK
  block 0 minor 9: degree 298, no root in (0,1): True [descartes], value at 1/2 > 0: True -> OK
  block 0 minor 10: degree 322, no root in (0,1): True [descartes], value at 1/2 > 0: True -> OK
  block 0 minor 11: degree 342, no root in (0,1): True [descartes], value at 1/2 > 0: True -> OK
  block 0 minor 12: degree 358, no root in (0,1): True [descartes], value at 1/2 > 0: True -> OK
  block 0 minor 13: degree 370, no root in (0,1): True [descartes], value at 1/2 > 0: True -> OK
  block 0 minor 14: degree 378, no root in (0,1): True [arb], value at 1/2 > 0: True -> OK
  block 0 minor 15: degree 382, no root in (0,1): True [arb], value at 1/2 > 0: True -> OK
  block 0 minor 16: degree 382, no root in (0,1): True [arb], value at 1/2 > 0: True -> OK
  block 1 minor 1: degree 30, no root in (0,1): True [descartes], value at 1/2 > 0: True -> OK
  block 1 minor 2: degree 60, no root in (0,1): True [descartes], value at 1/2 > 0: True -> OK
  block 1 minor 3: degree 90, no root in (0,1): True [descartes], value at 1/2 > 0: True -> OK
  block 1 minor 4: degree 120, no root in (0,1): True [descartes], value at 1/2 > 0: True -> OK
  block 1 minor 5: degree 150, no root in (0,1): True [descartes], value at 1/2 > 0: True -> OK
  block 1 minor 6: degree 180, no root in (0,1): True [descartes], value at 1/2 > 0: True -> OK
  block 1 minor 7: degree 210, no root in (0,1): True [descartes], value at 1/2 > 0: True -> OK
  block 1 minor 8: degree 240, no root in (0,1): True [descartes], value at 1/2 > 0: True -> OK
  block 1 minor 9: degree 266, no root in (0,1): True [descartes], value at 1/2 > 0: True -> OK
  block 1 minor 10: degree 288, no root in (0,1): True [descartes], value at 1/2 > 0: True -> OK
  block 1 minor 11: degree 306, no root in (0,1): True [descartes], value at 1/2 > 0: True -> OK
  block 1 minor 12: degree 320, no root in (0,1): True [descartes], value at 1/2 > 0: True -> OK
  block 1 minor 13: degree 330, no root in (0,1): True [descartes], value at 1/2 > 0: True -> OK
  block 1 minor 14: degree 336, no root in (0,1): True [descartes], value at 1/2 > 0: True -> OK
  block 1 minor 15: degree 338, no root in (0,1): True [arb], value at 1/2 > 0: True -> OK
KERNEL CONDITION (P): PROVED
  trial 0: d=3, direct sum = 1.59421631565e+25, certificate sum = 1.59421631565e+25
  trial 1: d=3, direct sum = 1.66193976971e+27, certificate sum = 1.66193976971e+27
  trial 2: d=4, direct sum = 5.14108639253e+21, certificate sum = 5.14108639253e+21
  trial 3: d=4, direct sum = 4.19652089451e+28, certificate sum = 4.19652089451e+28
end-to-end: max relative identity error 2.658e-59; min normalised eigenvalue of G^ab -1.613e-58
RESULT: ALL CHECKS PASSED
exit 0
