region form=nu2 a=[16,64] d=[15/4,16] eps=[0,1/37]
  progress: 5000 boxes accepted, stack 1140, 197 s, last box a=[62.69,62.75] d=[5.75,5.875]
  progress: 10000 boxes accepted, stack 1131, 411 s, last box a=[62.56,62.59] d=[4.125,4.188]
  progress: 15000 boxes accepted, stack 1095, 598 s, last box a=[61.69,61.75] d=[6.75,6.875]
  progress: 20000 boxes accepted, stack 1086, 825 s, last box a=[61.81,61.84] d=[4.438,4.5]
  progress: 25000 boxes accepted, stack 1054, 1047 s, last box a=[58.75,58.88] d=[9,9.25]
  progress: 30000 boxes accepted, stack 1035, 1230 s, last box a=[58,58.06] d=[5,5.062]
  progress: 35000 boxes accepted, stack 1028, 1414 s, last box a=[57,57.5] d=[15,15.25]
  progress: 40000 boxes accepted, stack 995, 1595 s, last box a=[57.94,58] d=[5.5,5.625]
  progress: 45000 boxes accepted, stack 989, 1779 s, last box a=[57.91,57.94] d=[3.938,4]
  progress: 50000 boxes accepted, stack 946, 1968 s, last box a=[54.56,54.62] d=[6.625,6.75]
  progress: 55000 boxes accepted, stack 939, 2152 s, last box a=[54.66,54.69] d=[4.438,4.5]
  progress: 60000 boxes accepted, stack 903, 2330 s, last box a=[53.75,53.88] d=[7.875,8]
  progress: 65000 boxes accepted, stack 888, 2556 s, last box a=[53.56,53.59] d=[4.5,4.562]
  progress: 70000 boxes accepted, stack 864, 2801 s, last box a=[51.62,51.75] d=[10.25,10.5]
  progress: 75000 boxes accepted, stack 844, 3014 s, last box a=[51.75,51.81] d=[5.125,5.188]
  progress: 80000 boxes accepted, stack 836, 3284 s, last box a=[50,50.03] d=[3.938,4]
  progress: 85000 boxes accepted, stack 795, 3506 s, last box a=[49.62,49.69] d=[5.5,5.625]
  progress: 90000 boxes accepted, stack 791, 3748 s, last box a=[49.59,49.62] d=[3.875,3.938]
  progress: 95000 boxes accepted, stack 748, 3966 s, last box a=[47.12,47.19] d=[6,6.125]
  progress: 100000 boxes accepted, stack 741, 4214 s, last box a=[47.19,47.22] d=[4.062,4.125]
  progress: 105000 boxes accepted, stack 701, 4479 s, last box a=[44.69,44.75] d=[6.75,6.875]
  progress: 110000 boxes accepted, stack 692, 4709 s, last box a=[44.56,44.59] d=[4.375,4.438]
  progress: 115000 boxes accepted, stack 656, 4998 s, last box a=[42.25,42.38] d=[7.625,7.75]
  progress: 120000 boxes accepted, stack 645, 5295 s, last box a=[43.94,43.97] d=[4.25,4.312]
  progress: 125000 boxes accepted, stack 609, 5563 s, last box a=[40.12,40.25] d=[8.5,8.75]
  progress: 130000 boxes accepted, stack 597, 5753 s, last box a=[41.44,41.5] d=[4.5,4.562]
  progress: 135000 boxes accepted, stack 565, 5905 s, last box a=[39.75,39.88] d=[9.25,9.5]
  progress: 140000 boxes accepted, stack 547, 6043 s, last box a=[38.81,38.88] d=[4.75,4.812]
  progress: 145000 boxes accepted, stack 519, 6181 s, last box a=[36.75,36.88] d=[10,10.25]
  progress: 150000 boxes accepted, stack 499, 6315 s, last box a=[37.75,37.81] d=[4.812,4.875]
  progress: 155000 boxes accepted, stack 473, 6448 s, last box a=[35.88,36] d=[10.5,10.75]
  progress: 160000 boxes accepted, stack 451, 6580 s, last box a=[34.19,34.25] d=[5.188,5.25]
  progress: 165000 boxes accepted, stack 424, 6713 s, last box a=[33.25,33.5] d=[11,11.25]
  progress: 170000 boxes accepted, stack 400, 6846 s, last box a=[32,32.06] d=[5.062,5.125]
  progress: 175000 boxes accepted, stack 374, 6980 s, last box a=[31.62,31.75] d=[10.5,10.75]
  progress: 180000 boxes accepted, stack 351, 7115 s, last box a=[31.38,31.44] d=[4.75,4.812]
  progress: 185000 boxes accepted, stack 321, 7247 s, last box a=[29.5,29.62] d=[9.5,9.75]
  progress: 190000 boxes accepted, stack 301, 7380 s, last box a=[28.06,28.12] d=[4.812,4.875]
  progress: 195000 boxes accepted, stack 268, 7550 s, last box a=[26.62,26.75] d=[8.75,9]
  progress: 200000 boxes accepted, stack 255, 7737 s, last box a=[27.97,28] d=[4.25,4.312]
  progress: 205000 boxes accepted, stack 214, 7902 s, last box a=[24.12,24.25] d=[7.625,7.75]
  progress: 210000 boxes accepted, stack 201, 8036 s, last box a=[24.12,24.16] d=[4.438,4.5]
  progress: 215000 boxes accepted, stack 161, 8168 s, last box a=[22.19,22.25] d=[6.5,6.625]
  progress: 220000 boxes accepted, stack 150, 8302 s, last box a=[22.25,22.28] d=[4,4.062]
  progress: 225000 boxes accepted, stack 109, 8438 s, last box a=[20.81,20.88] d=[5.562,5.625]
  progress: 230000 boxes accepted, stack 98, 8573 s, last box a=[18,18.5] d=[15.5,15.75]
  progress: 235000 boxes accepted, stack 57, 8711 s, last box a=[19.12,19.19] d=[4.75,4.812]
  progress: 240000 boxes accepted, stack 22, 8851 s, last box a=[17.75,17.88] d=[8,8.25]
  progress: 245000 boxes accepted, stack 6, 8991 s, last box a=[17.28,17.31] d=[4.125,4.188]
boxes accepted: 246646, failures: 0, time 9036.9 s
  certified min lower bound of L1: 0.0700591 on box (63.9375, 64.0, 4.9375, 5.0, 0.0, 0.006756756756756757)
  certified min lower bound of L2: 0.0687595 on box (63.9375, 64.0, 4.9375, 5.0, 0.0, 0.006756756756756757)
  certified min lower bound of L3: 1.55736e-09 on box (34.625, 34.75, 9.0, 9.25, 0.02027027027027027, 0.02702702702702703)
RESULT: REGION VERIFIED
