region form=nu2 a=[3,16] d=[3,16] eps=[0,1/37]
  progress: 5000 boxes accepted, stack 656, 133 s, last box a=[15.56,15.62] d=[4.25,4.312]
  progress: 10000 boxes accepted, stack 655, 257 s, last box a=[15.78,15.81] d=[3.375,3.438]
  progress: 15000 boxes accepted, stack 634, 388 s, last box a=[15.31,15.38] d=[5.5,5.625]
  progress: 20000 boxes accepted, stack 631, 525 s, last box a=[15.41,15.44] d=[3.5,3.562]
  progress: 25000 boxes accepted, stack 631, 643 s, last box a=[15.22,15.25] d=[3.219,3.25]
  progress: 30000 boxes accepted, stack 606, 765 s, last box a=[14.75,14.81] d=[4.25,4.312]
  progress: 35000 boxes accepted, stack 607, 883 s, last box a=[14.97,15] d=[3.188,3.219]
  progress: 40000 boxes accepted, stack 582, 998 s, last box a=[14.12,14.25] d=[6.375,6.5]
  progress: 45000 boxes accepted, stack 577, 1115 s, last box a=[14.38,14.41] d=[3.625,3.688]
  progress: 50000 boxes accepted, stack 577, 1233 s, last box a=[14.34,14.38] d=[3.125,3.156]
  progress: 55000 boxes accepted, stack 552, 1355 s, last box a=[13.88,13.94] d=[4.125,4.188]
  progress: 60000 boxes accepted, stack 554, 1478 s, last box a=[13.91,13.94] d=[3.312,3.375]
  progress: 65000 boxes accepted, stack 531, 1598 s, last box a=[13.06,13.12] d=[5.875,6]
  progress: 70000 boxes accepted, stack 525, 1720 s, last box a=[13.16,13.19] d=[3.625,3.688]
  progress: 75000 boxes accepted, stack 520, 1842 s, last box a=[12.5,13] d=[15,15.5]
  progress: 80000 boxes accepted, stack 503, 1961 s, last box a=[12.75,12.81] d=[3.938,4]
  progress: 85000 boxes accepted, stack 501, 2078 s, last box a=[12.69,12.72] d=[3.375,3.438]
  progress: 90000 boxes accepted, stack 474, 2200 s, last box a=[12,12.06] d=[4.812,4.875]
  progress: 95000 boxes accepted, stack 473, 2320 s, last box a=[12.16,12.19] d=[3,3.031]
  progress: 100000 boxes accepted, stack 452, 2450 s, last box a=[11.94,12] d=[5.25,5.375]
  progress: 105000 boxes accepted, stack 450, 2578 s, last box a=[11.84,11.88] d=[3.156,3.188]
  progress: 110000 boxes accepted, stack 429, 2750 s, last box a=[11.12,11.25] d=[7,7.125]
  progress: 115000 boxes accepted, stack 421, 2888 s, last box a=[11.34,11.38] d=[3.5,3.562]
  progress: 120000 boxes accepted, stack 410, 3016 s, last box a=[10.75,11] d=[11.25,11.5]
  progress: 125000 boxes accepted, stack 397, 3144 s, last box a=[10.66,10.69] d=[3.562,3.625]
  progress: 130000 boxes accepted, stack 394, 3277 s, last box a=[10.5,10.53] d=[3.375,3.438]
  progress: 135000 boxes accepted, stack 372, 3405 s, last box a=[10.28,10.31] d=[3.688,3.75]
  progress: 140000 boxes accepted, stack 367, 3539 s, last box a=[10.12,10.16] d=[3,3.031]
  progress: 145000 boxes accepted, stack 346, 3669 s, last box a=[9.812,9.844] d=[3.812,3.875]
  progress: 150000 boxes accepted, stack 342, 3796 s, last box a=[9.531,9.562] d=[3.25,3.312]
  progress: 155000 boxes accepted, stack 321, 3920 s, last box a=[9.375,9.438] d=[3.938,4]
  progress: 160000 boxes accepted, stack 318, 4047 s, last box a=[9.375,9.406] d=[3.219,3.25]
  progress: 165000 boxes accepted, stack 294, 4171 s, last box a=[8.812,8.844] d=[3.75,3.812]
  progress: 170000 boxes accepted, stack 291, 4300 s, last box a=[8.531,8.562] d=[3.156,3.188]
  progress: 175000 boxes accepted, stack 267, 4440 s, last box a=[8.125,8.188] d=[3.75,3.812]
  progress: 180000 boxes accepted, stack 264, 4581 s, last box a=[8.219,8.25] d=[3.062,3.094]
  progress: 185000 boxes accepted, stack 240, 4732 s, last box a=[7.938,7.969] d=[3.5,3.562]
  progress: 190000 boxes accepted, stack 223, 4858 s, last box a=[7.375,7.5] d=[7.75,8]
  progress: 195000 boxes accepted, stack 214, 5001 s, last box a=[7.375,7.406] d=[3,3.031]
  progress: 200000 boxes accepted, stack 190, 5165 s, last box a=[6.688,6.75] d=[5.625,5.75]
  progress: 205000 boxes accepted, stack 188, 5321 s, last box a=[6.781,6.812] d=[3.188,3.25]
  progress: 210000 boxes accepted, stack 162, 5442 s, last box a=[6.375,6.438] d=[4.5,4.562]
  progress: 215000 boxes accepted, stack 163, 5575 s, last box a=[6.031,6.062] d=[3.438,3.5]
  progress: 220000 boxes accepted, stack 136, 5701 s, last box a=[5.625,5.688] d=[4.125,4.188]
  progress: 225000 boxes accepted, stack 136, 5825 s, last box a=[5.906,5.938] d=[3.25,3.312]
  progress: 230000 boxes accepted, stack 110, 5958 s, last box a=[5.312,5.344] d=[3.625,3.688]
  progress: 235000 boxes accepted, stack 110, 6081 s, last box a=[5.188,5.219] d=[3.188,3.25]
  progress: 240000 boxes accepted, stack 85, 6215 s, last box a=[4.844,4.875] d=[3.812,3.875]
  progress: 245000 boxes accepted, stack 68, 6337 s, last box a=[4,4.125] d=[10.5,10.75]
  progress: 250000 boxes accepted, stack 58, 6469 s, last box a=[4.094,4.125] d=[3.75,3.812]
  progress: 255000 boxes accepted, stack 44, 6593 s, last box a=[3.5,3.625] d=[11,11.5]
  progress: 260000 boxes accepted, stack 31, 6751 s, last box a=[3.5,3.531] d=[3.812,3.875]
  progress: 265000 boxes accepted, stack 32, 6891 s, last box a=[3.938,3.969] d=[3.156,3.188]
  progress: 270000 boxes accepted, stack 10, 7071 s, last box a=[3.438,3.5] d=[4.812,4.875]
  progress: 275000 boxes accepted, stack 6, 7220 s, last box a=[3.031,3.062] d=[3.188,3.219]
boxes accepted: 279637, failures: 0, time 7374.7 s
  certified min lower bound of L1: 0.0934447 on box (15.9375, 16.0, 5.375, 5.5, 0.0, 0.0016891891891891893)
  certified min lower bound of L2: 0.0803587 on box (15.5, 16.0, 15.5, 16.0, 0.02364864864864865, 0.02702702702702703)
  certified min lower bound of L3: 9.73541e-08 on box (8.0625, 8.09375, 3.1875, 3.25, 0.0059121621621621625, 0.006756756756756757)
RESULT: REGION VERIFIED
