stationary tail (eps-jets): a >= 64, d in [0, 64], m_a in [0, 1/64] (2 slices), eps in [0, 1/37] (4 slabs)
  progress: 5000 boxes, stack 85, 53 s
  progress: 10000 boxes, stack 52, 78 s
FAIL m=[0.0,0.0078125] eps=[0.0,5.154996304898649e-08] d=[63.984375,64.0] lows=None
FAIL m=[0.0,0.0078125] eps=[0.0,5.154996304898649e-08] d=[63.96875,63.984375] lows=None
  progress: 15000 boxes, stack 24, 104 s
FAIL m=[0.0,0.0078125] eps=[0.0,5.154996304898649e-08] d=[63.953125,63.96875] lows=None
FAIL m=[0.0,0.0078125] eps=[0.0,5.154996304898649e-08] d=[63.9375,63.953125] lows=None
FAIL m=[0.0,0.0078125] eps=[0.0,5.154996304898649e-08] d=[63.921875,63.9375] lows=None
FAIL m=[0.0,0.0078125] eps=[0.0,5.154996304898649e-08] d=[63.90625,63.921875] lows=None
FAIL m=[0.0,0.0078125] eps=[0.0,5.154996304898649e-08] d=[63.890625,63.90625] lows=None
FAIL m=[0.0,0.0078125] eps=[0.0,5.154996304898649e-08] d=[63.875,63.890625] lows=None
FAIL m=[0.0,0.0078125] eps=[0.0,5.154996304898649e-08] d=[63.859375,63.875] lows=None
FAIL m=[0.0,0.0078125] eps=[0.0,5.154996304898649e-08] d=[63.84375,63.859375] lows=None
FAIL m=[0.0,0.0078125] eps=[0.0,5.154996304898649e-08] d=[63.828125,63.84375] lows=None
boxes accepted: 15590, failures: 11, time 107.1 s
  certified min lower bound of L1: 0.0490141 on (m0, m1, e0, e1, d0, d1) = (0.0, 0.0078125, 0.02364864864864865, 0.02702702702702703, 40.0, 42.0)
  certified min lower bound of L2: 0.0258654 on (m0, m1, e0, e1, d0, d1) = (0.0, 0.0078125, 0.0008445945945945946, 0.0016891891891891893, 63.984375, 64.0)
  certified min lower bound of L3: 1.18533e-08 on (m0, m1, e0, e1, d0, d1) = (0.0078125, 0.015625, 0.006756756756756757, 0.008445945945945946, 3.640625, 3.6484375)
RESULT: FAILED
