x=0.1 (n,m)=(3,3): p=0.0053913  L(1e-30)=0.001627387842  L(1e-20)=0.001641643259  p/L=3.312855  pinched=0.002331  tr A^nB^m=0.008016
x=0.1 (n,m)=(5,5): p=0.0001330410167  L(1e-30)=2.251568228e-5  L(1e-20)=2.284535861e-5  p/L=5.9088157  pinched=2.61051e-5  tr A^nB^m=0.0003200256
x=0.1 (n,m)=(6,6): p=2.334538222e-5  L(1e-30)=2.648391187e-6  L(1e-20)=2.694992591e-6  p/L=8.8149297  pinched=2.771561e-6  tr A^nB^m=6.4001024e-5
x=0.1 (n,m)=(5,7): p=5.403597497e-5  L(1e-30)=2.690973601e-6  L(1e-20)=2.761807679e-6  p/L=20.080455  pinched=4.97179275e-6  tr A^nB^m=0.000166401024
   doubling x=0.1 (n,m)=(1,1): p_2n,2m(A,B)=0.03496666667  p_n,m(A^2,B^2)=0.0404  ratio=0.86551155
   doubling x=0.1 (n,m)=(2,2): p_2n,2m(A,B)=0.0008309808571  p_n,m(A^2,B^2)=0.00134448  ratio=0.61806859
   doubling x=0.1 (n,m)=(3,3): p_2n,2m(A,B)=2.334538222e-5  p_n,m(A^2,B^2)=4.05457472e-5  ratio=0.57577881
   doubling x=0.1 (n,m)=(5,5): p_2n,2m(A,B)=1.172663626e-7  p_n,m(A^2,B^2)=4.334709751e-8  ratio=2.7052875
x=0.01 (n,m)=(3,3): p=5.0335473e-6  L(1e-30)=1.773527074e-7  L(1e-20)=1.87389948e-7  p/L=28.381564  pinched=2.030301e-6  tr A^nB^m=8.000016e-6
x=0.01 (n,m)=(5,5): p=1.538942805e-9  L(1e-30)=5.598388562e-12  L(1e-20)=6.136355112e-12  p/L=274.89032  pinched=2.05101005e-10  tr A^nB^m=3.200000003e-9
x=0.01 (n,m)=(6,6): p=1.654689876e-10  L(1e-30)=3.145398283e-14  L(1e-20)=3.51149926e-14  p/L=5260.6688  pinched=2.061520151e-12  tr A^nB^m=6.4e-11
x=0.01 (n,m)=(5,7): p=5.949305264e-10  L(1e-30)=3.479023615e-14  L(1e-20)=4.122508366e-14  p/L=17100.503  pinched=2.68133838e-11  tr A^nB^m=1.60064e-9
   doubling x=0.01 (n,m)=(1,1): p_2n,2m(A,B)=0.0003346966667  p_n,m(A^2,B^2)=0.00040004  ratio=0.836658
   doubling x=0.01 (n,m)=(2,2): p_2n,2m(A,B)=7.555502569e-8  p_n,m(A^2,B^2)=1.333440048e-7  ratio=0.56661734
   doubling x=0.01 (n,m)=(3,3): p_2n,2m(A,B)=1.654689876e-10  p_n,m(A^2,B^2)=4.000528173e-11  ratio=4.1361785
   doubling x=0.01 (n,m)=(5,5): p_2n,2m(A,B)=1.350246726e-12  p_n,m(A^2,B^2)=6.710434318e-17  ratio=20121.6
x=0.001 (n,m)=(3,3): p=5.003305407e-9  L(1e-30)=2.089536944e-11  L(1e-20)=2.424237405e-11  p/L=239.44565  pinched=2.003003001e-9  tr A^nB^m=8.000000016e-9
x=0.001 (n,m)=(5,5): p=5.09815725e-14  L(1e-30)=1.585197663e-18  L(1e-20)=2.030604043e-18  p/L=32161.019  pinched=2.00501001e-15  tr A^nB^m=3.2e-14
x=0.001 (n,m)=(6,6): p=1.318602047e-14  L(1e-30)=4.366164639e-22  L(1e-20)=5.876926996e-22  p/L=30200466.0  pinched=2.00601502e-18  tr A^nB^m=6.4e-17
x=0.001 (n,m)=(5,7): p=1.953557441e-14  L(1e-30)=5.735430494e-22  L(1e-20)=9.227366884e-22  p/L=34061217.0  pinched=2.517562588e-16  tr A^nB^m=1.6000064e-14
   doubling x=0.001 (n,m)=(1,1): p_2n,2m(A,B)=3.334669667e-6  p_n,m(A^2,B^2)=4.000004e-6  ratio=0.83366658
   doubling x=0.001 (n,m)=(2,2): p_2n,2m(A,B)=7.492583445e-12  p_n,m(A^2,B^2)=1.3333344e-11  ratio=0.56194331
   doubling x=0.001 (n,m)=(3,3): p_2n,2m(A,B)=1.318602047e-14  p_n,m(A^2,B^2)=4.00000528e-17  ratio=329.65008
   doubling x=0.001 (n,m)=(5,5): p_2n,2m(A,B)=1.106598987e-16  p_n,m(A^2,B^2)=6.352817786e-25  ratio=1.7419026e+8
