$ python oqp40_aux.py pinch2 3 3 3 192 1200 3
pinch2 d=3 (n,m)=(3,3): min log-ratio -1.3790e+00
  H1 = tensor([[-0.606497+0.000000j, -0.983113-0.324496j,  3.054479+2.178635j],
        [-0.983113+0.324496j,  2.336472+0.000000j,  1.104905+0.222671j],
        [ 3.054479-2.178635j,  1.104905-0.222671j, -1.729975+0.000000j]], dtype=torch.complex128) 
  H2 = tensor([[-0.246297+0.000000j,  1.755517+1.772709j, -1.176849-0.573657j],
        [ 1.755517-1.772709j, -0.913643+0.000000j,  1.409715-0.559315j],
        [-1.176849+0.573657j,  1.409715+0.559315j,  1.159939+0.000000j]], dtype=torch.complex128)
$ python oqp40_aux.py pinch2 4 2 3 192 1200 3
pinch2 d=4 (n,m)=(2,3): min log-ratio -1.0879e+00
  H1 = tensor([[-0.496033+0.000000j,  0.870570-2.968926j, -0.061838+0.152659j, -0.070342+1.439957j],
        [ 0.870570+2.968926j,  0.449059+0.000000j,  0.551836+0.683954j,  0.352344-0.319876j],
        [-0.061838-0.152659j,  0.551836-0.683954j,  0.411695+0.000000j,  1.738646-2.303040j],
        [-0.070342-1.439957j,  0.352344+0.319876j,  1.738646+2.303040j, -0.364721+0.000000j]], dtype=torch.complex128) 
  H2 = tensor([[ 0.202196+0.000000e+00j, -0.275801+6.998971e-01j, -0.592667+1.430239e-01j, -0.150275+2.794498e-01j],
        [-0.275801-6.998971e-01j, -0.539067+0.000000e+00j, -0.509509-7.657775e-01j, -0.578967-5.731642e-05j],
        [-0.592667-1.430239e-01j, -0.509509+7.657775e-01j, -0.004399+0.000000e+00j, -0.243213+3.539656e-01j],
        [-0.150275-2.794498e-01j, -0.578967+5.731642e-05j, -0.243213-3.539656e-01j,  0.341270+0.000000e+00j]], dtype=torch.complex128)
$ python oqp40_aux.py alt 2 3 3 192 1200 3
alt d=2 (n,m)=(3,3): min log-ratio -7.1054e-15
$ python oqp40_aux.py alt 3 3 3 192 1200 3
alt d=3 (n,m)=(3,3): min log-ratio -7.1054e-15
$ python oqp40_aux.py alt 3 4 4 192 1200 3
alt d=3 (n,m)=(4,4): min log-ratio -1.4211e-14
$ python oqp40_aux.py frac 2 3 4 192 1500 5
frac d=2 (n,m)=(3,4): min log-ratio -7.1054e-15
$ python oqp40_aux.py frac 3 3 4 192 1500 5
frac d=3 (n,m)=(3,4): min log-ratio -1.4211e-14
$ python oqp40_aux.py frac 3 2 5 192 1500 5
frac d=3 (n,m)=(2,5): min log-ratio -1.4211e-14
$ python oqp40_aux.py frac 3 5 3 192 1500 5
frac d=3 (n,m)=(5,3): min log-ratio -1.4211e-14
$ python oqp40_aux.py frac 4 3 5 192 1500 5
frac d=4 (n,m)=(3,5): min log-ratio -2.1316e-14
$ python oqp40_aux.py frac 3 4 6 192 1500 5
frac d=3 (n,m)=(4,6): min log-ratio -1.5987e-14
$ python oqp40_aux.py frac 4 3 3 192 1500 5
frac d=4 (n,m)=(3,3): min log-ratio -1.4211e-14
