[C0] E_{A_x}(B_x) in the eigenbasis (v3, v2, e1) of A_x: ['1/2*x + 1/2', '1/2*x + 1/2', 'x']
[C1] Tr(A^5B^5) = 256*x^10 + 32*x^5;  == 32x^5+256x^10: True
     A_55(A_x,B_x) == Dinh (4.7) / Cha-Lee R(x): True
     Tr(A^5 E^5) == x^5(1+(1+x)^5) (Dinh 4.3): True
     gap_55(x) = 1585/42*x^10 + 2650/63*x^9 + 1205/42*x^8 + 935/63*x^7 + 1045/126*x^6 + 65/7*x^5 + 5/126*x^4
     L-R (Cha-Lee) = 9125/42*x^10 + (-2965/63)*x^9 + (-1625/42)*x^8 + (-1565/63)*x^7 + (-1675/126)*x^6 + 145/7*x^5 + (-5/126)*x^4
[C2] x=1e-3: A_55 = 5.0981572499e-14, Tr(A^5E^5) = 2.0050100100e-15, Tr(A^5B^5) = 3.2000000000e-14, gap = 4.8976562489e-14 (>0: True), A_55/Tr(A^5B^5) = 1.593174e+00
[C2] x=1e-6: A_55 = 3.9693825410e-26, Tr(A^5E^5) = 2.0000050000e-30, Tr(A^5B^5) = 3.2000000000e-29, gap = 3.9691825405e-26 (>0: True), A_55/Tr(A^5B^5) = 1.240432e+03
[C2] x=1e-9: A_55 = 3.9682550968e-38, Tr(A^5E^5) = 2.0000000050e-45, Tr(A^5B^5) = 3.2000000000e-44, gap = 3.9682548968e-38 (>0: True), A_55/Tr(A^5B^5) = 1.240080e+06
[C2] x=1e-12: A_55 = 3.9682539694e-50, Tr(A^5E^5) = 2.0000000000e-60, Tr(A^5B^5) = 3.2000000000e-59, gap = 3.9682539692e-50 (>0: True), A_55/Tr(A^5B^5) = 1.240079e+09
[C2] x=1e-15: A_55 = 3.9682539683e-62, Tr(A^5E^5) = 2.0000000000e-75, Tr(A^5B^5) = 3.2000000000e-74, gap = 3.9682539683e-62 (>0: True), A_55/Tr(A^5B^5) = 1.240079e+12
[C3] w_jk (pairs of eigenvalues 0,2x,1): (0, 1): 1/4*x^2 + (-1/2)*x + 1/4, (0, 2): 1/2*x^2, (1, 2): 1/2*x^2
[C3] gap_(n,m)(x) for 0<=n,m<=12 (169 polynomials): problems = 0  (problem = zero polynomial for m>=2, a root in (0,oo), or negative lowest coefficient)
     D3 on 0<x<1/2: m=2 equality failures 0; upper-bound failures 0
[C4] x = 1/2 (coarser pinching, A has eigenvalue 1 twice): 121 (n,m) with n,m<=10; min gap over m>=2: 2.189252e-03 (>0: True)
     time so far 0.3s
[C5] D1 quadrature at x = 1/1000 (N=32, 72 tau pieces, 82.5s): worst rel. error over 0<=n<=8, 2<=m<=8: 1.657e-24
       (n,m)=(0,2) gap=4.990025000000e-01 quad=0.4990025000000000 rel 1.7e-24
       (n,m)=(1,6) gap=9.685620306246e-04 quad=0.0009685620306245621 rel 1.9e-29
       (n,m)=(3,4) gap=1.702803608011e-09 quad=1.702803608011100e-9 rel 7.4e-30
       (n,m)=(5,5) gap=4.897656248905e-14 quad=4.897656248905004e-14 rel 2.6e-31
       (n,m)=(8,8) gap=1.265791641168e-15 quad=1.265791641167567e-15 rel 2.4e-34
[C5] D1 quadrature at x = 1/1000 (N=48, 72 tau pieces, 196.4s): worst rel. error over 0<=n<=8, 2<=m<=8: 3.966e-26
       (n,m)=(0,2) gap=4.990025000000e-01 quad=0.4990025000000000 rel 4.0e-26
       (n,m)=(1,6) gap=9.685620306246e-04 quad=0.0009685620306245621 rel 7.3e-31
       (n,m)=(3,4) gap=1.702803608011e-09 quad=1.702803608011100e-9 rel 2.4e-31
       (n,m)=(5,5) gap=4.897656248905e-14 quad=4.897656248905004e-14 rel 9.8e-33
       (n,m)=(8,8) gap=1.265791641168e-15 quad=1.265791641167567e-15 rel 6.4e-37
[C5] D1 quadrature at x = 1/1000000 (N=48, 134 tau pieces, 1189.1s): worst rel. error over 0<=n<=8, 2<=m<=8: 3.380e-19
       (n,m)=(0,2) gap=4.999990000025e-01 quad=0.4999990000025000 rel 2.9e-32
       (n,m)=(1,6) gap=9.687498124995e-07 quad=9.687498124995312e-7 rel 2.9e-35
       (n,m)=(3,4) gap=1.700002800004e-18 quad=1.700002800003600e-18 rel 2.6e-26
       (n,m)=(5,5) gap=3.969182540512e-26 quad=3.969182540511906e-26 rel 2.6e-19
       (n,m)=(8,8) gap=1.243223621035e-27 quad=1.243223621034966e-27 rel 2.3e-19
total time 1468.4s
