seed 3: 536 optimisation rounds in 900s
rounds ending with a negative double-precision objective: 64 (all re-checked in 50 digits)
  suspect d3_up sing_A d=2 r=2 (n,m)=(6,3): double -1.588e+00 -> 50-digit 4.7152469e-6 (gap 4.4618145e-15, ||B-E||^2 1.041e-14)
  suspect d3_low generic d=2 r=2 (n,m)=(6,3): double -1.566e+00 -> 50-digit 1.490896e-5 (gap 4.3158834e-15, ||B-E||^2 1.002e-14)
  suspect d3_low sing_A d=2 r=2 (n,m)=(8,4): double -1.233e+00 -> 50-digit 7.1138119e-6 (gap 6.6668141e-15, ||B-E||^2 1.0e-14)
  suspect d3_up sing_A d=2 r=2 (n,m)=(8,4): double -1.158e+00 -> 50-digit 1.1174418e-5 (gap 7.0983572e-15, ||B-E||^2 1.065e-14)
  suspect d3_up sing_A d=2 r=2 (n,m)=(8,4): double -1.123e+00 -> 50-digit 1.1022896e-5 (gap 6.9036318e-15, ||B-E||^2 1.036e-14)
  suspect d3_up generic d=2 r=2 (n,m)=(6,3): double -1.096e+00 -> 50-digit 6.8059827e-6 (gap 4.3962869e-15, ||B-E||^2 1.026e-14)
  suspect d3_up sing_A d=2 r=2 (n,m)=(3,5): double -1.000e+00 -> 50-digit 2.4569505e-5 (gap 2.5586923e-14, ||B-E||^2 1.024e-14)
  suspect d3_low sing_A d=2 r=2 (n,m)=(6,3): double -1.000e+00 -> 50-digit 3.3479175e-6 (gap 4.3897425e-15, ||B-E||^2 1.024e-14)
  suspects still negative in 50 digits: 0; smallest 50-digit objective among suspects: 1.53802e-22
best (smallest) objective values found, re-evaluated in 50-digit arithmetic:
  d3_low   exact_deg d=3 r=3 (n,m)=(1,7): double  2.603e-04  50-digit  0.000260584  gap 6.12235e-8  ||B-E||^2 5.908e-9  l_min(B) 0.997  min gap of A-spectrum 0.0e+00
  d3_low   generic   d=2 r=2 (n,m)=(6,3): double -1.566e+00  50-digit    1.4909e-5  gap 4.31588e-15  ||B-E||^2 1.002e-14  l_min(B) 1.0  min gap of A-spectrum 9.9e-01
  d3_low   near_deg  d=3 r=3 (n,m)=(5,5): double  1.488e-04  50-digit  0.000148966  gap 4.20462e-8  ||B-E||^2 4.421e-9  l_min(B) 0.985  min gap of A-spectrum 1.0e-03
  d3_low   sing_A    d=2 r=2 (n,m)=(8,4): double -1.233e+00  50-digit   7.11381e-6  gap 6.66681e-15  ||B-E||^2 1.0e-14  l_min(B) 1.0  min gap of A-spectrum 1.0e+00
  d3_up    exact_deg d=3 r=3 (n,m)=(1,3): double  1.993e-04  50-digit  0.000199338  gap 1.32153e-7  ||B-E||^2 8.812e-8  l_min(B) 0.0152  min gap of A-spectrum 0.0e+00
  d3_up    generic   d=2 r=2 (n,m)=(6,3): double -1.096e+00  50-digit   6.80598e-6  gap 4.39629e-15  ||B-E||^2 1.026e-14  l_min(B) 1.0  min gap of A-spectrum 1.0e+00
  d3_up    lowrank_B d=2 r=1 (n,m)=(8,4): double -5.682e-01  50-digit     0.181818  gap 5.50291e-15  ||B-E||^2 1.009e-14  l_min(B) -2.01e-53  min gap of A-spectrum 1.0e+00
  d3_up    near_deg  d=3 r=3 (n,m)=(8,4): double  2.498e-04  50-digit  0.000249893  gap 1.15621e-7  ||B-E||^2 1.928e-8  l_min(B) 0.269  min gap of A-spectrum 3.8e-10
  d3_up    sing_A    d=2 r=2 (n,m)=(6,3): double -1.588e+00  50-digit   4.71525e-6  gap 4.46181e-15  ||B-E||^2 1.041e-14  l_min(B) 1.0  min gap of A-spectrum 1.0e+00
  gap_norm exact_deg d=4 r=4 (n,m)=(3,3): double  3.551e-07  50-digit   3.55056e-7  gap 1.43958e-7  ||B-E||^2 0.4055  l_min(B) 0.00621  min gap of A-spectrum 0.0e+00
  gap_norm generic   d=3 r=3 (n,m)=(2,3): double  1.055e-11  50-digit  1.05511e-11  gap 4.20239e-12  ||B-E||^2 0.3983  l_min(B) 0.0732  min gap of A-spectrum 3.7e-11
  gap_norm lowrank_B d=2 r=1 (n,m)=(8,4): double -2.098e-03  50-digit    0.0126117  gap 1.44633e-16  ||B-E||^2 1.147e-14  l_min(B) 6.31e-52  min gap of A-spectrum 9.9e-01
  gap_norm near_deg  d=3 r=3 (n,m)=(3,3): double  7.591e-16  50-digit  8.12116e-16  gap 3.13189e-16  ||B-E||^2 0.3856  l_min(B) 0.0757  min gap of A-spectrum 7.1e-09
  gap_norm sing_A    d=3 r=3 (n,m)=(6,3): double -7.021e-19  50-digit  6.05457e-19  gap 2.92178e-19  ||B-E||^2 0.4826  l_min(B) 0.0044  min gap of A-spectrum 4.6e-07
