n = 36: 6 flagged points at 60 digits
  s = 4.4140476, t = 7040.506
    dps 60: F 4.152e-5, F_s -4.835e-15, -F_t -9.666e-15, -F_st 6.089e-22
    dps 150: F 5.091e-19, F_s 7.083e-19, -F_t 4.338e-22, -F_st 6.035e-22
    dps 300: F 5.091e-19, F_s 7.083e-19, -F_t 4.338e-22, -F_st 6.035e-22
  s = 1.7190492, t = 953.08538
    dps 60: F -1.553e-13, F_s 8.315e-16, -F_t 1.36e-18, -F_st 5.233e-18
    dps 150: F 2.161e-16, F_s 8.315e-16, -F_t 1.36e-18, -F_st 5.233e-18
    dps 300: F 2.161e-16, F_s 8.315e-16, -F_t 1.36e-18, -F_st 5.233e-18
  s = 2.146916, t = 6580.347
    dps 60: F 0.0, F_s -7.367e-10, -F_t 7.367e-10, -F_st -6.859e-19
    dps 150: F 8.476e-21, F_s 2.53e-20, -F_t 7.728e-24, -F_st 2.307e-23
    dps 300: F 8.476e-21, F_s 2.53e-20, -F_t 7.728e-24, -F_st 2.307e-23
  s = 4.0344849, t = 9120.2403
    dps 60: F 0.01605, F_s 3.736e-12, -F_t 1.223e-22, -F_st -4.672e-21
    dps 150: F 6.199e-20, F_s 9.463e-20, -F_t 4.078e-23, -F_st 6.225e-23
    dps 300: F 6.199e-20, F_s 9.463e-20, -F_t 4.078e-23, -F_st 6.225e-23
  s = 3.2380235, t = 3155.3856
    dps 60: F 2.22e-9, F_s 1.679e-17, -F_t -4.64e-19, -F_st 3.382e-20
    dps 150: F 9.271e-18, F_s 1.779e-17, -F_t 1.763e-20, -F_st 3.382e-20
    dps 300: F 9.271e-18, F_s 1.779e-17, -F_t 1.763e-20, -F_st 3.382e-20
  s = 10.874909, t = 6901.2041
    dps 60: F -7.186e-13, F_s 7.707e-17, -F_t 1.202e-19, -F_st 6.698e-20
    dps 150: F 1.386e-16, F_s 7.707e-17, -F_t 1.205e-19, -F_st 6.698e-20
    dps 300: F 1.386e-16, F_s 7.707e-17, -F_t 1.205e-19, -F_st 6.698e-20
