near-comm d=3 eps=0.3: column rho* m=2: 1.006192, m=3: 1.014037, m=4: 1.024736, m=5: 1.037676
near-comm d=3 eps=0.1: column rho* m=2: 1.005627, m=3: 1.008621, m=4: 1.010804, m=5: 1.012387
near-comm d=3 eps=0.03: column rho* m=2: 1.000340, m=3: 1.000550, m=4: 1.000655, m=5: 1.000726
near-comm d=4 eps=0.3: column rho* m=2: 1.102160, m=3: 1.139078, m=4: 1.163225, m=5: 1.179879
near-comm d=4 eps=0.1: column rho* m=2: 1.003313, m=3: 1.003952, m=4: 1.004288, m=5: 1.004491
near-comm d=4 eps=0.03: column rho* m=2: 1.000022, m=3: 1.000050, m=4: 1.000084, m=5: 1.000122
Cha-Lee x=0.3 delta=0.01: column rho* m=2: 1.137168, m=3: 1.043989, m=4: 1.033640, m=5: 1.013855
Cha-Lee x=0.3 delta=0.01 swapped: column rho* m=2: 1.137168, m=3: 1.043122, m=4: 1.033640, m=5: 1.013855
tf_ratio_sdp.py:47: UserWarning: Solution may be inaccurate. Try another solver, adjusting the solver settings, or solve with verbose=True for more information.
  prob.solve(solver=cp.CLARABEL)
Cha-Lee x=0.1 delta=0.01: column rho* m=2: 1.451082, m=3: 1.345802, m=4: 1.466172, m=5: 1.685284
Cha-Lee x=0.1 delta=0.01 swapped: column rho* m=2: 1.451082, m=3: 1.347260, m=4: 1.465964, m=5: 1.691672
Cha-Lee x=0.1 delta=0.001: column rho* m=2: 1.396226, m=3: 1.288311, m=4: 1.520767, m=5: 1.664908
Cha-Lee x=0.1 delta=0.001 swapped: column rho* m=2: 1.396226, m=3: 1.288712, m=4: 1.520680, m=5: 1.665858
random d=3 sp=1: column rho* m=2: 0.993322, m=3: 1.000519, m=4: 1.005945, m=5: 1.010084
random d=3 sp=2: column rho* m=2: 1.121412, m=3: 1.159599, m=4: 1.184661, m=5: 1.202206
random d=4 sp=1: column rho* m=2: 1.091841, m=3: 1.148281, m=4: 1.183257, m=5: 1.204262
random d=4 sp=2: column rho* m=2: 1.415051, m=3: 1.430071, m=4: 1.425037, m=5: 1.414946
random d=5 sp=1: column rho* m=2: 1.038140, m=3: 1.075697, m=4: 1.107472, m=5: 1.130524
random d=5 sp=2: column rho* m=2: 1.567855, m=3: 1.721569, m=4: 1.841022, m=5: 1.939905
random d=6 sp=1: column rho* m=2: 1.140356, m=3: 1.193681, m=4: 1.230644, m=5: 1.258319
random d=6 sp=2: column rho* m=2: 1.138257, m=3: 1.223252, m=4: 1.302950, m=5: 1.380369
WORST: {2: (np.float64(0.9933222387158622), 'random d=3 sp=1'), 3: (np.float64(1.000050108209722), 'near-comm d=4 eps=0.03'), 4: (np.float64(1.000084467776737), 'near-comm d=4 eps=0.03'), 5: (np.float64(1.0001218447671105), 'near-comm d=4 eps=0.03')}
