--- I: numerator = 80*p**5 - 15*p**4*q + 2*p**3*q**2 - 720*p**3 + 4*p**2*q**3 + 240*p**2*q + 6*p*q**4 + 1600*p + 3*q**5 - 800*q
   in v (q = p + v), coefficients (as polynomials in p):
     v^5: 3
     v^4: 21*p
     v^3: 58*p**2
     v^2: 80*p**3
     v^1: 40*(p**4 + 6*p**2 - 20)
     v^0: 80*p*(p**4 - 6*p**2 + 10)
--- II: numerator = 80*p**6 - 15*p**5*q + 2*p**4*q**2 - 1120*p**4 + 4*p**3*q**3 + 280*p**3*q + 6*p**2*q**4 + 160*p**2*q**2 + 5200*p**2 + 3*p*q**5 + 40*p*q**3 - 800*p*q - 400*q**2 - 8000
   in v (q = p + v), coefficients (as polynomials in p):
     v^5: 3*p
     v^4: 21*p**2
     v^3: 2*p*(29*p**2 + 20)
     v^2: 40*(2*p**4 + 7*p**2 - 10)
     v^1: 40*p*(p**2 - 2)*(p**2 + 20)
     v^0: 80*(p**6 - 8*p**4 + 50*p**2 - 100)
--- III: numerator = 80*p**8 + 160*p**7*q - 192*p**6*q**2 - 1120*p**6 + 11*p**5*q**3 - 2240*p**5*q - 10*p**4*q**4 + 2640*p**4*q**2 + 5200*p**4 + 4*p**3*q**5 - 40*p**3*q**3 + 10400*p**3*q + 18*p**2*q**6 + 80*p**2*q**4 - 11600*p**2*q**2 - 8000*p**2 + 9*p*q**7 + 40*p*q**5 - 16000*p*q + 16000*q**2
   in v (q = p + v), coefficients (as polynomials in p):
     v^7: 9*p
     v^6: 81*p**2
     v^5: p*(301*p**2 + 40)
     v^4: 35*p**2*(17*p**2 + 8)
     v^3: 2*p**3*(343*p**2 + 340)
     v^2: 40*(7*p**6 + 85*p**4 - 290*p**2 + 400)
     v^1: -40*p*(p**6 - 86*p**4 + 320*p**2 - 400)
     v^0: 80*p**2*(p**6 - 8*p**4 + 50*p**2 - 100)
