sx_nu     n=100 a=1.81250 d=264.00000: theirs L3=0.0357609588123 ref L3=0.0357609588123  max rel.dev(L1..L3) 8.38e-48
mixed3    n=1000 a=14.81250 d=3.21875: theirs L3=0.00931741149187 ref L3=0.00931741149187  max rel.dev(L1..L3) 8.02e-46
sx_nu     n=1000 a=2.53125 d=318.25000: theirs L3=0.0269287297952 ref L3=0.0269287297952  max rel.dev(L1..L3) 4.54e-48
nu2       n=41 a=31.57812 d=158.31250: theirs L3=0.00475083127276 ref L3=0.00475083127276  max rel.dev(L1..L3) 6.16e-48
nu2       n=41 a=37.46875 d=417.50000: theirs L3=0.00509479844935 ref L3=0.00509479844935  max rel.dev(L1..L3) 8.4e-48
nu2       n=None a=41.09375 d=505.87500: theirs L3=0.00580552273530 ref L3=0.0058055227353  max rel.dev(L1..L3) 7.04e-48
sx_nu     n=100 a=2.62500 d=382.25000: theirs L3=0.0246428799542 ref L3=0.0246428799542  max rel.dev(L1..L3) 3.99e-48
mixed3    n=1000 a=42.87500 d=0.06250: theirs L3=0.0116028827653 ref L3=0.0116028827653  max rel.dev(L1..L3) 4.49e-44
nu2       n=1000 a=6.79688 d=21.25000: theirs L3=0.0166533447056 ref L3=0.0166533447056  max rel.dev(L1..L3) 1.66e-43
mixed3    n=41 a=41.37500 d=0.12500: theirs L3=0.0132276327641 ref L3=0.0132276327641  max rel.dev(L1..L3) 2.41e-44
sx_direct n=100 a=1.76562 d=2.37500: theirs L3=0.148744440653 ref L3=0.148744440653  max rel.dev(L1..L3) 9.99e-47
mixed3    n=41 a=43.96875 d=1.18750: theirs L3=0.0105705598157 ref L3=0.0105705598157  max rel.dev(L1..L3) 3.22e-44
nu2       n=100 a=45.39062 d=46.50000: theirs L3=0.00529270697980 ref L3=0.0052927069798  max rel.dev(L1..L3) 2.29e-37
sx_direct n=100 a=1.64062 d=2.21875: theirs L3=0.171162499977 ref L3=0.171162499977  max rel.dev(L1..L3) 3.56e-46
sx_direct n=37 a=1.26562 d=3.04688: theirs L3=0.195492420625 ref L3=0.195492420625  max rel.dev(L1..L3) 2.97e-46
sx_direct n=41 a=0.12500 d=0.28125: theirs L3=20.2301669932 ref L3=20.2301669932  max rel.dev(L1..L3) 3.85e-44
nu2       n=1000 a=28.62500 d=58.18750: theirs L3=0.00683071890567 ref L3=0.00683071890567  max rel.dev(L1..L3) 4.47e-32
sx_nu     n=50 a=0.28125 d=494.50000: theirs L3=0.239908407963 ref L3=0.239908407963  max rel.dev(L1..L3) 6.77e-47
nu2       n=37 a=16.65625 d=110.37500: theirs L3=0.00531216920487 ref L3=0.00531216920487  max rel.dev(L1..L3) 7.28e-48
sx_nu     n=37 a=1.51562 d=366.87500: theirs L3=0.0428911186161 ref L3=0.0428911186161  max rel.dev(L1..L3) 9.35e-48
sx_nu     n=100 a=0.29688 d=293.87500: theirs L3=0.225271642039 ref L3=0.225271642039  max rel.dev(L1..L3) 6.25e-47
mixed3    n=None a=52.81250 d=2.70312: theirs L3=0.00768153681134 ref L3=0.00768153681134  max rel.dev(L1..L3) 8.54e-43
sx_direct n=50 a=0.35938 d=1.25000: theirs L3=1.80475249760 ref L3=1.8047524976  max rel.dev(L1..L3) 4.95e-45
nu2       n=50 a=29.23438 d=391.06250: theirs L3=0.00535626039547 ref L3=0.00535626039547  max rel.dev(L1..L3) 5.55e-48
mixed3    n=37 a=18.76562 d=2.82812: theirs L3=0.00834034836441 ref L3=0.00834034836441  max rel.dev(L1..L3) 6.16e-46
nu2       n=37 a=6.82812 d=241.00000: theirs L3=0.00958598961384 ref L3=0.00958598961384  max rel.dev(L1..L3) 8.36e-48
mixed3    n=100 a=46.64062 d=2.25000: theirs L3=0.00834056812131 ref L3=0.00834056812131  max rel.dev(L1..L3) 6.86e-44
sx_nu     n=41 a=2.04688 d=101.62500: theirs L3=0.0294273544323 ref L3=0.0294273544323  max rel.dev(L1..L3) 4.11e-48
mixed3    n=None a=29.82812 d=2.57812: theirs L3=0.00783486004350 ref L3=0.0078348600435  max rel.dev(L1..L3) 1.82e-45
nu2       n=100 a=28.26562 d=218.37500: theirs L3=0.00545962409085 ref L3=0.00545962409085  max rel.dev(L1..L3) 5.95e-48
nu2       n=41 a=20.26562 d=445.50000: theirs L3=0.00581544345484 ref L3=0.00581544345484  max rel.dev(L1..L3) 6.68e-48
sx_direct n=1000 a=0.09375 d=0.84375: theirs L3=11.6992959558 ref L3=11.6992959558  max rel.dev(L1..L3) 1.05e-44
sx_nu     n=41 a=2.42188 d=332.50000: theirs L3=0.0263986171027 ref L3=0.0263986171027  max rel.dev(L1..L3) 8.23e-48
nu2       n=1000 a=5.68750 d=509.50000: theirs L3=0.0123518351289 ref L3=0.0123518351289  max rel.dev(L1..L3) 5.4e-48
mixed3    n=41 a=31.25000 d=1.04688: theirs L3=0.0103395462683 ref L3=0.0103395462683  max rel.dev(L1..L3) 5.87e-46
sx_direct n=37 a=1.18750 d=1.54688: theirs L3=0.331760590053 ref L3=0.331760590053  max rel.dev(L1..L3) 4.37e-46
nu2       n=37 a=8.76562 d=109.81250: theirs L3=0.00739395654985 ref L3=0.00739395654985  max rel.dev(L1..L3) 3.06e-48
mixed3    n=1000 a=3.98438 d=2.40625: theirs L3=0.0448804841923 ref L3=0.0448804841923  max rel.dev(L1..L3) 1.13e-46
sx_direct n=50 a=2.50000 d=1.82812: theirs L3=0.102174932334 ref L3=0.102174932334  max rel.dev(L1..L3) 9.18e-47
sx_nu     n=41 a=2.31250 d=73.37500: theirs L3=0.0255734766639 ref L3=0.0255734766639  max rel.dev(L1..L3) 1.3e-31
mixed3    n=100 a=43.14062 d=0.62500: theirs L3=0.0111728347200 ref L3=0.01117283472  max rel.dev(L1..L3) 1.32e-44
mixed3    n=50 a=55.32812 d=2.45312: theirs L3=0.00811296542605 ref L3=0.00811296542605  max rel.dev(L1..L3) 1.62e-42
mixed3    n=41 a=13.14062 d=2.96875: theirs L3=0.0101930650819 ref L3=0.0101930650819  max rel.dev(L1..L3) 5.69e-46
mixed3    n=None a=46.95312 d=3.81250: theirs L3=0.00651794050667 ref L3=0.00651794050667  max rel.dev(L1..L3) 1.33e-43
sx_nu     n=100 a=2.42188 d=44.12500: theirs L3=0.0301385577854 ref L3=0.0301385577854  max rel.dev(L1..L3) 1.49e-38
nu2       n=100 a=9.64062 d=58.81250: theirs L3=0.00828235810718 ref L3=0.00828235810718  max rel.dev(L1..L3) 1.47e-34
sx_direct n=37 a=0.96875 d=2.96875: theirs L3=0.276493387405 ref L3=0.276493387405  max rel.dev(L1..L3) 6.93e-46
sx_nu     n=None a=1.03125 d=219.37500: theirs L3=0.0685767645230 ref L3=0.068576764523  max rel.dev(L1..L3) 1.31e-47
sx_nu     n=1000 a=1.18750 d=270.25000: theirs L3=0.0584189133391 ref L3=0.0584189133391  max rel.dev(L1..L3) 1.24e-47
nu2       n=41 a=11.07812 d=119.93750: theirs L3=0.00652915443361 ref L3=0.00652915443361  max rel.dev(L1..L3) 3.18e-48
nu2       n=100 a=20.92188 d=111.68750: theirs L3=0.00584150012009 ref L3=0.00584150012009  max rel.dev(L1..L3) 7.17e-48
nu2       n=41 a=7.42188 d=140.81250: theirs L3=0.00862474464456 ref L3=0.00862474464456  max rel.dev(L1..L3) 4.03e-48
sx_nu     n=100 a=1.00000 d=34.87500: theirs L3=0.0802577865123 ref L3=0.0802577865123  max rel.dev(L1..L3) 1.09e-40
mixed3    n=37 a=21.03125 d=1.48438: theirs L3=0.00936736837937 ref L3=0.00936736837937  max rel.dev(L1..L3) 1.36e-46
mixed3    n=1000 a=8.89062 d=1.45312: theirs L3=0.0135005906285 ref L3=0.0135005906285  max rel.dev(L1..L3) 8.9e-47
sx_nu     n=41 a=1.32812 d=340.25000: theirs L3=0.0489506904047 ref L3=0.0489506904047  max rel.dev(L1..L3) 3.34e-48
mixed3    n=None a=40.75000 d=0.14062: theirs L3=0.0112140019242 ref L3=0.0112140019242  max rel.dev(L1..L3) 2.07e-44
sx_nu     n=37 a=1.43750 d=362.87500: theirs L3=0.0452626628507 ref L3=0.0452626628507  max rel.dev(L1..L3) 1.25e-47
nu2       n=50 a=4.35938 d=309.31250: theirs L3=0.0146310774820 ref L3=0.014631077482  max rel.dev(L1..L3) 3.97e-48
nu2       n=None a=33.85938 d=37.43750: theirs L3=0.00800523282225 ref L3=0.00800523282225  max rel.dev(L1..L3) 3.08e-36
worst relative deviation per form: {'sx_nu': '1.3e-31', 'mixed3': '1.62e-42', 'nu2': '4.47e-32', 'sx_direct': '3.85e-44'}
