independent strip verifier (own a-Taylor models): nu form, a in [0,3] (24 strips), b in [x1 + 15/4, 8], geometric b-cells 1/64; all eps in [0, 1/37]; 2464 initial boxes; box Taylor models before univariate functions: True
  progress: 563 boxes, 389 splits, stack 2290, 120 s, box a=[0.125,0.1562] b=[4.1172,4.1367] e=[0.01098,0.01182]
  progress: 1172 boxes, 985 splits, stack 2277, 240 s, box a=[0.1562,0.1875] b=[4.3125,4.3516] e=[0.005912,0.006757]
  progress: 1782 boxes, 1584 splits, stack 2266, 360 s, box a=[0.125,0.1562] b=[4.5469,4.5859] e=[0.01098,0.01182]
  progress: 2390 boxes, 2180 splits, stack 2254, 481 s, box a=[0.125,0.1562] b=[4.7812,4.8203] e=[0.0152,0.01605]
  progress: 2996 boxes, 2770 splits, stack 2238, 601 s, box a=[0.1562,0.1875] b=[5.0625,5.1094] e=[0.01943,0.02027]
  progress: 3599 boxes, 3361 splits, stack 2226, 721 s, box a=[0.2188,0.25] b=[5.2969,5.3438] e=[0.02196,0.02365]
  progress: 4200 boxes, 3951 splits, stack 2215, 841 s, box a=[0.1562,0.1875] b=[5.6719,5.7188] e=[0.003378,0.004223]
  progress: 4806 boxes, 4539 splits, stack 2197, 961 s, box a=[0.1562,0.1875] b=[6.0469,6.1016] e=[0.009291,0.01014]
  progress: 5414 boxes, 5130 splits, stack 2180, 1081 s, box a=[0.125,0.1562] b=[6.4844,6.5938] e=[0.02196,0.0228]
  progress: 6022 boxes, 5713 splits, stack 2155, 1201 s, box a=[0.1562,0.1875] b=[7.1562,7.2812] e=[0.02365,0.02449]
  progress: 6632 boxes, 6295 splits, stack 2127, 1321 s, box a=[0.3125,0.375] b=[4.1641,4.2031] e=[0.008446,0.01014]
  progress: 7244 boxes, 6868 splits, stack 2088, 1441 s, box a=[0.25,0.3125] b=[4.9062,4.9453] e=[0.01182,0.01351]
  progress: 7870 boxes, 7429 splits, stack 2023, 1561 s, box a=[0.25,0.3125] b=[6.4375,6.5469] e=[0.0152,0.01689]
  progress: 8505 boxes, 7992 splits, stack 1951, 1681 s, box a=[0.4375,0.5] b=[4.5625,4.6406] e=[0.008446,0.01014]
  progress: 9168 boxes, 8520 splits, stack 1816, 1801 s, box a=[0.5,0.625] b=[4.4141,4.4531] e=[0,0.003378]
  progress: 9955 boxes, 8954 splits, stack 1463, 1922 s, box a=[0.75,0.875] b=[6.1562,6.2656] e=[0.006757,0.01014]
  progress: 11030 boxes, 9103 splits, stack 537, 2042 s, box a=[1.875,2] b=[6.0312,6.1406] e=[0.01351,0.02027]
boxes accepted: 11569, splits: 9105, failures: 0, time 2094.1 s
  smallest certified lower bound of L2: 0.0574307 on box (a0,a1,b0,b1,e0,e1) = (0.0, 0.125, 4.234375, 4.3125, 0.0, 0.006756756756756757)
  smallest certified lower bound of aL1: 0.961721 on box (a0,a1,b0,b1,e0,e1) = (0.375, 0.4375, 7.921875, 8.0, 0.0, 0.006756756756756757)
  smallest certified lower bound of aL3: 4.12594e-05 on box (a0,a1,b0,b1,e0,e1) = (1.25, 1.375, 5.59375, 5.6875, 0.0, 0.006756756756756757)
RESULT: REGION VERIFIED
